******************************************************************************
                  TI ARM Linker PC v18.12.4                    
******************************************************************************
>> Linked Thu May  7 19:37:14 2020

OUTPUT FILE NAME:   <IMD_0.out>
ENTRY POINT SYMBOL: "_c_int00"  address: 00008038


MEMORY CONFIGURATION

         name            origin    length      used     unused   attr    fill
----------------------  --------  ---------  --------  --------  ----  --------
  VECTORS               00000000   00000020  00000020  00000000     X
  FLASH0                00000020   0013ffe0  0000930c  00136cd4  R  X
  STACKS                08000000   00001500  00000000  00001500  RW  
  RAM                   08001500   0002eb00  0000006a  0002ea96  RW  


SEGMENT ALLOCATION MAP

run origin  load origin   length   init length attrs members
----------  ----------- ---------- ----------- ----- -------
00000000    00000000    00009330   00009330    r-x
  00000000    00000000    00000020   00000020    r-x .intvecs
  00000020    00000020    00008d0c   00008d0c    r-x .text
  00008d2c    00008d2c    000005c8   000005c8    r-- .const
  000092f8    000092f8    00000038   00000038    r-- .cinit
08001500    08001500    0000006a   00000000    rw-
  08001500    08001500    00000048   00000000    rw- .bss
  08001548    08001548    00000022   00000000    rw- .data


SECTION ALLOCATION MAP

 output                                  attributes/
section   page    origin      length       input sections
--------  ----  ----------  ----------   ----------------
.intvecs   0    00000000    00000020     
                  00000000    00000020     sys_intvecs.obj (.intvecs)

.text      0    00000020    00008d0c     
                  00000020    00002cdc     sys_selftest.obj (.text)
                  00002cfc    00000b64     system.obj (.text)
                  00003860    00000a58     sys_vim.obj (.text)
                  000042b8    000008f4     het.obj (.text)
                  00004bac    000008bc     pinmux.obj (.text)
                  00005468    000007b8     sci.obj (.text)
                  00005c20    00000724     sys_main.obj (.text)
                  00006344    00000664     errata_SSWF021_45.obj (.text)
                  000069a8    00000638     rti.obj (.text)
                  00006fe0    000005bc     esm.obj (.text)
                  0000759c    00000484     gio.obj (.text)
                  00007a20    0000034c     sys_core.obj (.text)
                  00007d6c    000002cc     sys_vim.obj (.text:retain)
                  00008038    00000294     sys_startup.obj (.text:retain)
                  000082cc    00000204     sci.obj (.text:retain)
                  000084d0    00000114     esm.obj (.text:retain)
                  000085e4    000000e8     dabort.obj (.text)
                  000086cc    000000e4     notification.obj (.text)
                  000087b0    000000e0     rtsv7R4_T_be_v3D16_eabi.lib : s_floor.c.obj (.text:floor)
                  00008890    000000e0     sys_pmu.obj (.text)
                  00008970    000000b0     het.obj (.text:retain)
                  00008a20    0000009c     rtsv7R4_T_be_v3D16_eabi.lib : memcpy_t2.asm.obj (.text)
                  00008abc    00000098     gio.obj (.text:retain)
                  00008b54    0000006c     rtsv7R4_T_be_v3D16_eabi.lib : copy_decompress_lzss.c.obj (.text:decompress:lzss:__TI_decompress_lzss)
                  00008bc0    00000054                                 : ltoa.c.obj (.text:ltoa)
                  00008c14    00000050                                 : u_div32.asm.obj (.text)
                  00008c64    0000004c     rti.obj (.text:retain)
                  00008cb0    00000044     rtsv7R4_T_be_v3D16_eabi.lib : autoinit.c.obj (.text:__TI_auto_init_nobinit_nopinit:__TI_auto_init_nobinit_nopinit)
                  00008cf4    0000001c                                 : copy_zero_init.c.obj (.text:decompress:ZI:__TI_zero_init_nomemset:__TI_zero_init_nomemset)
                  00008d10    0000000e                                 : copy_decompress_none.c.obj (.text:decompress:none:__TI_decompress_none)
                  00008d1e    00000004                                 : exit.c.obj (.text:abort:abort)
                  00008d22    00000002                                 : div0.asm.obj (.text)
                  00008d24    00000004     sys_phantom.obj (.text:retain)
                  00008d28    00000004     sys_startup.obj (.text)

.const     0    00008d2c    000005c8     
                  00008d2c    000003a0     het.obj (.const:het1PROGRAM)
                  000090cc    00000200     sys_vim.obj (.const:s_vim_init)
                  000092cc    00000020     het.obj (.const:s_het1pwmPolarity)
                  000092ec    00000008     sys_main.obj (.const)

.cinit     0    000092f8    00000038     
                  000092f8    0000000f     (.cinit..data.load) [load image, compression = lzss]
                  00009307    00000001     --HOLE-- [fill = 0]
                  00009308    0000000c     (__TI_handler_table)
                  00009314    00000004     --HOLE-- [fill = 0]
                  00009318    00000008     (.cinit..bss.load) [load image, compression = zero_init]
                  00009320    00000010     (__TI_cinit_table)

.bss       0    08001500    00000048     UNINITIALIZED
                  08001500    00000028     sci.obj (.bss:g_sciTransfer_t)
                  08001528    00000008     (.common:duty_data)
                  08001530    00000008     (.common:freq_data)
                  08001538    00000004     (.common:NumberofCharsDuty)
                  0800153c    00000004     (.common:NumberofCharsFreq)
                  08001540    00000004     (.common:duty_value)
                  08001544    00000004     (.common:freq_value)

.data      0    08001548    00000022     UNINITIALIZED
                  08001548    00000020     sys_main.obj (.data)
                  08001568    00000002     sys_main.obj (.data:IMDData)

MODULE SUMMARY

       Module                       code    ro data   rw data
       ------                       ----    -------   -------
    .\source\
       sys_selftest.obj             11484   0         0      
       sys_vim.obj                  3364    512       0      
       het.obj                      2468    960       0      
       system.obj                   2916    0         0      
       sci.obj                      2492    0         40     
       pinmux.obj                   2236    0         0      
       sys_main.obj                 1828    8         66     
       esm.obj                      1744    0         0      
       rti.obj                      1668    0         0      
       errata_SSWF021_45.obj        1636    0         0      
       gio.obj                      1308    0         0      
       sys_core.obj                 844     0         0      
       sys_startup.obj              664     0         0      
       dabort.obj                   232     0         0      
       notification.obj             228     0         0      
       sys_pmu.obj                  224     0         0      
       sys_intvecs.obj              32      0         0      
       sys_phantom.obj              4       0         0      
    +--+----------------------------+-------+---------+---------+
       Total:                       35372   1480      106    
                                                             
    C:/ti/ccs930/ccs/tools/compiler/ti-cgt-arm_18.12.4.LTS/lib/rtsv7R4_T_be_v3D16_eabi.lib
       s_floor.c.obj                224     0         0      
       memcpy_t2.asm.obj            156     0         0      
       copy_decompress_lzss.c.obj   108     0         0      
       ltoa.c.obj                   84      0         0      
       u_div32.asm.obj              80      0         0      
       autoinit.c.obj               68      0         0      
       copy_zero_init.c.obj         28      0         0      
       copy_decompress_none.c.obj   14      0         0      
       exit.c.obj                   4       0         0      
       div0.asm.obj                 2       0         0      
    +--+----------------------------+-------+---------+---------+
       Total:                       768     0         0      
                                                             
       Linker Generated:            0       51        0      
    +--+----------------------------+-------+---------+---------+
       Grand Total:                 36140   1531      106    


LINKER GENERATED COPY TABLES

__TI_cinit_table @ 00009320 records: 2, size/record: 8, table size: 16
	.data: load addr=000092f8, load size=0000000f bytes, run addr=08001548, run size=00000022 bytes, compression=lzss
	.bss: load addr=00009318, load size=00000008 bytes, run addr=08001500, run size=00000048 bytes, compression=zero_init


LINKER GENERATED HANDLER TABLE

__TI_handler_table @ 00009308 records: 3, size/record: 4, table size: 12
	index: 0, handler: __TI_zero_init
	index: 1, handler: __TI_decompress_lzss
	index: 2, handler: __TI_decompress_none


GLOBAL SYMBOLS: SORTED ALPHABETICALLY BY Name 

address   name                                
-------   ----                                
00008d1f  C$$EXIT                             
08001568  IMDData                             
08001564  IMD_resistance                      
00006d14  IsdwdKeySequenceCorrect             
08001538  NumberofCharsDuty                   
0800153c  NumberofCharsFreq                   
UNDEFED   SHT$$INIT_ARRAY$$Base               
UNDEFED   SHT$$INIT_ARRAY$$Limit              
00009320  __TI_CINIT_Base                     
00009330  __TI_CINIT_Limit                    
00009308  __TI_Handler_Table_Base             
00009314  __TI_Handler_Table_Limit            
00007d64  __TI_PINIT_Base                     
00007d68  __TI_PINIT_Limit                    
00008cb1  __TI_auto_init_nobinit_nopinit      
00008b55  __TI_decompress_lzss                
00008d11  __TI_decompress_none                
ffffffff  __TI_pprof_out_hndl                 
ffffffff  __TI_prof_data_size                 
ffffffff  __TI_prof_data_start                
00000000  __TI_static_base__                  
00008cf5  __TI_zero_init_nomemset             
00008d23  __aeabi_idiv0                       
00008d23  __aeabi_ldiv0                       
00008a21  __aeabi_memcpy                      
00008a21  __aeabi_memcpy4                     
00008a21  __aeabi_memcpy8                     
00008c14  __aeabi_uidiv                       
00008c14  __aeabi_uidivmod                    
ffffffff  __binit__                           
ffffffff  __c_args__                          
00008038  _c_int00                            
00007c7c  _coreClearAuxiliaryDataFault_       
00007c90  _coreClearAuxiliaryInstructionFault_
00007c54  _coreClearDataFaultAddress_         
00007c2c  _coreClearDataFault_                
00007c68  _coreClearInstructionFaultAddress_  
00007c40  _coreClearInstructionFault_         
00007bc0  _coreDisableEventBusExport_         
00007c04  _coreDisableFlashEcc_               
00007be0  _coreDisableRamEcc_                 
00007bb0  _coreEnableEventBusExport_          
00007bf0  _coreEnableFlashEcc_                
00007c14  _coreEnableIrqVicOffset_            
00007bd0  _coreEnableRamEcc_                  
00007b98  _coreEnableVfp_                     
00007c74  _coreGetAuxiliaryDataFault_         
00007c88  _coreGetAuxiliaryInstructionFault_  
00007c4c  _coreGetDataFaultAddress_           
00007c24  _coreGetDataFault_                  
00007c60  _coreGetInstructionFaultAddress_    
00007c38  _coreGetInstructionFault_           
00007a20  _coreInitRegisters_                 
00007b2c  _coreInitStackPointer_              
000085e4  _dabort                             
00007ca4  _disable_FIQ_interrupt_             
00007cac  _disable_IRQ_interrupt_             
00007c9c  _disable_interrupt_                 
00007cb4  _enable_interrupt_                  
00007d44  _errata_CORTEXR4_57_                
00007d54  _errata_CORTEXR4_66_                
00006344  _errata_SSWF021_45_both_plls        
00006538  _errata_SSWF021_45_pll1             
000066b0  _errata_SSWF021_45_pll2             
00007cbc  _esmCcmErrorsClear_                 
00007b78  _getCPSRValue_                      
00007b80  _gotoCPUIdle_                       
000088ec  _pmuDisableCountersGlobal_          
000088dc  _pmuEnableCountersGlobal_           
00008948  _pmuGetCycleCount_                  
00008950  _pmuGetEventCount_                  
0000895c  _pmuGetOverflow_                    
00008890  _pmuInit_                           
0000891c  _pmuResetCounters_                  
000088fc  _pmuResetCycleCounter_              
0000890c  _pmuResetEventCounters_             
0000893c  _pmuSetCountEvent_                  
0000892c  _pmuStartCounters_                  
00008934  _pmuStopCounters_                   
UNDEFED   _system_post_cinit                  
00008d1f  abort                               
0000126c  adc1ParityCheck                     
00001358  adc2ParityCheck                     
ffffffff  binit                               
00001410  can1ParityCheck                     
000014e8  can2ParityCheck                     
000015b0  can3ParityCheck                     
000048c4  capGetSignal                        
00000030  ccmSelfCheck                        
000026fc  ccmr4GetConfigValue                 
00000938  checkB0RAMECC                       
00000b28  checkB1RAMECC                       
00001c18  checkClockMonitor                   
00000d18  checkFlashECC                       
00001cf4  checkFlashEEPROMECC                 
00001e8c  checkPLL1Slip                       
00001f8c  checkPLL2Slip                       
00002050  checkRAMAddrParity                  
000019d0  checkRAMECC                         
0000215c  checkRAMUERRTest                    
000007bc  checkefcSelfTest                    
00000234  cpuSelfTest                         
00000dfc  cpuSelfTestFail                     
00003784  customTrimLPO                       
00000df4  custom_dabort                       
00002b58  disableParity                       
0000879c  dmaGroupANotification               
00000eac  dmaParityCheck                      
08001560  duty_cycle                          
08001528  duty_data                           
08001540  duty_value                          
00006d7c  dwdClearFlag                        
00006cb0  dwdCounterEnable                    
00006cf8  dwdGenerateSysReset                 
00006d48  dwdGetStatus                        
00006d8c  dwdGetViolationStatus               
00006c34  dwdInit                             
00006cdc  dwdReset                            
00006cc0  dwdSetPreload                       
00006ca4  dwwdGetCurrentDownCounter           
00006c5c  dwwdInit                            
00004884  edgeDisableNotification             
00004848  edgeEnableNotification              
0000481c  edgeGetCounter                      
00006030  edgeNotification                    
000047f0  edgeResetCounter                    
00000660  efcCheck                            
00002660  efcGetConfigValue                   
00000794  efcSelfTest                         
000006e8  efcStuckZeroTest                    
00002ad0  enableParity                        
0000276c  errata_PBIST_4                      
00007164  esmActivateNormalOperation          
00007238  esmClearStatus                      
00007278  esmClearStatusBuffer                
0000712c  esmDisableError                     
0000719c  esmDisableInterrupt                 
00007104  esmEnableError                      
00007174  esmEnableInterrupt                  
00007370  esmEnterSelfTest                    
000070e8  esmError                            
00007448  esmGetConfigValue                   
000072b4  esmGetStatus                        
00007338  esmGetStatusBuffer                  
000086cc  esmGroup1Notification               
000086dc  esmGroup2Notification               
000084d0  esmHighInterrupt                    
00006fe0  esmInit                             
000073f8  esmSelfTestStatus                   
00007294  esmSetCounterPreloadValue           
000071c4  esmSetInterruptLevel                
00007154  esmTriggerErrorPinReset             
000092f0  f_HCLK                              
000087b1  floor                               
000087b1  floorl                              
000022c4  fmcBus1ParityCheck                  
0000085c  fmcBus2Check                        
00000898  fmcECCcheck                         
08001530  freq_data                           
08001544  freq_value                          
0800155c  frequency                           
00005fc0  getIMDData                          
00005fdc  getIMDResistance                    
000077fc  gioDisableNotification              
00007794  gioEnableNotification               
000076fc  gioGetBit                           
00007864  gioGetConfigValue                   
00007724  gioGetPort                          
0000759c  gioInit                             
00008abc  gioLowLevelInterrupt                
00008734  gioNotification                     
0000768c  gioSetBit                           
0000766c  gioSetDirection                     
000076dc  gioSetPort                          
0000773c  gioToggleBit                        
00008d28  handlePLLLockFail                   
000049d0  het1GetConfigValue                  
00008970  het1LowLevelInterrupt               
00000f58  het1ParityCheck                     
000010c0  het2ParityCheck                     
000049b8  hetGetTimestamp                     
000042b8  hetInit                             
00008788  hetNotification                     
0000499c  hetResetTimestamp                   
00001004  htu1ParityCheck                     
000011bc  htu2ParityCheck                     
000082cc  linHighLevelInterrupt               
00008bc1  ltoa                                
00005c20  main                                
00002e64  mapClocks                           
00008a21  memcpy                              
00000174  memoryInit                          
000086ec  memoryPort0TestFailNotification     
00008708  memoryPort1TestFailNotification     
00001684  mibspi1ParityCheck                  
0000178c  mibspi3ParityCheck                  
000018b0  mibspi5ParityCheck                  
00004bac  muxInit                             
000023ec  pbistFail                           
00002470  pbistGetConfigValue                 
000005a8  pbistIsTestCompleted                
000005d4  pbistIsTestPassed                   
00000608  pbistPortTestStatus                 
000004ac  pbistRun                            
000002cc  pbistSelfCheck                      
00000578  pbistStop                           
08001554  period                              
00002e10  periphInit                          
00008d24  phantomInterrupt                    
00005048  pinmuxGetConfigValue                
000047c0  pwmDisableNotification              
00004778  pwmEnableNotification               
00004698  pwmGetSignal                        
0000875c  pwmNotification                     
000043e0  pwmSetDuty                          
0000451c  pwmSetSignal                        
00004378  pwmStart                            
000043ac  pwmStop                             
00000000  resetEntry                          
00008c64  rtiCompare1Interrupt                
00006e3c  rtiDisableNotification              
00006e14  rtiEnableNotification               
00006e58  rtiGetConfigValue                   
00006ba8  rtiGetCurrentTick                   
00006b80  rtiGetPeriod                        
000069a8  rtiInit                             
00008724  rtiNotification                     
00006af4  rtiResetCounter                     
00006b58  rtiSetPeriod                        
00006a9c  rtiStartCounter                     
00006ac8  rtiStopCounter                      
00005930  sciDisableLoopback                  
000059bc  sciDisableNotification              
000058fc  sciEnableLoopback                   
00005954  sciEnableNotification               
00005a24  sciEnterResetState                  
00005a44  sciExitResetState                   
00005468  sciInit                             
000057ac  sciIsIdleDetected                   
00005790  sciIsRxReady                        
00005610  sciIsTxReady                        
00008748  sciNotification                     
00005824  sciReceive                          
000057f8  sciReceiveByte                      
000057c8  sciRxError                          
0000565c  sciSend                             
0000562c  sciSendByte                         
00005574  sciSetBaudrate                      
00005554  sciSetFunctional                    
00005a64  scilinGetConfigValue                
00000020  selftestFailNotification            
00002dd0  setupFlash                          
00002cfc  setupPLL                            
00003648  sramGetConfigValue                  
000025bc  stcGetConfigValue                   
000001b8  stcSelfCheck                        
00000df8  stcSelfCheckFail                    
00003088  systemGetConfigValue                
00002f8c  systemInit                          
00003058  systemPowerDown                     
0000349c  tcmflashGetConfigValue              
08001558  time_on                             
00002d5c  trimLPO                             
00003934  vimChannelMap                       
00003ba0  vimDisableInterrupt                 
000039d8  vimEnableInterrupt                  
00003c4c  vimGetConfigValue                   
00003860  vimInit                             
00000e00  vimParityCheck                      
00007d6c  vimParityErrorHandler               


GLOBAL SYMBOLS: SORTED BY Symbol Address 

address   name                                
-------   ----                                
00000000  __TI_static_base__                  
00000000  resetEntry                          
00000020  selftestFailNotification            
00000030  ccmSelfCheck                        
00000174  memoryInit                          
000001b8  stcSelfCheck                        
00000234  cpuSelfTest                         
000002cc  pbistSelfCheck                      
000004ac  pbistRun                            
00000578  pbistStop                           
000005a8  pbistIsTestCompleted                
000005d4  pbistIsTestPassed                   
00000608  pbistPortTestStatus                 
00000660  efcCheck                            
000006e8  efcStuckZeroTest                    
00000794  efcSelfTest                         
000007bc  checkefcSelfTest                    
0000085c  fmcBus2Check                        
00000898  fmcECCcheck                         
00000938  checkB0RAMECC                       
00000b28  checkB1RAMECC                       
00000d18  checkFlashECC                       
00000df4  custom_dabort                       
00000df8  stcSelfCheckFail                    
00000dfc  cpuSelfTestFail                     
00000e00  vimParityCheck                      
00000eac  dmaParityCheck                      
00000f58  het1ParityCheck                     
00001004  htu1ParityCheck                     
000010c0  het2ParityCheck                     
000011bc  htu2ParityCheck                     
0000126c  adc1ParityCheck                     
00001358  adc2ParityCheck                     
00001410  can1ParityCheck                     
000014e8  can2ParityCheck                     
000015b0  can3ParityCheck                     
00001684  mibspi1ParityCheck                  
0000178c  mibspi3ParityCheck                  
000018b0  mibspi5ParityCheck                  
000019d0  checkRAMECC                         
00001c18  checkClockMonitor                   
00001cf4  checkFlashEEPROMECC                 
00001e8c  checkPLL1Slip                       
00001f8c  checkPLL2Slip                       
00002050  checkRAMAddrParity                  
0000215c  checkRAMUERRTest                    
000022c4  fmcBus1ParityCheck                  
000023ec  pbistFail                           
00002470  pbistGetConfigValue                 
000025bc  stcGetConfigValue                   
00002660  efcGetConfigValue                   
000026fc  ccmr4GetConfigValue                 
0000276c  errata_PBIST_4                      
00002ad0  enableParity                        
00002b58  disableParity                       
00002cfc  setupPLL                            
00002d5c  trimLPO                             
00002dd0  setupFlash                          
00002e10  periphInit                          
00002e64  mapClocks                           
00002f8c  systemInit                          
00003058  systemPowerDown                     
00003088  systemGetConfigValue                
0000349c  tcmflashGetConfigValue              
00003648  sramGetConfigValue                  
00003784  customTrimLPO                       
00003860  vimInit                             
00003934  vimChannelMap                       
000039d8  vimEnableInterrupt                  
00003ba0  vimDisableInterrupt                 
00003c4c  vimGetConfigValue                   
000042b8  hetInit                             
00004378  pwmStart                            
000043ac  pwmStop                             
000043e0  pwmSetDuty                          
0000451c  pwmSetSignal                        
00004698  pwmGetSignal                        
00004778  pwmEnableNotification               
000047c0  pwmDisableNotification              
000047f0  edgeResetCounter                    
0000481c  edgeGetCounter                      
00004848  edgeEnableNotification              
00004884  edgeDisableNotification             
000048c4  capGetSignal                        
0000499c  hetResetTimestamp                   
000049b8  hetGetTimestamp                     
000049d0  het1GetConfigValue                  
00004bac  muxInit                             
00005048  pinmuxGetConfigValue                
00005468  sciInit                             
00005554  sciSetFunctional                    
00005574  sciSetBaudrate                      
00005610  sciIsTxReady                        
0000562c  sciSendByte                         
0000565c  sciSend                             
00005790  sciIsRxReady                        
000057ac  sciIsIdleDetected                   
000057c8  sciRxError                          
000057f8  sciReceiveByte                      
00005824  sciReceive                          
000058fc  sciEnableLoopback                   
00005930  sciDisableLoopback                  
00005954  sciEnableNotification               
000059bc  sciDisableNotification              
00005a24  sciEnterResetState                  
00005a44  sciExitResetState                   
00005a64  scilinGetConfigValue                
00005c20  main                                
00005fc0  getIMDData                          
00005fdc  getIMDResistance                    
00006030  edgeNotification                    
00006344  _errata_SSWF021_45_both_plls        
00006538  _errata_SSWF021_45_pll1             
000066b0  _errata_SSWF021_45_pll2             
000069a8  rtiInit                             
00006a9c  rtiStartCounter                     
00006ac8  rtiStopCounter                      
00006af4  rtiResetCounter                     
00006b58  rtiSetPeriod                        
00006b80  rtiGetPeriod                        
00006ba8  rtiGetCurrentTick                   
00006c34  dwdInit                             
00006c5c  dwwdInit                            
00006ca4  dwwdGetCurrentDownCounter           
00006cb0  dwdCounterEnable                    
00006cc0  dwdSetPreload                       
00006cdc  dwdReset                            
00006cf8  dwdGenerateSysReset                 
00006d14  IsdwdKeySequenceCorrect             
00006d48  dwdGetStatus                        
00006d7c  dwdClearFlag                        
00006d8c  dwdGetViolationStatus               
00006e14  rtiEnableNotification               
00006e3c  rtiDisableNotification              
00006e58  rtiGetConfigValue                   
00006fe0  esmInit                             
000070e8  esmError                            
00007104  esmEnableError                      
0000712c  esmDisableError                     
00007154  esmTriggerErrorPinReset             
00007164  esmActivateNormalOperation          
00007174  esmEnableInterrupt                  
0000719c  esmDisableInterrupt                 
000071c4  esmSetInterruptLevel                
00007238  esmClearStatus                      
00007278  esmClearStatusBuffer                
00007294  esmSetCounterPreloadValue           
000072b4  esmGetStatus                        
00007338  esmGetStatusBuffer                  
00007370  esmEnterSelfTest                    
000073f8  esmSelfTestStatus                   
00007448  esmGetConfigValue                   
0000759c  gioInit                             
0000766c  gioSetDirection                     
0000768c  gioSetBit                           
000076dc  gioSetPort                          
000076fc  gioGetBit                           
00007724  gioGetPort                          
0000773c  gioToggleBit                        
00007794  gioEnableNotification               
000077fc  gioDisableNotification              
00007864  gioGetConfigValue                   
00007a20  _coreInitRegisters_                 
00007b2c  _coreInitStackPointer_              
00007b78  _getCPSRValue_                      
00007b80  _gotoCPUIdle_                       
00007b98  _coreEnableVfp_                     
00007bb0  _coreEnableEventBusExport_          
00007bc0  _coreDisableEventBusExport_         
00007bd0  _coreEnableRamEcc_                  
00007be0  _coreDisableRamEcc_                 
00007bf0  _coreEnableFlashEcc_                
00007c04  _coreDisableFlashEcc_               
00007c14  _coreEnableIrqVicOffset_            
00007c24  _coreGetDataFault_                  
00007c2c  _coreClearDataFault_                
00007c38  _coreGetInstructionFault_           
00007c40  _coreClearInstructionFault_         
00007c4c  _coreGetDataFaultAddress_           
00007c54  _coreClearDataFaultAddress_         
00007c60  _coreGetInstructionFaultAddress_    
00007c68  _coreClearInstructionFaultAddress_  
00007c74  _coreGetAuxiliaryDataFault_         
00007c7c  _coreClearAuxiliaryDataFault_       
00007c88  _coreGetAuxiliaryInstructionFault_  
00007c90  _coreClearAuxiliaryInstructionFault_
00007c9c  _disable_interrupt_                 
00007ca4  _disable_FIQ_interrupt_             
00007cac  _disable_IRQ_interrupt_             
00007cb4  _enable_interrupt_                  
00007cbc  _esmCcmErrorsClear_                 
00007d44  _errata_CORTEXR4_57_                
00007d54  _errata_CORTEXR4_66_                
00007d64  __TI_PINIT_Base                     
00007d68  __TI_PINIT_Limit                    
00007d6c  vimParityErrorHandler               
00008038  _c_int00                            
000082cc  linHighLevelInterrupt               
000084d0  esmHighInterrupt                    
000085e4  _dabort                             
000086cc  esmGroup1Notification               
000086dc  esmGroup2Notification               
000086ec  memoryPort0TestFailNotification     
00008708  memoryPort1TestFailNotification     
00008724  rtiNotification                     
00008734  gioNotification                     
00008748  sciNotification                     
0000875c  pwmNotification                     
00008788  hetNotification                     
0000879c  dmaGroupANotification               
000087b1  floor                               
000087b1  floorl                              
00008890  _pmuInit_                           
000088dc  _pmuEnableCountersGlobal_           
000088ec  _pmuDisableCountersGlobal_          
000088fc  _pmuResetCycleCounter_              
0000890c  _pmuResetEventCounters_             
0000891c  _pmuResetCounters_                  
0000892c  _pmuStartCounters_                  
00008934  _pmuStopCounters_                   
0000893c  _pmuSetCountEvent_                  
00008948  _pmuGetCycleCount_                  
00008950  _pmuGetEventCount_                  
0000895c  _pmuGetOverflow_                    
00008970  het1LowLevelInterrupt               
00008a21  __aeabi_memcpy                      
00008a21  __aeabi_memcpy4                     
00008a21  __aeabi_memcpy8                     
00008a21  memcpy                              
00008abc  gioLowLevelInterrupt                
00008b55  __TI_decompress_lzss                
00008bc1  ltoa                                
00008c14  __aeabi_uidiv                       
00008c14  __aeabi_uidivmod                    
00008c64  rtiCompare1Interrupt                
00008cb1  __TI_auto_init_nobinit_nopinit      
00008cf5  __TI_zero_init_nomemset             
00008d11  __TI_decompress_none                
00008d1f  C$$EXIT                             
00008d1f  abort                               
00008d23  __aeabi_idiv0                       
00008d23  __aeabi_ldiv0                       
00008d24  phantomInterrupt                    
00008d28  handlePLLLockFail                   
000092f0  f_HCLK                              
00009308  __TI_Handler_Table_Base             
00009314  __TI_Handler_Table_Limit            
00009320  __TI_CINIT_Base                     
00009330  __TI_CINIT_Limit                    
08001528  duty_data                           
08001530  freq_data                           
08001538  NumberofCharsDuty                   
0800153c  NumberofCharsFreq                   
08001540  duty_value                          
08001544  freq_value                          
08001554  period                              
08001558  time_on                             
0800155c  frequency                           
08001560  duty_cycle                          
08001564  IMD_resistance                      
08001568  IMDData                             
ffffffff  __TI_pprof_out_hndl                 
ffffffff  __TI_prof_data_size                 
ffffffff  __TI_prof_data_start                
ffffffff  __binit__                           
ffffffff  __c_args__                          
ffffffff  binit                               
UNDEFED   SHT$$INIT_ARRAY$$Base               
UNDEFED   SHT$$INIT_ARRAY$$Limit              
UNDEFED   _system_post_cinit                  

[270 symbols]
