******************************************************************************
                  TI ARM Linker PC v18.1.3                     
******************************************************************************
>> Linked Thu Oct 18 21:16:06 2018

OUTPUT FILE NAME:   <VCU.out>
ENTRY POINT SYMBOL: "_c_int00"  address: 00005eb0


MEMORY CONFIGURATION

         name            origin    length      used     unused   attr    fill
----------------------  --------  ---------  --------  --------  ----  --------
  VECTORS               00000000   00000020  00000020  00000000     X
  FLASH0                00000020   0013ffe0  00006a5c  00139584  R  X
  STACKS                08000000   00001500  00000000  00001500  RW  
  RAM                   08001500   0002eb00  00000029  0002ead7  RW  


SEGMENT ALLOCATION MAP

run origin  load origin   length   init length attrs members
----------  ----------- ---------- ----------- ----- -------
00000000    00000000    00006a7c   00006a7c    r-x
  00000000    00000000    00000020   00000020    r-x .intvecs
  00000020    00000020    00006848   00006848    r-x .text
  00006868    00006868    00000200   00000200    r-- .const
  00006a68    00006a68    00000014   00000014    r-- .cinit
08001500    08001500    00000029   00000000    rw-
  08001500    08001500    00000029   00000000    rw- .bss


SECTION ALLOCATION MAP

 output                                  attributes/
section   page    origin      length       input sections
--------  ----  ----------  ----------   ----------------
.intvecs   0    00000000    00000020     
                  00000000    00000020     sys_intvecs.obj (.intvecs)

.text      0    00000020    00006848     
                  00000020    00002cdc     sys_selftest.obj (.text)
                  00002cfc    00000b28     system.obj (.text)
                  00003824    00000a54     sys_vim.obj (.text)
                  00004278    000008ac     pinmux.obj (.text)
                  00004b24    000007b8     sci.obj (.text)
                  000052dc    000005bc     esm.obj (.text)
                  00005898    0000034c     sys_core.obj (.text)
                  00005be4    000002cc     sys_vim.obj (.text:retain)
                  00005eb0    0000027c     sys_startup.obj (.text:retain)
                  0000612c    00000204     sci.obj (.text:retain)
                  00006330    00000114     esm.obj (.text:retain)
                  00006444    000000e8     dabort.obj (.text)
                  0000652c    000000e0     rtsv7R4_T_be_v3D16_eabi.lib : s_floor.c.obj (.text:floor)
                  0000660c    000000e0     sys_pmu.obj (.text)
                  000066ec    0000009c     sys_main.obj (.text)
                  00006788    00000080     notification.obj (.text)
                  00006808    00000044     rtsv7R4_T_be_v3D16_eabi.lib : autoinit.c.obj (.text:__TI_auto_init_nobinit_nopinit:__TI_auto_init_nobinit_nopinit)
                  0000684c    00000012                                 : copy_zero_init.c.obj (.text:decompress:ZI:__TI_zero_init_nomemset:__TI_zero_init_nomemset)
                  0000685e    00000004                                 : exit.c.obj (.text:abort:abort)
                  00006862    00000002     --HOLE-- [fill = 0]
                  00006864    00000004     sys_phantom.obj (.text:retain)

.const     0    00006868    00000200     
                  00006868    00000200     sys_vim.obj (.const:s_vim_init)

.cinit     0    00006a68    00000014     
                  00006a68    00000008     (.cinit..bss.load) [load image, compression = zero_init]
                  00006a70    00000004     (__TI_handler_table)
                  00006a74    00000008     (__TI_cinit_table)

.bss       0    08001500    00000029     UNINITIALIZED
                  08001500    00000028     sci.obj (.bss:g_sciTransfer_t)
                  08001528    00000001     sys_main.obj (.bss)

MODULE SUMMARY

       Module                 code    ro data   rw data
       ------                 ----    -------   -------
    .\VCU\source\
       sys_selftest.obj       11484   0         0      
       sys_vim.obj            3360    512       0      
       system.obj             2856    0         0      
       sci.obj                2492    0         40     
       pinmux.obj             2220    0         0      
       esm.obj                1744    0         0      
       sys_core.obj           844     0         0      
       sys_startup.obj        636     0         0      
       dabort.obj             232     0         0      
       sys_pmu.obj            224     0         0      
       sys_main.obj           156     0         1      
       notification.obj       128     0         0      
       sys_intvecs.obj        32      0         0      
       sys_phantom.obj        4       0         0      
    +--+----------------------+-------+---------+---------+
       Total:                 26412   512       41     
                                                       
    C:/ti/ccsv8/tools/compiler/ti-cgt-arm_18.1.3.LTS/lib/rtsv7R4_T_be_v3D16_eabi.lib
       s_floor.c.obj          224     0         0      
       autoinit.c.obj         68      0         0      
       copy_zero_init.c.obj   18      0         0      
       exit.c.obj             4       0         0      
    +--+----------------------+-------+---------+---------+
       Total:                 314     0         0      
                                                       
       Linker Generated:      0       20        0      
    +--+----------------------+-------+---------+---------+
       Grand Total:           26726   532       41     


LINKER GENERATED COPY TABLES

__TI_cinit_table @ 00006a74 records: 1, size/record: 8, table size: 8
	.bss: load addr=00006a68, load size=00000008 bytes, run addr=08001500, run size=00000029 bytes, compression=zero_init


LINKER GENERATED HANDLER TABLE

__TI_handler_table @ 00006a70 records: 1, size/record: 4, table size: 4
	index: 0, handler: __TI_zero_init


GLOBAL SYMBOLS: SORTED ALPHABETICALLY BY Name 

address   name                                
-------   ----                                
0000685f  C$$EXIT                             
UNDEFED   SHT$$INIT_ARRAY$$Base               
UNDEFED   SHT$$INIT_ARRAY$$Limit              
00006a74  __TI_CINIT_Base                     
00006a7c  __TI_CINIT_Limit                    
00006a70  __TI_Handler_Table_Base             
00006a74  __TI_Handler_Table_Limit            
00005bdc  __TI_PINIT_Base                     
00005be0  __TI_PINIT_Limit                    
00006809  __TI_auto_init_nobinit_nopinit      
ffffffff  __TI_pprof_out_hndl                 
ffffffff  __TI_prof_data_size                 
ffffffff  __TI_prof_data_start                
00000000  __TI_static_base__                  
0000684d  __TI_zero_init_nomemset             
ffffffff  __binit__                           
ffffffff  __c_args__                          
00005eb0  _c_int00                            
00005af4  _coreClearAuxiliaryDataFault_       
00005b08  _coreClearAuxiliaryInstructionFault_
00005acc  _coreClearDataFaultAddress_         
00005aa4  _coreClearDataFault_                
00005ae0  _coreClearInstructionFaultAddress_  
00005ab8  _coreClearInstructionFault_         
00005a38  _coreDisableEventBusExport_         
00005a7c  _coreDisableFlashEcc_               
00005a58  _coreDisableRamEcc_                 
00005a28  _coreEnableEventBusExport_          
00005a68  _coreEnableFlashEcc_                
00005a8c  _coreEnableIrqVicOffset_            
00005a48  _coreEnableRamEcc_                  
00005a10  _coreEnableVfp_                     
00005aec  _coreGetAuxiliaryDataFault_         
00005b00  _coreGetAuxiliaryInstructionFault_  
00005ac4  _coreGetDataFaultAddress_           
00005a9c  _coreGetDataFault_                  
00005ad8  _coreGetInstructionFaultAddress_    
00005ab0  _coreGetInstructionFault_           
00005898  _coreInitRegisters_                 
000059a4  _coreInitStackPointer_              
00006444  _dabort                             
00005b1c  _disable_FIQ_interrupt_             
00005b24  _disable_IRQ_interrupt_             
00005b14  _disable_interrupt_                 
00005b2c  _enable_interrupt_                  
00005bbc  _errata_CORTEXR4_57_                
00005bcc  _errata_CORTEXR4_66_                
00005b34  _esmCcmErrorsClear_                 
000059f0  _getCPSRValue_                      
000059f8  _gotoCPUIdle_                       
00006668  _pmuDisableCountersGlobal_          
00006658  _pmuEnableCountersGlobal_           
000066c4  _pmuGetCycleCount_                  
000066cc  _pmuGetEventCount_                  
000066d8  _pmuGetOverflow_                    
0000660c  _pmuInit_                           
00006698  _pmuResetCounters_                  
00006678  _pmuResetCycleCounter_              
00006688  _pmuResetEventCounters_             
000066b8  _pmuSetCountEvent_                  
000066a8  _pmuStartCounters_                  
000066b0  _pmuStopCounters_                   
UNDEFED   _system_post_cinit                  
0000685f  abort                               
0000126c  adc1ParityCheck                     
00001358  adc2ParityCheck                     
ffffffff  binit                               
00001410  can1ParityCheck                     
000014e8  can2ParityCheck                     
000015b0  can3ParityCheck                     
00000030  ccmSelfCheck                        
000026fc  ccmr4GetConfigValue                 
00000938  checkB0RAMECC                       
00000b28  checkB1RAMECC                       
00001c18  checkClockMonitor                   
00000d18  checkFlashECC                       
00001cf4  checkFlashEEPROMECC                 
00001e8c  checkPLL1Slip                       
00001f8c  checkPLL2Slip                       
00002050  checkRAMAddrParity                  
000019d0  checkRAMECC                         
0000215c  checkRAMUERRTest                    
000007bc  checkefcSelfTest                    
00000234  cpuSelfTest                         
00000dfc  cpuSelfTestFail                     
00000df4  custom_dabort                       
00002b58  disableParity                       
000067f4  dmaGroupANotification               
00000eac  dmaParityCheck                      
00000660  efcCheck                            
00002660  efcGetConfigValue                   
00000794  efcSelfTest                         
000006e8  efcStuckZeroTest                    
00002ad0  enableParity                        
0000276c  errata_PBIST_4                      
00005460  esmActivateNormalOperation          
00005534  esmClearStatus                      
00005574  esmClearStatusBuffer                
00005428  esmDisableError                     
00005498  esmDisableInterrupt                 
00005400  esmEnableError                      
00005470  esmEnableInterrupt                  
0000566c  esmEnterSelfTest                    
000053e4  esmError                            
00005744  esmGetConfigValue                   
000055b0  esmGetStatus                        
00005634  esmGetStatusBuffer                  
0000674c  esmGroup1Notification               
0000675c  esmGroup2Notification               
00006330  esmHighInterrupt                    
000052dc  esmInit                             
000056f4  esmSelfTestStatus                   
00005590  esmSetCounterPreloadValue           
000054c0  esmSetInterruptLevel                
00005450  esmTriggerErrorPinReset             
0000652d  floor                               
0000652d  floorl                              
000022c4  fmcBus1ParityCheck                  
0000085c  fmcBus2Check                        
00000898  fmcECCcheck                         
00000f58  het1ParityCheck                     
000010c0  het2ParityCheck                     
00001004  htu1ParityCheck                     
000011bc  htu2ParityCheck                     
0000612c  linHighLevelInterrupt               
000066ec  main                                
00002e38  mapClocks                           
00000174  memoryInit                          
000067a8  memoryPort0TestFailNotification     
000067c4  memoryPort1TestFailNotification     
00001684  mibspi1ParityCheck                  
0000178c  mibspi3ParityCheck                  
000018b0  mibspi5ParityCheck                  
00004278  muxInit                             
000023ec  pbistFail                           
00002470  pbistGetConfigValue                 
000005a8  pbistIsTestCompleted                
000005d4  pbistIsTestPassed                   
00000608  pbistPortTestStatus                 
000004ac  pbistRun                            
000002cc  pbistSelfCheck                      
00000578  pbistStop                           
00002de4  periphInit                          
00006864  phantomInterrupt                    
00004714  pinmuxGetConfigValue                
00000000  resetEntry                          
00004fec  sciDisableLoopback                  
00005078  sciDisableNotification              
00004fb8  sciEnableLoopback                   
00005010  sciEnableNotification               
000050e0  sciEnterResetState                  
00005100  sciExitResetState                   
00004b24  sciInit                             
00004e68  sciIsIdleDetected                   
00004e4c  sciIsRxReady                        
00004ccc  sciIsTxReady                        
0000671c  sciNotification                     
00004ee0  sciReceive                          
00004eb4  sciReceiveByte                      
00004e84  sciRxError                          
00004d18  sciSend                             
00004ce8  sciSendByte                         
00004c30  sciSetBaudrate                      
00004c10  sciSetFunctional                    
00005120  scilinGetConfigValue                
00000020  selftestFailNotification            
00002da4  setupFlash                          
00002cfc  setupPLL                            
0000361c  sramGetConfigValue                  
000025bc  stcGetConfigValue                   
000001b8  stcSelfCheck                        
00000df8  stcSelfCheckFail                    
0000305c  systemGetConfigValue                
00002f60  systemInit                          
0000302c  systemPowerDown                     
00003470  tcmflashGetConfigValue              
00002d5c  trimLPO                             
000038f8  vimChannelMap                       
00003b64  vimDisableInterrupt                 
0000399c  vimEnableInterrupt                  
00003c10  vimGetConfigValue                   
00003824  vimInit                             
00000e00  vimParityCheck                      
00005be4  vimParityErrorHandler               


GLOBAL SYMBOLS: SORTED BY Symbol Address 

address   name                                
-------   ----                                
00000000  __TI_static_base__                  
00000000  resetEntry                          
00000020  selftestFailNotification            
00000030  ccmSelfCheck                        
00000174  memoryInit                          
000001b8  stcSelfCheck                        
00000234  cpuSelfTest                         
000002cc  pbistSelfCheck                      
000004ac  pbistRun                            
00000578  pbistStop                           
000005a8  pbistIsTestCompleted                
000005d4  pbistIsTestPassed                   
00000608  pbistPortTestStatus                 
00000660  efcCheck                            
000006e8  efcStuckZeroTest                    
00000794  efcSelfTest                         
000007bc  checkefcSelfTest                    
0000085c  fmcBus2Check                        
00000898  fmcECCcheck                         
00000938  checkB0RAMECC                       
00000b28  checkB1RAMECC                       
00000d18  checkFlashECC                       
00000df4  custom_dabort                       
00000df8  stcSelfCheckFail                    
00000dfc  cpuSelfTestFail                     
00000e00  vimParityCheck                      
00000eac  dmaParityCheck                      
00000f58  het1ParityCheck                     
00001004  htu1ParityCheck                     
000010c0  het2ParityCheck                     
000011bc  htu2ParityCheck                     
0000126c  adc1ParityCheck                     
00001358  adc2ParityCheck                     
00001410  can1ParityCheck                     
000014e8  can2ParityCheck                     
000015b0  can3ParityCheck                     
00001684  mibspi1ParityCheck                  
0000178c  mibspi3ParityCheck                  
000018b0  mibspi5ParityCheck                  
000019d0  checkRAMECC                         
00001c18  checkClockMonitor                   
00001cf4  checkFlashEEPROMECC                 
00001e8c  checkPLL1Slip                       
00001f8c  checkPLL2Slip                       
00002050  checkRAMAddrParity                  
0000215c  checkRAMUERRTest                    
000022c4  fmcBus1ParityCheck                  
000023ec  pbistFail                           
00002470  pbistGetConfigValue                 
000025bc  stcGetConfigValue                   
00002660  efcGetConfigValue                   
000026fc  ccmr4GetConfigValue                 
0000276c  errata_PBIST_4                      
00002ad0  enableParity                        
00002b58  disableParity                       
00002cfc  setupPLL                            
00002d5c  trimLPO                             
00002da4  setupFlash                          
00002de4  periphInit                          
00002e38  mapClocks                           
00002f60  systemInit                          
0000302c  systemPowerDown                     
0000305c  systemGetConfigValue                
00003470  tcmflashGetConfigValue              
0000361c  sramGetConfigValue                  
00003824  vimInit                             
000038f8  vimChannelMap                       
0000399c  vimEnableInterrupt                  
00003b64  vimDisableInterrupt                 
00003c10  vimGetConfigValue                   
00004278  muxInit                             
00004714  pinmuxGetConfigValue                
00004b24  sciInit                             
00004c10  sciSetFunctional                    
00004c30  sciSetBaudrate                      
00004ccc  sciIsTxReady                        
00004ce8  sciSendByte                         
00004d18  sciSend                             
00004e4c  sciIsRxReady                        
00004e68  sciIsIdleDetected                   
00004e84  sciRxError                          
00004eb4  sciReceiveByte                      
00004ee0  sciReceive                          
00004fb8  sciEnableLoopback                   
00004fec  sciDisableLoopback                  
00005010  sciEnableNotification               
00005078  sciDisableNotification              
000050e0  sciEnterResetState                  
00005100  sciExitResetState                   
00005120  scilinGetConfigValue                
000052dc  esmInit                             
000053e4  esmError                            
00005400  esmEnableError                      
00005428  esmDisableError                     
00005450  esmTriggerErrorPinReset             
00005460  esmActivateNormalOperation          
00005470  esmEnableInterrupt                  
00005498  esmDisableInterrupt                 
000054c0  esmSetInterruptLevel                
00005534  esmClearStatus                      
00005574  esmClearStatusBuffer                
00005590  esmSetCounterPreloadValue           
000055b0  esmGetStatus                        
00005634  esmGetStatusBuffer                  
0000566c  esmEnterSelfTest                    
000056f4  esmSelfTestStatus                   
00005744  esmGetConfigValue                   
00005898  _coreInitRegisters_                 
000059a4  _coreInitStackPointer_              
000059f0  _getCPSRValue_                      
000059f8  _gotoCPUIdle_                       
00005a10  _coreEnableVfp_                     
00005a28  _coreEnableEventBusExport_          
00005a38  _coreDisableEventBusExport_         
00005a48  _coreEnableRamEcc_                  
00005a58  _coreDisableRamEcc_                 
00005a68  _coreEnableFlashEcc_                
00005a7c  _coreDisableFlashEcc_               
00005a8c  _coreEnableIrqVicOffset_            
00005a9c  _coreGetDataFault_                  
00005aa4  _coreClearDataFault_                
00005ab0  _coreGetInstructionFault_           
00005ab8  _coreClearInstructionFault_         
00005ac4  _coreGetDataFaultAddress_           
00005acc  _coreClearDataFaultAddress_         
00005ad8  _coreGetInstructionFaultAddress_    
00005ae0  _coreClearInstructionFaultAddress_  
00005aec  _coreGetAuxiliaryDataFault_         
00005af4  _coreClearAuxiliaryDataFault_       
00005b00  _coreGetAuxiliaryInstructionFault_  
00005b08  _coreClearAuxiliaryInstructionFault_
00005b14  _disable_interrupt_                 
00005b1c  _disable_FIQ_interrupt_             
00005b24  _disable_IRQ_interrupt_             
00005b2c  _enable_interrupt_                  
00005b34  _esmCcmErrorsClear_                 
00005bbc  _errata_CORTEXR4_57_                
00005bcc  _errata_CORTEXR4_66_                
00005bdc  __TI_PINIT_Base                     
00005be0  __TI_PINIT_Limit                    
00005be4  vimParityErrorHandler               
00005eb0  _c_int00                            
0000612c  linHighLevelInterrupt               
00006330  esmHighInterrupt                    
00006444  _dabort                             
0000652d  floor                               
0000652d  floorl                              
0000660c  _pmuInit_                           
00006658  _pmuEnableCountersGlobal_           
00006668  _pmuDisableCountersGlobal_          
00006678  _pmuResetCycleCounter_              
00006688  _pmuResetEventCounters_             
00006698  _pmuResetCounters_                  
000066a8  _pmuStartCounters_                  
000066b0  _pmuStopCounters_                   
000066b8  _pmuSetCountEvent_                  
000066c4  _pmuGetCycleCount_                  
000066cc  _pmuGetEventCount_                  
000066d8  _pmuGetOverflow_                    
000066ec  main                                
0000671c  sciNotification                     
0000674c  esmGroup1Notification               
0000675c  esmGroup2Notification               
000067a8  memoryPort0TestFailNotification     
000067c4  memoryPort1TestFailNotification     
000067f4  dmaGroupANotification               
00006809  __TI_auto_init_nobinit_nopinit      
0000684d  __TI_zero_init_nomemset             
0000685f  C$$EXIT                             
0000685f  abort                               
00006864  phantomInterrupt                    
00006a70  __TI_Handler_Table_Base             
00006a74  __TI_CINIT_Base                     
00006a74  __TI_Handler_Table_Limit            
00006a7c  __TI_CINIT_Limit                    
ffffffff  __TI_pprof_out_hndl                 
ffffffff  __TI_prof_data_size                 
ffffffff  __TI_prof_data_start                
ffffffff  __binit__                           
ffffffff  __c_args__                          
ffffffff  binit                               
UNDEFED   SHT$$INIT_ARRAY$$Base               
UNDEFED   SHT$$INIT_ARRAY$$Limit              
UNDEFED   _system_post_cinit                  

[184 symbols]
