******************************************************************************
                  TI ARM Linker PC v16.9.6                     
******************************************************************************
>> Linked Sun Nov 10 17:17:10 2019

OUTPUT FILE NAME:   <SevenSegment.out>
ENTRY POINT SYMBOL: "_c_int00"  address: 00001341


MEMORY CONFIGURATION

         name            origin    length      used     unused   attr    fill
----------------------  --------  ---------  --------  --------  ----  --------
  FLASH                 00000000   00040000  0000182c  0003e7d4  R  X
  SRAM                  20000000   00008000  00000220  00007de0  RW X


SEGMENT ALLOCATION MAP

run origin  load origin   length   init length attrs members
----------  ----------- ---------- ----------- ----- -------
00000000    00000000    0000182c   0000182c    r-x
  00000000    00000000    0000026c   0000026c    r-- .intvecs
  0000026c    0000026c    000014dc   000014dc    r-x .text
  00001748    00001748    000000c0   000000c0    r-- .const
  00001808    00001808    00000024   00000024    r-- .cinit
20000000    20000000    00000220   00000000    rw-
  20000000    20000000    00000200   00000000    rw- .stack
  20000200    20000200    00000020   00000000    rw- .data


SECTION ALLOCATION MAP

 output                                  attributes/
section   page    origin      length       input sections
--------  ----  ----------  ----------   ----------------
.intvecs   0    00000000    0000026c     
                  00000000    0000026c     tm4c123gh6pm_startup_ccs.obj (.intvecs)

.text      0    0000026c    000014dc     
                  0000026c    00000cbc     main.obj (.text)
                  00000f28    00000132     driverlib.lib : gpio.obj (.text:GPIOPadConfigSet)
                  0000105a    00000002     rtsv7M4_T_le_v4SPD16_eabi.lib : i_div0.obj (.text)
                  0000105c    000000f4     driverlib.lib : sysctl.obj (.text:SysCtlClockSet)
                  00001150    0000009c     rtsv7M4_T_le_v4SPD16_eabi.lib : memcpy_t2.obj (.text)
                  000011ec    0000007a     driverlib.lib : adc.obj (.text:ADCSequenceStepConfigure)
                  00001266    00000002     rtsv7M4_T_le_v4SPD16_eabi.lib : mpu_init.obj (.text)
                  00001268    00000070                                   : autoinit.obj (.text)
                  000012d8    00000068                                   : copy_decompress_lzss.obj (.text:decompress:lzss)
                  00001340    00000054                                   : boot.obj (.text)
                  00001394    00000054                                   : exit.obj (.text)
                  000013e8    00000050     driverlib.lib : adc.obj (.text:ADCSequenceConfigure)
                  00001438    0000004c     rtsv7M4_T_le_v4SPD16_eabi.lib : cpy_tbl.obj (.text)
                  00001484    00000048     driverlib.lib : gpio.obj (.text:GPIOPinConfigure)
                  000014cc    00000046                   : uart.obj (.text:UARTConfigSetExpClk)
                  00001512    00000040     rtsv7M4_T_le_v4SPD16_eabi.lib : u_divt2.obj (.text)
                  00001552    00000002                                   : startup.obj (.text)
                  00001554    00000038     driverlib.lib : sysctl.obj (.text:SysCtlPeripheralPresent)
                  0000158c    00000034                   : sysctl.obj (.text:SysCtlPeripheralEnable)
                  000015c0    0000002e                   : adc.obj (.text:ADCIntStatus)
                  000015ee    0000002a                   : gpio.obj (.text:GPIODirModeSet)
                  00001618    00000020                   : uart.obj (.text:UARTDisable)
                  00001638    0000001e                   : adc.obj (.text:ADCSequenceDataGet)
                  00001656    00000018                   : adc.obj (.text:ADCProcessorTrigger)
                  0000166e    00000018                   : gpio.obj (.text:GPIOPinTypeGPIOOutput)
                  00001686    00000002     --HOLE-- [fill = 0]
                  00001688    00000018     rtsv7M4_T_le_v4SPD16_eabi.lib : args_main.obj (.text)
                  000016a0    00000014     driverlib.lib : uart.obj (.text:UARTEnable)
                  000016b4    00000014     rtsv7M4_T_le_v4SPD16_eabi.lib : _lock.obj (.text)
                  000016c8    00000012     driverlib.lib : gpio.obj (.text:GPIOPinTypeADC)
                  000016da    00000012                   : gpio.obj (.text:GPIOPinTypeUART)
                  000016ec    0000000e                   : adc.obj (.text:ADCSequenceEnable)
                  000016fa    0000000e     rtsv7M4_T_le_v4SPD16_eabi.lib : copy_decompress_none.obj (.text:decompress:none)
                  00001708    0000000c     tm4c123gh6pm_startup_ccs.obj (.text)
                  00001714    0000000a     driverlib.lib : adc.obj (.text:ADCIntClear)
                  0000171e    0000000a                   : uart.obj (.text:UARTCharGet)
                  00001728    0000000a                   : uart.obj (.text:UARTCharPut)
                  00001732    00000006                   : gpio.obj (.text:GPIOPinWrite)
                  00001738    00000006                   : sysctl.obj (.text:SysCtlDelay)
                  0000173e    00000006                   : uart.obj (.text:UARTClockSourceSet)
                  00001744    00000004     rtsv7M4_T_le_v4SPD16_eabi.lib : pre_init.obj (.text)

.const     0    00001748    000000c0     
                  00001748    00000090     driverlib.lib : gpio.obj (.const:g_pui32GPIOBaseAddrs)
                  000017d8    00000012     main.obj (.const:.string)
                  000017ea    00000002     --HOLE-- [fill = 0]
                  000017ec    0000000c     main.obj (.const:g_ui32UARTBase)
                  000017f8    0000000c     main.obj (.const:g_ui32UARTPeriph)
                  00001804    00000004     main.obj (.const)

.cinit     0    00001808    00000024     
                  00001808    00000011     (.cinit..data.load) [load image, compression = lzss]
                  00001819    00000003     --HOLE-- [fill = 0]
                  0000181c    00000008     (__TI_handler_table)
                  00001824    00000008     (__TI_cinit_table)

.init_array 
*          0    00000000    00000000     UNINITIALIZED

.stack     0    20000000    00000200     UNINITIALIZED
                  20000000    00000200     --HOLE--

.data      0    20000200    00000020     UNINITIALIZED
                  20000200    0000000c     rtsv7M4_T_le_v4SPD16_eabi.lib : exit.obj (.data:$O1$$)
                  2000020c    00000008                                   : _lock.obj (.data:$O1$$)
                  20000214    00000005     main.obj (.data)
                  20000219    00000003     --HOLE--
                  2000021c    00000004     rtsv7M4_T_le_v4SPD16_eabi.lib : stkdepth_vars.obj (.data)

MODULE SUMMARY

       Module                         code   ro data   rw data
       ------                         ----   -------   -------
    .\
       main.obj                       3260   46        5      
       tm4c123gh6pm_startup_ccs.obj   12     620       0      
    +--+------------------------------+------+---------+---------+
       Total:                         3272   666       5      
                                                              
    C:/ti/TivaWare_C_Series-2.1.4.178/driverlib/ccs/Debug/driverlib.lib
       gpio.obj                       486    144       0      
       sysctl.obj                     358    0         0      
       adc.obj                        326    0         0      
       uart.obj                       148    0         0      
    +--+------------------------------+------+---------+---------+
       Total:                         1318   144       0      
                                                              
    C:\ti\ccsv7\tools\compiler\ti-cgt-arm_16.9.6.LTS\lib\rtsv7M4_T_le_v4SPD16_eabi.lib
       memcpy_t2.obj                  156    0         0      
       autoinit.obj                   112    0         0      
       copy_decompress_lzss.obj       104    0         0      
       exit.obj                       84     0         12     
       boot.obj                       84     0         0      
       cpy_tbl.obj                    76     0         0      
       u_divt2.obj                    64     0         0      
       _lock.obj                      20     0         8      
       args_main.obj                  24     0         0      
       copy_decompress_none.obj       14     0         0      
       pre_init.obj                   4      0         0      
       stkdepth_vars.obj              0      0         4      
       i_div0.obj                     2      0         0      
       mpu_init.obj                   2      0         0      
       startup.obj                    2      0         0      
    +--+------------------------------+------+---------+---------+
       Total:                         748    0         24     
                                                              
       Stack:                         0      0         512    
       Linker Generated:              0      33        0      
    +--+------------------------------+------+---------+---------+
       Grand Total:                   5338   843       541    


LINKER GENERATED COPY TABLES

__TI_cinit_table @ 00001824 records: 1, size/record: 8, table size: 8
	.data: load addr=00001808, load size=00000011 bytes, run addr=20000200, run size=00000020 bytes, compression=lzss


LINKER GENERATED HANDLER TABLE

__TI_handler_table @ 0000181c records: 2, size/record: 4, table size: 8
	index: 0, handler: __TI_decompress_lzss
	index: 1, handler: __TI_decompress_none


GLOBAL SYMBOLS: SORTED ALPHABETICALLY BY Name 

address   name                           
-------   ----                           
00001715  ADCIntClear                    
000015c1  ADCIntStatus                   
00001657  ADCProcessorTrigger            
000013e9  ADCSequenceConfigure           
00001639  ADCSequenceDataGet             
000016ed  ADCSequenceEnable              
000011ed  ADCSequenceStepConfigure       
00001395  C$$EXIT                        
000015ef  GPIODirModeSet                 
00000f29  GPIOPadConfigSet               
00001485  GPIOPinConfigure               
000016c9  GPIOPinTypeADC                 
0000166f  GPIOPinTypeGPIOOutput          
000016db  GPIOPinTypeUART                
00001733  GPIOPinWrite                   
00000ead  InitConsole                    
00001709  ResetISR                       
UNDEFED   SHT$$INIT_ARRAY$$Base          
UNDEFED   SHT$$INIT_ARRAY$$Limit         
0000105d  SysCtlClockSet                 
00001739  SysCtlDelay                    
0000158d  SysCtlPeripheralEnable         
00001555  SysCtlPeripheralPresent        
0000171f  UARTCharGet                    
00001729  UARTCharPut                    
0000173f  UARTClockSourceSet             
000014cd  UARTConfigSetExpClk            
00001619  UARTDisable                    
000016a1  UARTEnable                     
0000026d  UARTStdioConfig                
000003b3  UARTgetc                       
000002f9  UARTgets                       
000006d3  UARTprintf                     
000003d9  UARTvprintf                    
000002b3  UARTwrite                      
20000200  __STACK_END                    
00000200  __STACK_SIZE                   
20000200  __STACK_TOP                    
00001824  __TI_CINIT_Base                
0000182c  __TI_CINIT_Limit               
0000181c  __TI_Handler_Table_Base        
00001824  __TI_Handler_Table_Limit       
00001269  __TI_auto_init                 
20000200  __TI_cleanup_ptr               
000012d9  __TI_decompress_lzss           
000016fb  __TI_decompress_none           
20000204  __TI_dtors_ptr                 
20000208  __TI_enable_exit_profile_output
ffffffff  __TI_pprof_out_hndl            
ffffffff  __TI_prof_data_size            
ffffffff  __TI_prof_data_start           
00000000  __TI_static_base__             
0000105b  __aeabi_idiv0                  
00001151  __aeabi_memcpy                 
00001151  __aeabi_memcpy4                
00001151  __aeabi_memcpy8                
00001513  __aeabi_uidiv                  
00001513  __aeabi_uidivmod               
ffffffff  __binit__                      
ffffffff  __c_args__                     
00001267  __mpu_init                     
20000000  __stack                        
00001689  _args_main                     
00001341  _c_int00                       
2000020c  _lock                          
000016c3  _nop                           
000016bb  _register_lock                 
000016b5  _register_unlock               
00001553  _system_post_cinit             
00001745  _system_pre_init               
20000210  _unlock                        
00001399  abort                          
ffffffff  binit                          
00001439  copy_in                        
000013a1  exit                           
00000000  g_pfnVectors                   
000006fb  main                           
2000021c  main_func_sp                   
00000ee9  map                            
00001151  memcpy                         
000008e5  setDisplay                     


GLOBAL SYMBOLS: SORTED BY Symbol Address 

address   name                           
-------   ----                           
00000000  __TI_static_base__             
00000000  g_pfnVectors                   
00000200  __STACK_SIZE                   
0000026d  UARTStdioConfig                
000002b3  UARTwrite                      
000002f9  UARTgets                       
000003b3  UARTgetc                       
000003d9  UARTvprintf                    
000006d3  UARTprintf                     
000006fb  main                           
000008e5  setDisplay                     
00000ead  InitConsole                    
00000ee9  map                            
00000f29  GPIOPadConfigSet               
0000105b  __aeabi_idiv0                  
0000105d  SysCtlClockSet                 
00001151  __aeabi_memcpy                 
00001151  __aeabi_memcpy4                
00001151  __aeabi_memcpy8                
00001151  memcpy                         
000011ed  ADCSequenceStepConfigure       
00001267  __mpu_init                     
00001269  __TI_auto_init                 
000012d9  __TI_decompress_lzss           
00001341  _c_int00                       
00001395  C$$EXIT                        
00001399  abort                          
000013a1  exit                           
000013e9  ADCSequenceConfigure           
00001439  copy_in                        
00001485  GPIOPinConfigure               
000014cd  UARTConfigSetExpClk            
00001513  __aeabi_uidiv                  
00001513  __aeabi_uidivmod               
00001553  _system_post_cinit             
00001555  SysCtlPeripheralPresent        
0000158d  SysCtlPeripheralEnable         
000015c1  ADCIntStatus                   
000015ef  GPIODirModeSet                 
00001619  UARTDisable                    
00001639  ADCSequenceDataGet             
00001657  ADCProcessorTrigger            
0000166f  GPIOPinTypeGPIOOutput          
00001689  _args_main                     
000016a1  UARTEnable                     
000016b5  _register_unlock               
000016bb  _register_lock                 
000016c3  _nop                           
000016c9  GPIOPinTypeADC                 
000016db  GPIOPinTypeUART                
000016ed  ADCSequenceEnable              
000016fb  __TI_decompress_none           
00001709  ResetISR                       
00001715  ADCIntClear                    
0000171f  UARTCharGet                    
00001729  UARTCharPut                    
00001733  GPIOPinWrite                   
00001739  SysCtlDelay                    
0000173f  UARTClockSourceSet             
00001745  _system_pre_init               
0000181c  __TI_Handler_Table_Base        
00001824  __TI_CINIT_Base                
00001824  __TI_Handler_Table_Limit       
0000182c  __TI_CINIT_Limit               
20000000  __stack                        
20000200  __STACK_END                    
20000200  __STACK_TOP                    
20000200  __TI_cleanup_ptr               
20000204  __TI_dtors_ptr                 
20000208  __TI_enable_exit_profile_output
2000020c  _lock                          
20000210  _unlock                        
2000021c  main_func_sp                   
ffffffff  __TI_pprof_out_hndl            
ffffffff  __TI_prof_data_size            
ffffffff  __TI_prof_data_start           
ffffffff  __binit__                      
ffffffff  __c_args__                     
ffffffff  binit                          
UNDEFED   SHT$$INIT_ARRAY$$Base          
UNDEFED   SHT$$INIT_ARRAY$$Limit         

[81 symbols]
