******************************************************************************
                  TI ARM Linker PC v18.12.3                    
******************************************************************************
>> Linked Wed Jan 29 11:54:40 2020

OUTPUT FILE NAME:   <1227PGE_adding_freeRTOS.out>
ENTRY POINT SYMBOL: "_c_int00"  address: 0000f490


MEMORY CONFIGURATION

         name            origin    length      used     unused   attr    fill
----------------------  --------  ---------  --------  --------  ----  --------
  VECTORS               00000000   00000020  00000020  00000000     X
  KERNEL                00000020   00008000  00006a58  000015a8  R  X
  FLASH0                00008020   00137fe0  0000895c  0012f684  R  X
  STACKS                08000000   00001500  00000000  00001500  RW  
  KRAM                  08001500   00000800  00000140  000006c0  RW  
  RAM                   08001d00   0002e300  0000282c  0002bad4  RW  


SEGMENT ALLOCATION MAP

run origin  load origin   length   init length attrs members
----------  ----------- ---------- ----------- ----- -------
00000000    00000000    00006a78   00006a78    r-x
  00000000    00000000    00000020   00000020    r-x .intvecs
  00000020    00000020    00006a08   00006a08    r-x .kernelTEXT
  00006a28    00006a28    00000050   00000050    r-- .cinit
00008020    00008020    0000895c   0000895c    r-x
  00008020    00008020    0000875c   0000875c    r-x .text
  0001077c    0001077c    00000200   00000200    r-- .const
08001500    08001500    00000140   00000000    rw-
  08001500    08001500    00000140   00000000    rw- .kernelBSS
08001d00    08001d00    0000282c   00000000    rw-
  08001d00    08001d00    00002000   00000000    rw- .kernelHEAP
  08003d00    08003d00    00000814   00000000    rw- .bss
  08004514    08004514    00000018   00000000    rw- .data


SECTION ALLOCATION MAP

 output                                  attributes/
section   page    origin      length       input sections
--------  ----  ----------  ----------   ----------------
.intvecs   0    00000000    00000020     
                  00000000    00000020     sys_intvecs.obj (.intvecs)

.kernelTEXT 
*          0    00000020    00006a08     
                  00000020    000030e4     os_tasks.obj (.kernelTEXT)
                  00003104    00001790     os_queue.obj (.kernelTEXT)
                  00004894    00000cf0     os_timer.obj (.kernelTEXT)
                  00005584    00000894     os_event_groups.obj (.kernelTEXT)
                  00005e18    000004b0     os_portasm.obj (.kernelTEXT)
                  000062c8    000003e0     os_port.obj (.kernelTEXT)
                  000066a8    00000380     os_heap.obj (.kernelTEXT)

.cinit     0    00006a28    00000050     
                  00006a28    0000000c     (__TI_handler_table)
                  00006a34    0000000b     (.cinit..data.load) [load image, compression = lzss]
                  00006a3f    00000009     (.cinit..kernelBSS.load) [load image, compression = lzss]
                  00006a48    00000008     (.cinit..bss.load) [load image, compression = zero_init]
                  00006a50    00000008     (.cinit..kernelHEAP.load) [load image, compression = zero_init]
                  00006a58    00000020     (__TI_cinit_table)

.text      0    00008020    0000875c     
                  00008020    00002cdc     sys_selftest.obj (.text)
                  0000acfc    00000e94     os_mpu_wrappers.obj (.text)
                  0000bb90    00000b28     system.obj (.text)
                  0000c6b8    00000a58     sys_vim.obj (.text)
                  0000d110    000008cc     pinmux.obj (.text)
                  0000d9dc    000007a8     sci.obj (.text)
                  0000e184    000005bc     esm.obj (.text)
                  0000e740    00000484     gio.obj (.text)
                  0000ebc4    0000034c     sys_core.obj (.text)
                  0000ef10    000002cc     sys_vim.obj (.text:retain)
                  0000f1dc    000002b4     sys_main.obj (.text)
                  0000f490    0000027c     sys_startup.obj (.text:retain)
                  0000f70c    00000278     os_heap.obj (.text)
                  0000f984    00000238     os_list.obj (.text)
                  0000fbbc    00000204     sci.obj (.text:retain)
                  0000fdc0    000001b4     os_port.obj (.text)
                  0000ff74    00000164     os_tasks.obj (.text)
                  000100d8    00000114     esm.obj (.text:retain)
                  000101ec    000000e8     dabort.obj (.text)
                  000102d4    000000e0     rtsv7R4_T_be_v3D16_eabi.lib : s_floor.c.obj (.text:floor)
                  000103b4    000000e0     sys_pmu.obj (.text)
                  00010494    0000009c     rtsv7R4_T_be_v3D16_eabi.lib : memcpy_t2.asm.obj (.text)
                  00010530    00000094     notification.obj (.text)
                  000105c4    0000007a     rtsv7R4_T_be_v3D16_eabi.lib : memset_t2.asm.obj (.text)
                  0001063e    0000006c                                 : copy_decompress_lzss.c.obj (.text:decompress:lzss:__TI_decompress_lzss)
                  000106aa    00000054                                 : ltoa.c.obj (.text:ltoa)
                  000106fe    00000002     --HOLE-- [fill = 0]
                  00010700    00000044                                 : autoinit.c.obj (.text:__TI_auto_init_nobinit_nopinit:__TI_auto_init_nobinit_nopinit)
                  00010744    00000016                                 : strlen.c.obj (.text:strlen)
                  0001075a    0000000e                                 : copy_decompress_none.c.obj (.text:decompress:none:__TI_decompress_none)
                  00010768    0000000c                                 : copy_zero_init.c.obj (.text:decompress:ZI:__TI_zero_init)
                  00010774    00000004                                 : exit.c.obj (.text:abort:abort)
                  00010778    00000004     sys_phantom.obj (.text:retain)

.const     0    0001077c    00000200     
                  0001077c    00000200     sys_vim.obj (.const:s_vim_init)

.kernelBSS 
*          0    08001500    00000140     UNINITIALIZED
                  08001500    000000d0     os_tasks.obj (.kernelBSS:uninit)
                  080015d0    00000034     os_tasks.obj (.kernelBSS:init)
                  08001604    00000030     os_timer.obj (.kernelBSS:uninit)
                  08001634    0000000c     os_timer.obj (.kernelBSS:init)

.kernelHEAP 
*          0    08001d00    00002000     UNINITIALIZED
                  08001d00    00002000     os_heap.obj (.kernelHEAP)

.bss       0    08003d00    00000814     UNINITIALIZED
                  08003d00    00000400     sys_main.obj (.bss:uxTimerTaskStack$4)
                  08004100    00000200     sys_main.obj (.bss:uxIdleTaskStack$2)
                  08004300    000000ac     sys_main.obj (.bss:xIdleTaskTCB$1)
                  080043ac    000000ac     sys_main.obj (.bss:xTimerTaskTCB$3)
                  08004458    00000048     os_timer.obj (.bss:xStaticTimerQueue$2)
                  080044a0    00000040     os_timer.obj (.bss:ucStaticTimerQueueStorage$3)
                  080044e0    00000028     sci.obj (.bss:g_sciTransfer_t)
                  08004508    00000008     os_heap.obj (.bss:xStart)
                  08004510    00000004     (.common:xq)

.data      0    08004514    00000018     UNINITIALIZED
                  08004514    00000010     os_heap.obj (.data)
                  08004524    00000008     os_port.obj (.data)

MODULE SUMMARY

       Module                       code    ro data   rw data
       ------                       ----    -------   -------
    .\source\
       os_tasks.obj                 12872   0         260    
       sys_selftest.obj             11484   0         0      
       os_heap.obj                  1528    0         8216   
       os_queue.obj                 6032    0         0      
       sys_vim.obj                  3364    512       0      
       os_mpu_wrappers.obj          3732    0         0      
       os_timer.obj                 3312    0         196    
       system.obj                   2856    0         0      
       sys_main.obj                 692     0         1884   
       sci.obj                      2476    0         40     
       pinmux.obj                   2252    0         0      
       os_event_groups.obj          2196    0         0      
       esm.obj                      1744    0         0      
       os_port.obj                  1428    0         8      
       os_portasm.obj               1200    0         0      
       gio.obj                      1156    0         0      
       sys_core.obj                 844     0         0      
       sys_startup.obj              636     0         0      
       os_list.obj                  568     0         0      
       dabort.obj                   232     0         0      
       sys_pmu.obj                  224     0         0      
       notification.obj             148     0         0      
       sys_intvecs.obj              32      0         0      
       sys_phantom.obj              4       0         0      
    +--+----------------------------+-------+---------+---------+
       Total:                       61012   512       10604  
                                                             
    C:/ti/ccs920/ccs/tools/compiler/ti-cgt-arm_18.12.3.LTS/lib/rtsv7R4_T_be_v3D16_eabi.lib
       s_floor.c.obj                224     0         0      
       memcpy_t2.asm.obj            156     0         0      
       memset_t2.asm.obj            122     0         0      
       copy_decompress_lzss.c.obj   108     0         0      
       ltoa.c.obj                   84      0         0      
       autoinit.c.obj               68      0         0      
       strlen.c.obj                 22      0         0      
       copy_decompress_none.c.obj   14      0         0      
       copy_zero_init.c.obj         12      0         0      
       exit.c.obj                   4       0         0      
    +--+----------------------------+-------+---------+---------+
       Total:                       814     0         0      
                                                             
       Linker Generated:            0       80        0      
    +--+----------------------------+-------+---------+---------+
       Grand Total:                 61826   592       10604  


LINKER GENERATED COPY TABLES

__TI_cinit_table @ 00006a58 records: 4, size/record: 8, table size: 32
	.data: load addr=00006a34, load size=0000000b bytes, run addr=08004514, run size=00000018 bytes, compression=lzss
	.kernelBSS: load addr=00006a3f, load size=00000009 bytes, run addr=08001500, run size=00000140 bytes, compression=lzss
	.bss: load addr=00006a48, load size=00000008 bytes, run addr=08003d00, run size=00000814 bytes, compression=zero_init
	.kernelHEAP: load addr=00006a50, load size=00000008 bytes, run addr=08001d00, run size=00002000 bytes, compression=zero_init


LINKER GENERATED HANDLER TABLE

__TI_handler_table @ 00006a28 records: 3, size/record: 4, table size: 12
	index: 0, handler: __TI_decompress_lzss
	index: 1, handler: __TI_decompress_none
	index: 2, handler: __TI_zero_init


GLOBAL SYMBOLS: SORTED ALPHABETICALLY BY Name 

address   name                                   
-------   ----                                   
00010775  C$$EXIT                                
0000af38  MPU_eTaskGetState                      
0000b0a0  MPU_pcTaskGetName                      
0000b8d4  MPU_pcTimerGetName                     
0000b180  MPU_pvTaskGetThreadLocalStoragePointer 
0000b7b8  MPU_pvTimerGetTimerID                  
0000b298  MPU_ulTaskNotifyTake                   
0000b454  MPU_uxQueueMessagesWaiting             
0000b488  MPU_uxQueueSpacesAvailable             
0000b074  MPU_uxTaskGetNumberOfTasks             
0000b108  MPU_uxTaskGetStackHighWaterMark        
0000af04  MPU_uxTaskPriorityGet                  
0000bb64  MPU_vEventGroupDelete                  
0000b4bc  MPU_vQueueDelete                       
0000ae10  MPU_vTaskAllocateMPURegions            
0000ae70  MPU_vTaskDelay                         
0000ae9c  MPU_vTaskDelayUntil                    
0000ae44  MPU_vTaskDelete                        
0000af6c  MPU_vTaskPrioritySet                   
0000afcc  MPU_vTaskResume                        
0000b13c  MPU_vTaskSetThreadLocalStoragePointer  
0000b310  MPU_vTaskSetTimeOutState               
0000afa0  MPU_vTaskSuspend                       
0000aff8  MPU_vTaskSuspendAll                    
0000b7ec  MPU_vTimerSetTimerID                   
0000ba88  MPU_xEventGroupClearBits               
0000b9cc  MPU_xEventGroupCreate                  
0000b9f8  MPU_xEventGroupCreateStatic            
0000bacc  MPU_xEventGroupSetBits                 
0000bb10  MPU_xEventGroupSync                    
0000ba2c  MPU_xEventGroupWaitBits                
0000b560  MPU_xQueueCreateCountingSemaphore      
0000b5a4  MPU_xQueueCreateCountingSemaphoreStatic
0000b4e8  MPU_xQueueCreateMutex                  
0000b51c  MPU_xQueueCreateMutexStatic            
0000b668  MPU_xQueueGenericCreate                
0000b6b4  MPU_xQueueGenericCreateStatic          
0000b400  MPU_xQueueGenericReceive               
0000b710  MPU_xQueueGenericReset                 
0000b3ac  MPU_xQueueGenericSend                  
0000b634  MPU_xQueueGiveMutexRecursive           
0000b5f0  MPU_xQueueTakeMutexRecursive           
0000aed0  MPU_xTaskAbortDelay                    
0000b33c  MPU_xTaskCheckForTimeOut               
0000acfc  MPU_xTaskCreate                        
0000adcc  MPU_xTaskCreateRestricted              
0000ad60  MPU_xTaskCreateStatic                  
0000b1f0  MPU_xTaskGenericNotify                 
0000b0d4  MPU_xTaskGetHandle                     
0000b1c4  MPU_xTaskGetIdleTaskHandle             
0000b380  MPU_xTaskGetSchedulerState             
0000b048  MPU_xTaskGetTickCount                  
0000b2dc  MPU_xTaskNotifyStateClear              
0000b244  MPU_xTaskNotifyWait                    
0000b01c  MPU_xTaskResumeAll                     
0000b754  MPU_xTimerCreateStatic                 
0000b970  MPU_xTimerGenericCommand               
0000b93c  MPU_xTimerGetExpiryTime                
0000b908  MPU_xTimerGetPeriod                    
0000b854  MPU_xTimerGetTimerDaemonTaskHandle     
0000b820  MPU_xTimerIsTimerActive                
0000b880  MPU_xTimerPendFunctionCall             
UNDEFED   SHT$$INIT_ARRAY$$Base                  
UNDEFED   SHT$$INIT_ARRAY$$Limit                 
00006a58  __TI_CINIT_Base                        
00006a78  __TI_CINIT_Limit                       
00006a28  __TI_Handler_Table_Base                
00006a34  __TI_Handler_Table_Limit               
0000ef08  __TI_PINIT_Base                        
0000ef0c  __TI_PINIT_Limit                       
00010701  __TI_auto_init_nobinit_nopinit         
0001063f  __TI_decompress_lzss                   
0001075b  __TI_decompress_none                   
ffffffff  __TI_pprof_out_hndl                    
ffffffff  __TI_prof_data_size                    
ffffffff  __TI_prof_data_start                   
00000000  __TI_static_base__                     
00010769  __TI_zero_init                         
000105c5  __aeabi_memclr                         
000105c5  __aeabi_memclr4                        
000105c5  __aeabi_memclr8                        
00010495  __aeabi_memcpy                         
00010495  __aeabi_memcpy4                        
00010495  __aeabi_memcpy8                        
000105c7  __aeabi_memset                         
000105c7  __aeabi_memset4                        
000105c7  __aeabi_memset8                        
ffffffff  __binit__                              
ffffffff  __c_args__                             
0000f490  _c_int00                               
0000ee20  _coreClearAuxiliaryDataFault_          
0000ee34  _coreClearAuxiliaryInstructionFault_   
0000edf8  _coreClearDataFaultAddress_            
0000edd0  _coreClearDataFault_                   
0000ee0c  _coreClearInstructionFaultAddress_     
0000ede4  _coreClearInstructionFault_            
0000ed64  _coreDisableEventBusExport_            
0000eda8  _coreDisableFlashEcc_                  
0000ed84  _coreDisableRamEcc_                    
0000ed54  _coreEnableEventBusExport_             
0000ed94  _coreEnableFlashEcc_                   
0000edb8  _coreEnableIrqVicOffset_               
0000ed74  _coreEnableRamEcc_                     
0000ed3c  _coreEnableVfp_                        
0000ee18  _coreGetAuxiliaryDataFault_            
0000ee2c  _coreGetAuxiliaryInstructionFault_     
0000edf0  _coreGetDataFaultAddress_              
0000edc8  _coreGetDataFault_                     
0000ee04  _coreGetInstructionFaultAddress_       
0000eddc  _coreGetInstructionFault_              
0000ebc4  _coreInitRegisters_                    
0000ecd0  _coreInitStackPointer_                 
000101ec  _dabort                                
0000ee48  _disable_FIQ_interrupt_                
0000ee50  _disable_IRQ_interrupt_                
0000ee40  _disable_interrupt_                    
0000ee58  _enable_interrupt_                     
0000eee8  _errata_CORTEXR4_57_                   
0000eef8  _errata_CORTEXR4_66_                   
0000ee60  _esmCcmErrorsClear_                    
0000ed1c  _getCPSRValue_                         
0000ed24  _gotoCPUIdle_                          
00010410  _pmuDisableCountersGlobal_             
00010400  _pmuEnableCountersGlobal_              
0001046c  _pmuGetCycleCount_                     
00010474  _pmuGetEventCount_                     
00010480  _pmuGetOverflow_                       
000103b4  _pmuInit_                              
00010440  _pmuResetCounters_                     
00010420  _pmuResetCycleCounter_                 
00010430  _pmuResetEventCounters_                
00010460  _pmuSetCountEvent_                     
00010450  _pmuStartCounters_                     
00010458  _pmuStopCounters_                      
UNDEFED   _system_post_cinit                     
00010775  abort                                  
0000926c  adc1ParityCheck                        
00009358  adc2ParityCheck                        
ffffffff  binit                                  
00009410  can1ParityCheck                        
000094e8  can2ParityCheck                        
000095b0  can3ParityCheck                        
00008030  ccmSelfCheck                           
0000a6fc  ccmr4GetConfigValue                    
00008938  checkB0RAMECC                          
00008b28  checkB1RAMECC                          
00009c18  checkClockMonitor                      
00008d18  checkFlashECC                          
00009cf4  checkFlashEEPROMECC                    
00009e8c  checkPLL1Slip                          
00009f8c  checkPLL2Slip                          
0000a050  checkRAMAddrParity                     
000099d0  checkRAMECC                            
0000a15c  checkRAMUERRTest                       
000087bc  checkefcSelfTest                       
00008234  cpuSelfTest                            
00008dfc  cpuSelfTestFail                        
00008df4  custom_dabort                          
0000ab58  disableParity                          
000105b0  dmaGroupANotification                  
00008eac  dmaParityCheck                         
00002110  eTaskConfirmSleepModeStatus            
00000994  eTaskGetState                          
00008660  efcCheck                               
0000a660  efcGetConfigValue                      
00008794  efcSelfTest                            
000086e8  efcStuckZeroTest                       
0000aad0  enableParity                           
0000a76c  errata_PBIST_4                         
0000e308  esmActivateNormalOperation             
0000e3dc  esmClearStatus                         
0000e41c  esmClearStatusBuffer                   
0000e2d0  esmDisableError                        
0000e340  esmDisableInterrupt                    
0000e2a8  esmEnableError                         
0000e318  esmEnableInterrupt                     
0000e514  esmEnterSelfTest                       
0000e28c  esmError                               
0000e5ec  esmGetConfigValue                      
0000e458  esmGetStatus                           
0000e4dc  esmGetStatusBuffer                     
00010530  esmGroup1Notification                  
00010540  esmGroup2Notification                  
000100d8  esmHighInterrupt                       
0000e184  esmInit                                
0000e59c  esmSelfTestStatus                      
0000e438  esmSetCounterPreloadValue              
0000e368  esmSetInterruptLevel                   
0000e2f8  esmTriggerErrorPinReset                
000102d5  floor                                  
000102d5  floorl                                 
0000a2c4  fmcBus1ParityCheck                     
0000885c  fmcBus2Check                           
00008898  fmcECCcheck                            
0000e9a0  gioDisableNotification                 
0000e938  gioEnableNotification                  
0000e8a0  gioGetBit                              
0000ea08  gioGetConfigValue                      
0000e8c8  gioGetPort                             
0000e740  gioInit                                
00010588  gioNotification                        
0000e830  gioSetBit                              
0000e810  gioSetDirection                        
0000e880  gioSetPort                             
0000e8e0  gioToggleBit                           
00008f58  het1ParityCheck                        
000090c0  het2ParityCheck                        
00009004  htu1ParityCheck                        
000091bc  htu2ParityCheck                        
000106ab  ltoa                                   
0000f1dc  main                                   
0000bccc  mapClocks                              
00010495  memcpy                                 
00008174  memoryInit                             
00010550  memoryPort0TestFailNotification        
0001056c  memoryPort1TestFailNotification        
000105cd  memset                                 
00009684  mibspi1ParityCheck                     
0000978c  mibspi3ParityCheck                     
000098b0  mibspi5ParityCheck                     
0000d110  muxInit                                
0000a3ec  pbistFail                              
0000a470  pbistGetConfigValue                    
000085a8  pbistIsTestCompleted                   
000085d4  pbistIsTestPassed                      
00008608  pbistPortTestStatus                    
000084ac  pbistRun                               
000082cc  pbistSelfCheck                         
00008578  pbistStop                              
000014f0  pcTaskGetName                          
00004c70  pcTimerGetName                         
0000bc78  periphInit                             
00010778  phantomInterrupt                       
0000d5c4  pinmuxGetConfigValue                   
000062a0  prvMpuDisable                          
00006288  prvMpuEnable                           
00006270  prvMpuSetRegion                        
000066a8  pvPortMalloc                           
000021e8  pvTaskGetThreadLocalStoragePointer     
00002860  pvTaskIncrementMutexHeldCount          
00005404  pvTimerGetTimerID                      
080015d0  pxCurrentTCB                           
000062c8  pxPortInitialiseStack                  
00000000  resetEntry                             
0000dea4  sciDisableLoopback                     
0000df30  sciDisableNotification                 
0000de70  sciEnableLoopback                      
0000dec8  sciEnableNotification                  
0000df98  sciEnterResetState                     
0000dfb8  sciExitResetState                      
0000dfd8  sciGetConfigValue                      
0000fbbc  sciHighLevelInterrupt                  
0000d9dc  sciInit                                
0000dd20  sciIsIdleDetected                      
0000dd04  sciIsRxReady                           
0000db84  sciIsTxReady                           
0001059c  sciNotification                        
0000dd98  sciReceive                             
0000dd6c  sciReceiveByte                         
0000dd3c  sciRxError                             
0000dbd0  sciSend                                
0000dba0  sciSendByte                            
0000dae8  sciSetBaudrate                         
0000dac8  sciSetFunctional                       
00008020  selftestFailNotification               
0000bc38  setupFlash                             
0000bb90  setupPLL                               
0000c4b0  sramGetConfigValue                     
0000a5bc  stcGetConfigValue                      
000081b8  stcSelfCheck                           
00008df8  stcSelfCheckFail                       
00010745  strlen                                 
0000bef0  systemGetConfigValue                   
0000bdf4  systemInit                             
0000bec0  systemPowerDown                        
0000c304  tcmflashGetConfigValue                 
0000bbf0  trimLPO                                
08004524  ulCriticalNesting                      
00006198  ulPortCountLeadingZeros                
08004528  ulTaskHasFPUContext                    
00002894  ulTaskNotifyTake                       
0000fb30  uxListRemove                           
000042f8  uxQueueMessagesWaiting                 
0000437c  uxQueueMessagesWaitingFromISR          
00004330  uxQueueSpacesAvailable                 
000014dc  uxTaskGetNumberOfTasks                 
0000242c  uxTaskGetStackHighWaterMark            
00000a98  uxTaskPriorityGet                      
00000adc  uxTaskPriorityGetFromISR               
00002824  uxTaskResetEventItemValue              
0000f3ac  vApplicationGetIdleTaskMemory          
0000f3e8  vApplicationGetTimerTaskMemory         
0000f3a8  vApplicationMallocFailedHook           
00005d90  vEventGroupClearBitsCallback           
00005ce0  vEventGroupDelete                      
00005d74  vEventGroupSetBitsCallback             
0000f984  vListInitialise                        
0000f9dc  vListInitialiseItem                    
0000fa6c  vListInsert                            
0000f9f8  vListInsertEnd                         
00006674  vPortEndScheduler                      
00006900  vPortFree                              
00006a10  vPortInitialiseBlocks                  
0000618c  vPortInitialiseFPSCR                   
0000608c  vPortPreemptiveTick                    
000061a0  vPortSWI                               
00005e1c  vPortStartFirstTask                    
000063dc  vPortStoreTaskMPUSettings              
00005f98  vPortYeildWithinAPI                    
00005eac  vPortYieldProcessor                    
000043ac  vQueueDelete                           
00004804  vQueueWaitForMessageRestricted         
00002254  vTaskAllocateMPURegions                
00000910  vTaskDelay                             
000007a4  vTaskDelayUntil                        
0000063c  vTaskDelete                            
00001218  vTaskEndScheduler                      
000020f8  vTaskMissedYield                       
00002e58  vTaskNotifyGiveFromISR                 
00001c64  vTaskPlaceOnEventList                  
00001d2c  vTaskPlaceOnEventListRestricted        
00001ca8  vTaskPlaceOnUnorderedEventList         
00002560  vTaskPriorityInherit                   
00000b24  vTaskPrioritySet                       
00000f48  vTaskResume                            
00002190  vTaskSetThreadLocalStoragePointer      
00001f80  vTaskSetTimeOutState                   
00001114  vTaskStartScheduler                    
00001804  vTaskStepTick                          
00000d40  vTaskSuspend                           
00001234  vTaskSuspendAll                        
00001b84  vTaskSwitchContext                     
00005444  vTimerSetTimerID                       
0000c78c  vimChannelMap                          
0000c9f8  vimDisableInterrupt                    
0000c830  vimEnableInterrupt                     
0000caa4  vimGetConfigValue                      
0000c6b8  vimInit                                
00008e00  vimParityCheck                         
0000ef10  vimParityErrorHandler                  
00005a7c  xEventGroupClearBits                   
000055e0  xEventGroupCreate                      
00005584  xEventGroupCreateStatic                
00005b00  xEventGroupGetBitsFromISR              
00005b30  xEventGroupSetBits                     
00005628  xEventGroupSync                        
00005828  xEventGroupWaitBits                    
000069f8  xPortGetFreeHeapSize                   
00006a04  xPortGetMinimumEverFreeHeapSize        
00006650  xPortStartScheduler                    
0000375c  xQueueCreateCountingSemaphore          
000036b8  xQueueCreateCountingSemaphoreStatic    
000034fc  xQueueCreateMutex                      
00003540  xQueueCreateMutexStatic                
00003380  xQueueGenericCreate                    
0000322c  xQueueGenericCreateStatic              
00003da4  xQueueGenericReceive                   
00003104  xQueueGenericReset                     
000037e8  xQueueGenericSend                      
00003aa8  xQueueGenericSendFromISR               
00003c38  xQueueGiveFromISR                      
00003594  xQueueGiveMutexRecursive               
00004728  xQueueIsQueueEmptyFromISR              
000047b4  xQueueIsQueueFullFromISR               
00004204  xQueuePeekFromISR                      
000040bc  xQueueReceiveFromISR                   
0000361c  xQueueTakeMutexRecursive               
0000185c  xTaskAbortDelay                        
00001fc0  xTaskCheckForTimeOut                   
000001e8  xTaskCreate                            
0000010c  xTaskCreateRestricted                  
00000020  xTaskCreateStatic                      
00002a88  xTaskGenericNotify                     
00002c58  xTaskGenericNotifyFromISR              
000024f4  xTaskGetCurrentTaskHandle              
000016c4  xTaskGetHandle                         
000017c8  xTaskGetIdleTaskHandle                 
00002510  xTaskGetSchedulerState                 
0000149c  xTaskGetTickCount                      
000014b8  xTaskGetTickCountFromISR               
0000195c  xTaskIncrementTick                     
0001005c  xTaskNotifyStateClear                  
00002970  xTaskNotifyWait                        
000026bc  xTaskPriorityDisinherit                
00001d88  xTaskRemoveFromEventList               
00001e7c  xTaskRemoveFromUnorderedEventList      
000012ec  xTaskResumeAll                         
0000102c  xTaskResumeFromISR                     
00004944  xTimerCreate                           
000049b0  xTimerCreateStatic                     
00004894  xTimerCreateTimerTask                  
00004af4  xTimerGenericCommand                   
00004c38  xTimerGetExpiryTime                    
00004c08  xTimerGetPeriod                        
00004bd0  xTimerGetTimerDaemonTaskHandle         
00005394  xTimerIsTimerActive                    
000054e4  xTimerPendFunctionCall                 
00005484  xTimerPendFunctionCallFromISR          
08004510  xq                                     


GLOBAL SYMBOLS: SORTED BY Symbol Address 

address   name                                   
-------   ----                                   
00000000  __TI_static_base__                     
00000000  resetEntry                             
00000020  xTaskCreateStatic                      
0000010c  xTaskCreateRestricted                  
000001e8  xTaskCreate                            
0000063c  vTaskDelete                            
000007a4  vTaskDelayUntil                        
00000910  vTaskDelay                             
00000994  eTaskGetState                          
00000a98  uxTaskPriorityGet                      
00000adc  uxTaskPriorityGetFromISR               
00000b24  vTaskPrioritySet                       
00000d40  vTaskSuspend                           
00000f48  vTaskResume                            
0000102c  xTaskResumeFromISR                     
00001114  vTaskStartScheduler                    
00001218  vTaskEndScheduler                      
00001234  vTaskSuspendAll                        
000012ec  xTaskResumeAll                         
0000149c  xTaskGetTickCount                      
000014b8  xTaskGetTickCountFromISR               
000014dc  uxTaskGetNumberOfTasks                 
000014f0  pcTaskGetName                          
000016c4  xTaskGetHandle                         
000017c8  xTaskGetIdleTaskHandle                 
00001804  vTaskStepTick                          
0000185c  xTaskAbortDelay                        
0000195c  xTaskIncrementTick                     
00001b84  vTaskSwitchContext                     
00001c64  vTaskPlaceOnEventList                  
00001ca8  vTaskPlaceOnUnorderedEventList         
00001d2c  vTaskPlaceOnEventListRestricted        
00001d88  xTaskRemoveFromEventList               
00001e7c  xTaskRemoveFromUnorderedEventList      
00001f80  vTaskSetTimeOutState                   
00001fc0  xTaskCheckForTimeOut                   
000020f8  vTaskMissedYield                       
00002110  eTaskConfirmSleepModeStatus            
00002190  vTaskSetThreadLocalStoragePointer      
000021e8  pvTaskGetThreadLocalStoragePointer     
00002254  vTaskAllocateMPURegions                
0000242c  uxTaskGetStackHighWaterMark            
000024f4  xTaskGetCurrentTaskHandle              
00002510  xTaskGetSchedulerState                 
00002560  vTaskPriorityInherit                   
000026bc  xTaskPriorityDisinherit                
00002824  uxTaskResetEventItemValue              
00002860  pvTaskIncrementMutexHeldCount          
00002894  ulTaskNotifyTake                       
00002970  xTaskNotifyWait                        
00002a88  xTaskGenericNotify                     
00002c58  xTaskGenericNotifyFromISR              
00002e58  vTaskNotifyGiveFromISR                 
00003104  xQueueGenericReset                     
0000322c  xQueueGenericCreateStatic              
00003380  xQueueGenericCreate                    
000034fc  xQueueCreateMutex                      
00003540  xQueueCreateMutexStatic                
00003594  xQueueGiveMutexRecursive               
0000361c  xQueueTakeMutexRecursive               
000036b8  xQueueCreateCountingSemaphoreStatic    
0000375c  xQueueCreateCountingSemaphore          
000037e8  xQueueGenericSend                      
00003aa8  xQueueGenericSendFromISR               
00003c38  xQueueGiveFromISR                      
00003da4  xQueueGenericReceive                   
000040bc  xQueueReceiveFromISR                   
00004204  xQueuePeekFromISR                      
000042f8  uxQueueMessagesWaiting                 
00004330  uxQueueSpacesAvailable                 
0000437c  uxQueueMessagesWaitingFromISR          
000043ac  vQueueDelete                           
00004728  xQueueIsQueueEmptyFromISR              
000047b4  xQueueIsQueueFullFromISR               
00004804  vQueueWaitForMessageRestricted         
00004894  xTimerCreateTimerTask                  
00004944  xTimerCreate                           
000049b0  xTimerCreateStatic                     
00004af4  xTimerGenericCommand                   
00004bd0  xTimerGetTimerDaemonTaskHandle         
00004c08  xTimerGetPeriod                        
00004c38  xTimerGetExpiryTime                    
00004c70  pcTimerGetName                         
00005394  xTimerIsTimerActive                    
00005404  pvTimerGetTimerID                      
00005444  vTimerSetTimerID                       
00005484  xTimerPendFunctionCallFromISR          
000054e4  xTimerPendFunctionCall                 
00005584  xEventGroupCreateStatic                
000055e0  xEventGroupCreate                      
00005628  xEventGroupSync                        
00005828  xEventGroupWaitBits                    
00005a7c  xEventGroupClearBits                   
00005b00  xEventGroupGetBitsFromISR              
00005b30  xEventGroupSetBits                     
00005ce0  vEventGroupDelete                      
00005d74  vEventGroupSetBitsCallback             
00005d90  vEventGroupClearBitsCallback           
00005e1c  vPortStartFirstTask                    
00005eac  vPortYieldProcessor                    
00005f98  vPortYeildWithinAPI                    
0000608c  vPortPreemptiveTick                    
0000618c  vPortInitialiseFPSCR                   
00006198  ulPortCountLeadingZeros                
000061a0  vPortSWI                               
00006270  prvMpuSetRegion                        
00006288  prvMpuEnable                           
000062a0  prvMpuDisable                          
000062c8  pxPortInitialiseStack                  
000063dc  vPortStoreTaskMPUSettings              
00006650  xPortStartScheduler                    
00006674  vPortEndScheduler                      
000066a8  pvPortMalloc                           
00006900  vPortFree                              
000069f8  xPortGetFreeHeapSize                   
00006a04  xPortGetMinimumEverFreeHeapSize        
00006a10  vPortInitialiseBlocks                  
00006a28  __TI_Handler_Table_Base                
00006a34  __TI_Handler_Table_Limit               
00006a58  __TI_CINIT_Base                        
00006a78  __TI_CINIT_Limit                       
00008020  selftestFailNotification               
00008030  ccmSelfCheck                           
00008174  memoryInit                             
000081b8  stcSelfCheck                           
00008234  cpuSelfTest                            
000082cc  pbistSelfCheck                         
000084ac  pbistRun                               
00008578  pbistStop                              
000085a8  pbistIsTestCompleted                   
000085d4  pbistIsTestPassed                      
00008608  pbistPortTestStatus                    
00008660  efcCheck                               
000086e8  efcStuckZeroTest                       
00008794  efcSelfTest                            
000087bc  checkefcSelfTest                       
0000885c  fmcBus2Check                           
00008898  fmcECCcheck                            
00008938  checkB0RAMECC                          
00008b28  checkB1RAMECC                          
00008d18  checkFlashECC                          
00008df4  custom_dabort                          
00008df8  stcSelfCheckFail                       
00008dfc  cpuSelfTestFail                        
00008e00  vimParityCheck                         
00008eac  dmaParityCheck                         
00008f58  het1ParityCheck                        
00009004  htu1ParityCheck                        
000090c0  het2ParityCheck                        
000091bc  htu2ParityCheck                        
0000926c  adc1ParityCheck                        
00009358  adc2ParityCheck                        
00009410  can1ParityCheck                        
000094e8  can2ParityCheck                        
000095b0  can3ParityCheck                        
00009684  mibspi1ParityCheck                     
0000978c  mibspi3ParityCheck                     
000098b0  mibspi5ParityCheck                     
000099d0  checkRAMECC                            
00009c18  checkClockMonitor                      
00009cf4  checkFlashEEPROMECC                    
00009e8c  checkPLL1Slip                          
00009f8c  checkPLL2Slip                          
0000a050  checkRAMAddrParity                     
0000a15c  checkRAMUERRTest                       
0000a2c4  fmcBus1ParityCheck                     
0000a3ec  pbistFail                              
0000a470  pbistGetConfigValue                    
0000a5bc  stcGetConfigValue                      
0000a660  efcGetConfigValue                      
0000a6fc  ccmr4GetConfigValue                    
0000a76c  errata_PBIST_4                         
0000aad0  enableParity                           
0000ab58  disableParity                          
0000acfc  MPU_xTaskCreate                        
0000ad60  MPU_xTaskCreateStatic                  
0000adcc  MPU_xTaskCreateRestricted              
0000ae10  MPU_vTaskAllocateMPURegions            
0000ae44  MPU_vTaskDelete                        
0000ae70  MPU_vTaskDelay                         
0000ae9c  MPU_vTaskDelayUntil                    
0000aed0  MPU_xTaskAbortDelay                    
0000af04  MPU_uxTaskPriorityGet                  
0000af38  MPU_eTaskGetState                      
0000af6c  MPU_vTaskPrioritySet                   
0000afa0  MPU_vTaskSuspend                       
0000afcc  MPU_vTaskResume                        
0000aff8  MPU_vTaskSuspendAll                    
0000b01c  MPU_xTaskResumeAll                     
0000b048  MPU_xTaskGetTickCount                  
0000b074  MPU_uxTaskGetNumberOfTasks             
0000b0a0  MPU_pcTaskGetName                      
0000b0d4  MPU_xTaskGetHandle                     
0000b108  MPU_uxTaskGetStackHighWaterMark        
0000b13c  MPU_vTaskSetThreadLocalStoragePointer  
0000b180  MPU_pvTaskGetThreadLocalStoragePointer 
0000b1c4  MPU_xTaskGetIdleTaskHandle             
0000b1f0  MPU_xTaskGenericNotify                 
0000b244  MPU_xTaskNotifyWait                    
0000b298  MPU_ulTaskNotifyTake                   
0000b2dc  MPU_xTaskNotifyStateClear              
0000b310  MPU_vTaskSetTimeOutState               
0000b33c  MPU_xTaskCheckForTimeOut               
0000b380  MPU_xTaskGetSchedulerState             
0000b3ac  MPU_xQueueGenericSend                  
0000b400  MPU_xQueueGenericReceive               
0000b454  MPU_uxQueueMessagesWaiting             
0000b488  MPU_uxQueueSpacesAvailable             
0000b4bc  MPU_vQueueDelete                       
0000b4e8  MPU_xQueueCreateMutex                  
0000b51c  MPU_xQueueCreateMutexStatic            
0000b560  MPU_xQueueCreateCountingSemaphore      
0000b5a4  MPU_xQueueCreateCountingSemaphoreStatic
0000b5f0  MPU_xQueueTakeMutexRecursive           
0000b634  MPU_xQueueGiveMutexRecursive           
0000b668  MPU_xQueueGenericCreate                
0000b6b4  MPU_xQueueGenericCreateStatic          
0000b710  MPU_xQueueGenericReset                 
0000b754  MPU_xTimerCreateStatic                 
0000b7b8  MPU_pvTimerGetTimerID                  
0000b7ec  MPU_vTimerSetTimerID                   
0000b820  MPU_xTimerIsTimerActive                
0000b854  MPU_xTimerGetTimerDaemonTaskHandle     
0000b880  MPU_xTimerPendFunctionCall             
0000b8d4  MPU_pcTimerGetName                     
0000b908  MPU_xTimerGetPeriod                    
0000b93c  MPU_xTimerGetExpiryTime                
0000b970  MPU_xTimerGenericCommand               
0000b9cc  MPU_xEventGroupCreate                  
0000b9f8  MPU_xEventGroupCreateStatic            
0000ba2c  MPU_xEventGroupWaitBits                
0000ba88  MPU_xEventGroupClearBits               
0000bacc  MPU_xEventGroupSetBits                 
0000bb10  MPU_xEventGroupSync                    
0000bb64  MPU_vEventGroupDelete                  
0000bb90  setupPLL                               
0000bbf0  trimLPO                                
0000bc38  setupFlash                             
0000bc78  periphInit                             
0000bccc  mapClocks                              
0000bdf4  systemInit                             
0000bec0  systemPowerDown                        
0000bef0  systemGetConfigValue                   
0000c304  tcmflashGetConfigValue                 
0000c4b0  sramGetConfigValue                     
0000c6b8  vimInit                                
0000c78c  vimChannelMap                          
0000c830  vimEnableInterrupt                     
0000c9f8  vimDisableInterrupt                    
0000caa4  vimGetConfigValue                      
0000d110  muxInit                                
0000d5c4  pinmuxGetConfigValue                   
0000d9dc  sciInit                                
0000dac8  sciSetFunctional                       
0000dae8  sciSetBaudrate                         
0000db84  sciIsTxReady                           
0000dba0  sciSendByte                            
0000dbd0  sciSend                                
0000dd04  sciIsRxReady                           
0000dd20  sciIsIdleDetected                      
0000dd3c  sciRxError                             
0000dd6c  sciReceiveByte                         
0000dd98  sciReceive                             
0000de70  sciEnableLoopback                      
0000dea4  sciDisableLoopback                     
0000dec8  sciEnableNotification                  
0000df30  sciDisableNotification                 
0000df98  sciEnterResetState                     
0000dfb8  sciExitResetState                      
0000dfd8  sciGetConfigValue                      
0000e184  esmInit                                
0000e28c  esmError                               
0000e2a8  esmEnableError                         
0000e2d0  esmDisableError                        
0000e2f8  esmTriggerErrorPinReset                
0000e308  esmActivateNormalOperation             
0000e318  esmEnableInterrupt                     
0000e340  esmDisableInterrupt                    
0000e368  esmSetInterruptLevel                   
0000e3dc  esmClearStatus                         
0000e41c  esmClearStatusBuffer                   
0000e438  esmSetCounterPreloadValue              
0000e458  esmGetStatus                           
0000e4dc  esmGetStatusBuffer                     
0000e514  esmEnterSelfTest                       
0000e59c  esmSelfTestStatus                      
0000e5ec  esmGetConfigValue                      
0000e740  gioInit                                
0000e810  gioSetDirection                        
0000e830  gioSetBit                              
0000e880  gioSetPort                             
0000e8a0  gioGetBit                              
0000e8c8  gioGetPort                             
0000e8e0  gioToggleBit                           
0000e938  gioEnableNotification                  
0000e9a0  gioDisableNotification                 
0000ea08  gioGetConfigValue                      
0000ebc4  _coreInitRegisters_                    
0000ecd0  _coreInitStackPointer_                 
0000ed1c  _getCPSRValue_                         
0000ed24  _gotoCPUIdle_                          
0000ed3c  _coreEnableVfp_                        
0000ed54  _coreEnableEventBusExport_             
0000ed64  _coreDisableEventBusExport_            
0000ed74  _coreEnableRamEcc_                     
0000ed84  _coreDisableRamEcc_                    
0000ed94  _coreEnableFlashEcc_                   
0000eda8  _coreDisableFlashEcc_                  
0000edb8  _coreEnableIrqVicOffset_               
0000edc8  _coreGetDataFault_                     
0000edd0  _coreClearDataFault_                   
0000eddc  _coreGetInstructionFault_              
0000ede4  _coreClearInstructionFault_            
0000edf0  _coreGetDataFaultAddress_              
0000edf8  _coreClearDataFaultAddress_            
0000ee04  _coreGetInstructionFaultAddress_       
0000ee0c  _coreClearInstructionFaultAddress_     
0000ee18  _coreGetAuxiliaryDataFault_            
0000ee20  _coreClearAuxiliaryDataFault_          
0000ee2c  _coreGetAuxiliaryInstructionFault_     
0000ee34  _coreClearAuxiliaryInstructionFault_   
0000ee40  _disable_interrupt_                    
0000ee48  _disable_FIQ_interrupt_                
0000ee50  _disable_IRQ_interrupt_                
0000ee58  _enable_interrupt_                     
0000ee60  _esmCcmErrorsClear_                    
0000eee8  _errata_CORTEXR4_57_                   
0000eef8  _errata_CORTEXR4_66_                   
0000ef08  __TI_PINIT_Base                        
0000ef0c  __TI_PINIT_Limit                       
0000ef10  vimParityErrorHandler                  
0000f1dc  main                                   
0000f3a8  vApplicationMallocFailedHook           
0000f3ac  vApplicationGetIdleTaskMemory          
0000f3e8  vApplicationGetTimerTaskMemory         
0000f490  _c_int00                               
0000f984  vListInitialise                        
0000f9dc  vListInitialiseItem                    
0000f9f8  vListInsertEnd                         
0000fa6c  vListInsert                            
0000fb30  uxListRemove                           
0000fbbc  sciHighLevelInterrupt                  
0001005c  xTaskNotifyStateClear                  
000100d8  esmHighInterrupt                       
000101ec  _dabort                                
000102d5  floor                                  
000102d5  floorl                                 
000103b4  _pmuInit_                              
00010400  _pmuEnableCountersGlobal_              
00010410  _pmuDisableCountersGlobal_             
00010420  _pmuResetCycleCounter_                 
00010430  _pmuResetEventCounters_                
00010440  _pmuResetCounters_                     
00010450  _pmuStartCounters_                     
00010458  _pmuStopCounters_                      
00010460  _pmuSetCountEvent_                     
0001046c  _pmuGetCycleCount_                     
00010474  _pmuGetEventCount_                     
00010480  _pmuGetOverflow_                       
00010495  __aeabi_memcpy                         
00010495  __aeabi_memcpy4                        
00010495  __aeabi_memcpy8                        
00010495  memcpy                                 
00010530  esmGroup1Notification                  
00010540  esmGroup2Notification                  
00010550  memoryPort0TestFailNotification        
0001056c  memoryPort1TestFailNotification        
00010588  gioNotification                        
0001059c  sciNotification                        
000105b0  dmaGroupANotification                  
000105c5  __aeabi_memclr                         
000105c5  __aeabi_memclr4                        
000105c5  __aeabi_memclr8                        
000105c7  __aeabi_memset                         
000105c7  __aeabi_memset4                        
000105c7  __aeabi_memset8                        
000105cd  memset                                 
0001063f  __TI_decompress_lzss                   
000106ab  ltoa                                   
00010701  __TI_auto_init_nobinit_nopinit         
00010745  strlen                                 
0001075b  __TI_decompress_none                   
00010769  __TI_zero_init                         
00010775  C$$EXIT                                
00010775  abort                                  
00010778  phantomInterrupt                       
080015d0  pxCurrentTCB                           
08004510  xq                                     
08004524  ulCriticalNesting                      
08004528  ulTaskHasFPUContext                    
ffffffff  __TI_pprof_out_hndl                    
ffffffff  __TI_prof_data_size                    
ffffffff  __TI_prof_data_start                   
ffffffff  __binit__                              
ffffffff  __c_args__                             
ffffffff  binit                                  
UNDEFED   SHT$$INIT_ARRAY$$Base                  
UNDEFED   SHT$$INIT_ARRAY$$Limit                 
UNDEFED   _system_post_cinit                     

[399 symbols]
