******************************************************************************
                  TI ARM Linker PC v16.9.6                     
******************************************************************************
>> Linked Tue Oct 15 20:39:43 2019

OUTPUT FILE NAME:   <1227PGE_adding_freeRTOS.out>
ENTRY POINT SYMBOL: "_c_int00"  address: 0000f730


MEMORY CONFIGURATION

         name            origin    length      used     unused   attr    fill
----------------------  --------  ---------  --------  --------  ----  --------
  VECTORS               00000000   00000020  00000020  00000000     X
  KERNEL                00000020   00008000  00006a98  00001568  R  X
  FLASH0                00008020   00137fe0  00008a64  0012f57c  R  X
  STACKS                08000000   00001500  00000000  00001500  RW  
  KRAM                  08001500   00000800  00000140  000006c0  RW  
  RAM                   08001d00   0002e300  00002840  0002bac0  RW  


SEGMENT ALLOCATION MAP

run origin  load origin   length   init length attrs members
----------  ----------- ---------- ----------- ----- -------
00000000    00000000    00006ab8   00006ab8    r-x
  00000000    00000000    00000020   00000020    r-x .intvecs
  00000020    00000020    00006a38   00006a38    r-x .kernelTEXT
  00006a58    00006a58    00000060   00000060    r-- .cinit
00008020    00008020    00008a64   00008a64    r-x
  00008020    00008020    00008860   00008860    r-x .text
  00010880    00010880    00000204   00000204    r-- .const
08001500    08001500    00000140   00000000    rw-
  08001500    08001500    00000140   00000000    rw- .kernelBSS
08001d00    08001d00    00002840   00000000    rw-
  08001d00    08001d00    00002000   00000000    rw- .kernelHEAP
  08003d00    08003d00    00000814   00000000    rw- .bss
  08004514    08004514    0000002c   00000000    rw- .data


SECTION ALLOCATION MAP

 output                                  attributes/
section   page    origin      length       input sections
--------  ----  ----------  ----------   ----------------
.intvecs   0    00000000    00000020     
                  00000000    00000020     sys_intvecs.obj (.intvecs)

.kernelTEXT 
*          0    00000020    00006a38     
                  00000020    000030f0     os_tasks.obj (.kernelTEXT)
                  00003110    00001790     os_queue.obj (.kernelTEXT)
                  000048a0    00000cf0     os_timer.obj (.kernelTEXT)
                  00005590    00000894     os_event_groups.obj (.kernelTEXT)
                  00005e24    000004b0     os_portasm.obj (.kernelTEXT)
                  000062d4    000003e0     os_port.obj (.kernelTEXT)
                  000066b4    000003a4     os_heap.obj (.kernelTEXT)

.cinit     0    00006a58    00000060     
                  00006a58    00000015     (.cinit..data.load) [load image, compression = lzss]
                  00006a6d    00000003     --HOLE-- [fill = 0]
                  00006a70    0000000c     (__TI_handler_table)
                  00006a7c    00000009     (.cinit..kernelBSS.load) [load image, compression = lzss]
                  00006a85    00000003     --HOLE-- [fill = 0]
                  00006a88    00000008     (.cinit..bss.load) [load image, compression = zero_init]
                  00006a90    00000008     (.cinit..kernelHEAP.load) [load image, compression = zero_init]
                  00006a98    00000020     (__TI_cinit_table)

.text      0    00008020    00008860     
                  00008020    00002cdc     sys_selftest.obj (.text)
                  0000acfc    00000e94     os_mpu_wrappers.obj (.text)
                  0000bb90    00000b28     system.obj (.text)
                  0000c6b8    00000a58     sys_vim.obj (.text)
                  0000d110    000008cc     pinmux.obj (.text)
                  0000d9dc    000007a8     sci.obj (.text)
                  0000e184    000005d8     esm.obj (.text)
                  0000e75c    00000484     gio.obj (.text)
                  0000ebe0    0000034c     sys_core.obj (.text)
                  0000ef2c    000002cc     sys_vim.obj (.text:retain)
                  0000f1f8    000002b4     sys_main.obj (.text)
                  0000f4ac    00000284     os_heap.obj (.text)
                  0000f730    0000027c     sys_startup.obj (.text:retain)
                  0000f9ac    00000238     os_list.obj (.text)
                  0000fbe4    00000204     sci.obj (.text:retain)
                  0000fde8    000001b4     os_port.obj (.text)
                  0000ff9c    00000164     os_tasks.obj (.text)
                  00010100    00000114     esm.obj (.text:retain)
                  00010214    000000e8     dabort.obj (.text)
                  000102fc    000000e0     rtsv7R4_T_be_v3D16_eabi.lib : s_floor.obj (.text)
                  000103dc    000000e0     sys_pmu.obj (.text)
                  000104bc    0000009c     rtsv7R4_T_be_v3D16_eabi.lib : memcpy_t2.obj (.text)
                  00010558    00000094     notification.obj (.text)
                  000105ec    0000007a     rtsv7R4_T_be_v3D16_eabi.lib : memset_t2.obj (.text)
                  00010666    00000002                                 : startup.obj (.text)
                  00010668    00000070                                 : autoinit.obj (.text)
                  000106d8    0000006c                                 : copy_decompress_lzss.obj (.text:decompress:lzss)
                  00010744    00000054                                 : ltoa.obj (.text)
                  00010798    00000050                                 : exit.obj (.text)
                  000107e8    0000004c                                 : cpy_tbl.obj (.text)
                  00010834    00000016                                 : strlen.obj (.text)
                  0001084a    00000002     --HOLE-- [fill = 0]
                  0001084c    00000014                                 : _lock.obj (.text)
                  00010860    0000000e                                 : copy_decompress_none.obj (.text:decompress:none)
                  0001086e    0000000c                                 : copy_zero_init.obj (.text:decompress:ZI)
                  0001087a    00000002     --HOLE-- [fill = 0]
                  0001087c    00000004     sys_phantom.obj (.text:retain)

.const     0    00010880    00000204     
                  00010880    00000200     sys_vim.obj (.const:s_vim_init)
                  00010a80    00000004     os_heap.obj (.const)

.kernelBSS 
*          0    08001500    00000140     UNINITIALIZED
                  08001500    000000d0     os_tasks.obj (.kernelBSS:uninit)
                  080015d0    00000034     os_tasks.obj (.kernelBSS:init)
                  08001604    00000030     os_timer.obj (.kernelBSS:uninit)
                  08001634    0000000c     os_timer.obj (.kernelBSS:init)

.kernelHEAP 
*          0    08001d00    00002000     UNINITIALIZED
                  08001d00    00002000     os_heap.obj (.kernelHEAP)

.bss       0    08003d00    00000814     UNINITIALIZED
                  08003d00    00000400     sys_main.obj (.bss:uxTimerTaskStack$4)
                  08004100    00000200     sys_main.obj (.bss:uxIdleTaskStack$2)
                  08004300    000000ac     sys_main.obj (.bss:xIdleTaskTCB$1)
                  080043ac    000000ac     sys_main.obj (.bss:xTimerTaskTCB$3)
                  08004458    00000048     os_timer.obj (.bss:xStaticTimerQueue$2)
                  080044a0    00000040     os_timer.obj (.bss:ucStaticTimerQueueStorage$3)
                  080044e0    00000028     sci.obj (.bss:g_sciTransfer_t)
                  08004508    00000008     os_heap.obj (.bss:xStart)
                  08004510    00000004     (.common:xq)

.data      0    08004514    0000002c     UNINITIALIZED
                  08004514    00000010     os_heap.obj (.data)
                  08004524    0000000c     rtsv7R4_T_be_v3D16_eabi.lib : exit.obj (.data:$O1$$)
                  08004530    00000008                                 : _lock.obj (.data:$O1$$)
                  08004538    00000008     os_port.obj (.data)

MODULE SUMMARY

       Module                     code    ro data   rw data
       ------                     ----    -------   -------
    .\source\
       os_tasks.obj               12884   0         260    
       sys_selftest.obj           11484   0         0      
       os_heap.obj                1576    4         8216   
       os_queue.obj               6032    0         0      
       sys_vim.obj                3364    512       0      
       os_mpu_wrappers.obj        3732    0         0      
       os_timer.obj               3312    0         196    
       system.obj                 2856    0         0      
       sys_main.obj               692     0         1884   
       sci.obj                    2476    0         40     
       pinmux.obj                 2252    0         0      
       os_event_groups.obj        2196    0         0      
       esm.obj                    1772    0         0      
       os_port.obj                1428    0         8      
       os_portasm.obj             1200    0         0      
       gio.obj                    1156    0         0      
       sys_core.obj               844     0         0      
       sys_startup.obj            636     0         0      
       os_list.obj                568     0         0      
       dabort.obj                 232     0         0      
       sys_pmu.obj                224     0         0      
       notification.obj           148     0         0      
       sys_intvecs.obj            32      0         0      
       sys_phantom.obj            4       0         0      
    +--+--------------------------+-------+---------+---------+
       Total:                     61100   516       10604  
                                                           
    C:/ti/ccsv7/tools/compiler/ti-cgt-arm_16.9.6.LTS/lib/rtsv7R4_T_be_v3D16_eabi.lib
       s_floor.obj                224     0         0      
       memcpy_t2.obj              156     0         0      
       memset_t2.obj              122     0         0      
       autoinit.obj               112     0         0      
       copy_decompress_lzss.obj   108     0         0      
       exit.obj                   80      0         12     
       ltoa.obj                   84      0         0      
       cpy_tbl.obj                76      0         0      
       _lock.obj                  20      0         8      
       strlen.obj                 22      0         0      
       copy_decompress_none.obj   14      0         0      
       copy_zero_init.obj         12      0         0      
       startup.obj                2       0         0      
    +--+--------------------------+-------+---------+---------+
       Total:                     1032    0         20     
                                                           
       Linker Generated:          0       90        0      
    +--+--------------------------+-------+---------+---------+
       Grand Total:               62132   606       10624  


LINKER GENERATED COPY TABLES

__TI_cinit_table @ 00006a98 records: 4, size/record: 8, table size: 32
	.data: load addr=00006a58, load size=00000015 bytes, run addr=08004514, run size=0000002c bytes, compression=lzss
	.kernelBSS: load addr=00006a7c, load size=00000009 bytes, run addr=08001500, run size=00000140 bytes, compression=lzss
	.bss: load addr=00006a88, load size=00000008 bytes, run addr=08003d00, run size=00000814 bytes, compression=zero_init
	.kernelHEAP: load addr=00006a90, load size=00000008 bytes, run addr=08001d00, run size=00002000 bytes, compression=zero_init


LINKER GENERATED HANDLER TABLE

__TI_handler_table @ 00006a70 records: 3, size/record: 4, table size: 12
	index: 0, handler: __TI_decompress_lzss
	index: 1, handler: __TI_decompress_none
	index: 2, handler: __TI_zero_init


GLOBAL SYMBOLS: SORTED ALPHABETICALLY BY Name 

address   name                                   
-------   ----                                   
00010799  C$$EXIT                                
0000af38  MPU_eTaskGetState                      
0000b0a0  MPU_pcTaskGetName                      
0000b8d4  MPU_pcTimerGetName                     
0000b180  MPU_pvTaskGetThreadLocalStoragePointer 
0000b7b8  MPU_pvTimerGetTimerID                  
0000b298  MPU_ulTaskNotifyTake                   
0000b454  MPU_uxQueueMessagesWaiting             
0000b488  MPU_uxQueueSpacesAvailable             
0000b074  MPU_uxTaskGetNumberOfTasks             
0000b108  MPU_uxTaskGetStackHighWaterMark        
0000af04  MPU_uxTaskPriorityGet                  
0000bb64  MPU_vEventGroupDelete                  
0000b4bc  MPU_vQueueDelete                       
0000ae10  MPU_vTaskAllocateMPURegions            
0000ae70  MPU_vTaskDelay                         
0000ae9c  MPU_vTaskDelayUntil                    
0000ae44  MPU_vTaskDelete                        
0000af6c  MPU_vTaskPrioritySet                   
0000afcc  MPU_vTaskResume                        
0000b13c  MPU_vTaskSetThreadLocalStoragePointer  
0000b310  MPU_vTaskSetTimeOutState               
0000afa0  MPU_vTaskSuspend                       
0000aff8  MPU_vTaskSuspendAll                    
0000b7ec  MPU_vTimerSetTimerID                   
0000ba88  MPU_xEventGroupClearBits               
0000b9cc  MPU_xEventGroupCreate                  
0000b9f8  MPU_xEventGroupCreateStatic            
0000bacc  MPU_xEventGroupSetBits                 
0000bb10  MPU_xEventGroupSync                    
0000ba2c  MPU_xEventGroupWaitBits                
0000b560  MPU_xQueueCreateCountingSemaphore      
0000b5a4  MPU_xQueueCreateCountingSemaphoreStatic
0000b4e8  MPU_xQueueCreateMutex                  
0000b51c  MPU_xQueueCreateMutexStatic            
0000b668  MPU_xQueueGenericCreate                
0000b6b4  MPU_xQueueGenericCreateStatic          
0000b400  MPU_xQueueGenericReceive               
0000b710  MPU_xQueueGenericReset                 
0000b3ac  MPU_xQueueGenericSend                  
0000b634  MPU_xQueueGiveMutexRecursive           
0000b5f0  MPU_xQueueTakeMutexRecursive           
0000aed0  MPU_xTaskAbortDelay                    
0000b33c  MPU_xTaskCheckForTimeOut               
0000acfc  MPU_xTaskCreate                        
0000adcc  MPU_xTaskCreateRestricted              
0000ad60  MPU_xTaskCreateStatic                  
0000b1f0  MPU_xTaskGenericNotify                 
0000b0d4  MPU_xTaskGetHandle                     
0000b1c4  MPU_xTaskGetIdleTaskHandle             
0000b380  MPU_xTaskGetSchedulerState             
0000b048  MPU_xTaskGetTickCount                  
0000b2dc  MPU_xTaskNotifyStateClear              
0000b244  MPU_xTaskNotifyWait                    
0000b01c  MPU_xTaskResumeAll                     
0000b754  MPU_xTimerCreateStatic                 
0000b970  MPU_xTimerGenericCommand               
0000b93c  MPU_xTimerGetExpiryTime                
0000b908  MPU_xTimerGetPeriod                    
0000b854  MPU_xTimerGetTimerDaemonTaskHandle     
0000b820  MPU_xTimerIsTimerActive                
0000b880  MPU_xTimerPendFunctionCall             
UNDEFED   SHT$$INIT_ARRAY$$Base                  
UNDEFED   SHT$$INIT_ARRAY$$Limit                 
00006a98  __TI_CINIT_Base                        
00006ab8  __TI_CINIT_Limit                       
00006a70  __TI_Handler_Table_Base                
00006a7c  __TI_Handler_Table_Limit               
0000ef24  __TI_PINIT_Base                        
0000ef28  __TI_PINIT_Limit                       
00010669  __TI_auto_init                         
08004524  __TI_cleanup_ptr                       
000106d9  __TI_decompress_lzss                   
00010861  __TI_decompress_none                   
08004528  __TI_dtors_ptr                         
0800452c  __TI_enable_exit_profile_output        
ffffffff  __TI_pprof_out_hndl                    
ffffffff  __TI_prof_data_size                    
ffffffff  __TI_prof_data_start                   
00000000  __TI_static_base__                     
0001086f  __TI_zero_init                         
000105ed  __aeabi_memclr                         
000105ed  __aeabi_memclr4                        
000105ed  __aeabi_memclr8                        
000104bd  __aeabi_memcpy                         
000104bd  __aeabi_memcpy4                        
000104bd  __aeabi_memcpy8                        
000105ef  __aeabi_memset                         
000105ef  __aeabi_memset4                        
000105ef  __aeabi_memset8                        
ffffffff  __binit__                              
ffffffff  __c_args__                             
0000f730  _c_int00                               
0000ee3c  _coreClearAuxiliaryDataFault_          
0000ee50  _coreClearAuxiliaryInstructionFault_   
0000ee14  _coreClearDataFaultAddress_            
0000edec  _coreClearDataFault_                   
0000ee28  _coreClearInstructionFaultAddress_     
0000ee00  _coreClearInstructionFault_            
0000ed80  _coreDisableEventBusExport_            
0000edc4  _coreDisableFlashEcc_                  
0000eda0  _coreDisableRamEcc_                    
0000ed70  _coreEnableEventBusExport_             
0000edb0  _coreEnableFlashEcc_                   
0000edd4  _coreEnableIrqVicOffset_               
0000ed90  _coreEnableRamEcc_                     
0000ed58  _coreEnableVfp_                        
0000ee34  _coreGetAuxiliaryDataFault_            
0000ee48  _coreGetAuxiliaryInstructionFault_     
0000ee0c  _coreGetDataFaultAddress_              
0000ede4  _coreGetDataFault_                     
0000ee20  _coreGetInstructionFaultAddress_       
0000edf8  _coreGetInstructionFault_              
0000ebe0  _coreInitRegisters_                    
0000ecec  _coreInitStackPointer_                 
00010214  _dabort                                
0000ee64  _disable_FIQ_interrupt_                
0000ee6c  _disable_IRQ_interrupt_                
0000ee5c  _disable_interrupt_                    
0000ee74  _enable_interrupt_                     
0000ef04  _errata_CORTEXR4_57_                   
0000ef14  _errata_CORTEXR4_66_                   
0000ee7c  _esmCcmErrorsClear_                    
0000ed38  _getCPSRValue_                         
0000ed40  _gotoCPUIdle_                          
08004530  _lock                                  
0001085b  _nop                                   
00010438  _pmuDisableCountersGlobal_             
00010428  _pmuEnableCountersGlobal_              
00010494  _pmuGetCycleCount_                     
0001049c  _pmuGetEventCount_                     
000104a8  _pmuGetOverflow_                       
000103dc  _pmuInit_                              
00010468  _pmuResetCounters_                     
00010448  _pmuResetCycleCounter_                 
00010458  _pmuResetEventCounters_                
00010488  _pmuSetCountEvent_                     
00010478  _pmuStartCounters_                     
00010480  _pmuStopCounters_                      
00010853  _register_lock                         
0001084d  _register_unlock                       
00010667  _system_post_cinit                     
08004534  _unlock                                
0001079d  abort                                  
0000926c  adc1ParityCheck                        
00009358  adc2ParityCheck                        
ffffffff  binit                                  
00009410  can1ParityCheck                        
000094e8  can2ParityCheck                        
000095b0  can3ParityCheck                        
00008030  ccmSelfCheck                           
0000a6fc  ccmr4GetConfigValue                    
00008938  checkB0RAMECC                          
00008b28  checkB1RAMECC                          
00009c18  checkClockMonitor                      
00008d18  checkFlashECC                          
00009cf4  checkFlashEEPROMECC                    
00009e8c  checkPLL1Slip                          
00009f8c  checkPLL2Slip                          
0000a050  checkRAMAddrParity                     
000099d0  checkRAMECC                            
0000a15c  checkRAMUERRTest                       
000087bc  checkefcSelfTest                       
000107e9  copy_in                                
00008234  cpuSelfTest                            
00008dfc  cpuSelfTestFail                        
00008df4  custom_dabort                          
0000ab58  disableParity                          
000105d8  dmaGroupANotification                  
00008eac  dmaParityCheck                         
00002118  eTaskConfirmSleepModeStatus            
00000994  eTaskGetState                          
00008660  efcCheck                               
0000a660  efcGetConfigValue                      
00008794  efcSelfTest                            
000086e8  efcStuckZeroTest                       
0000aad0  enableParity                           
0000a76c  errata_PBIST_4                         
0000e310  esmActivateNormalOperation             
0000e3f4  esmClearStatus                         
0000e438  esmClearStatusBuffer                   
0000e2d4  esmDisableError                        
0000e34c  esmDisableInterrupt                    
0000e2a8  esmEnableError                         
0000e320  esmEnableInterrupt                     
0000e530  esmEnterSelfTest                       
0000e28c  esmError                               
0000e608  esmGetConfigValue                      
0000e474  esmGetStatus                           
0000e4f8  esmGetStatusBuffer                     
00010558  esmGroup1Notification                  
00010568  esmGroup2Notification                  
00010100  esmHighInterrupt                       
0000e184  esmInit                                
0000e5b8  esmSelfTestStatus                      
0000e454  esmSetCounterPreloadValue              
0000e378  esmSetInterruptLevel                   
0000e300  esmTriggerErrorPinReset                
000107a5  exit                                   
000102fd  floor                                  
000102fd  floorl                                 
0000a2c4  fmcBus1ParityCheck                     
0000885c  fmcBus2Check                           
00008898  fmcECCcheck                            
0000e9bc  gioDisableNotification                 
0000e954  gioEnableNotification                  
0000e8bc  gioGetBit                              
0000ea24  gioGetConfigValue                      
0000e8e4  gioGetPort                             
0000e75c  gioInit                                
000105b0  gioNotification                        
0000e84c  gioSetBit                              
0000e82c  gioSetDirection                        
0000e89c  gioSetPort                             
0000e8fc  gioToggleBit                           
00008f58  het1ParityCheck                        
000090c0  het2ParityCheck                        
00009004  htu1ParityCheck                        
000091bc  htu2ParityCheck                        
00010745  ltoa                                   
0000f1f8  main                                   
0000bccc  mapClocks                              
000104bd  memcpy                                 
00008174  memoryInit                             
00010578  memoryPort0TestFailNotification        
00010594  memoryPort1TestFailNotification        
000105f5  memset                                 
00009684  mibspi1ParityCheck                     
0000978c  mibspi3ParityCheck                     
000098b0  mibspi5ParityCheck                     
0000d110  muxInit                                
0000a3ec  pbistFail                              
0000a470  pbistGetConfigValue                    
000085a8  pbistIsTestCompleted                   
000085d4  pbistIsTestPassed                      
00008608  pbistPortTestStatus                    
000084ac  pbistRun                               
000082cc  pbistSelfCheck                         
00008578  pbistStop                              
000014f8  pcTaskGetName                          
00004c7c  pcTimerGetName                         
0000bc78  periphInit                             
0001087c  phantomInterrupt                       
0000d5c4  pinmuxGetConfigValue                   
000062ac  prvMpuDisable                          
00006294  prvMpuEnable                           
0000627c  prvMpuSetRegion                        
000066b4  pvPortMalloc                           
000021f4  pvTaskGetThreadLocalStoragePointer     
0000286c  pvTaskIncrementMutexHeldCount          
00005410  pvTimerGetTimerID                      
080015d0  pxCurrentTCB                           
000062d4  pxPortInitialiseStack                  
00000000  resetEntry                             
0000dea4  sciDisableLoopback                     
0000df30  sciDisableNotification                 
0000de70  sciEnableLoopback                      
0000dec8  sciEnableNotification                  
0000df98  sciEnterResetState                     
0000dfb8  sciExitResetState                      
0000dfd8  sciGetConfigValue                      
0000fbe4  sciHighLevelInterrupt                  
0000d9dc  sciInit                                
0000dd20  sciIsIdleDetected                      
0000dd04  sciIsRxReady                           
0000db84  sciIsTxReady                           
000105c4  sciNotification                        
0000dd98  sciReceive                             
0000dd6c  sciReceiveByte                         
0000dd3c  sciRxError                             
0000dbd0  sciSend                                
0000dba0  sciSendByte                            
0000dae8  sciSetBaudrate                         
0000dac8  sciSetFunctional                       
00008020  selftestFailNotification               
0000bc38  setupFlash                             
0000bb90  setupPLL                               
0000c4b0  sramGetConfigValue                     
0000a5bc  stcGetConfigValue                      
000081b8  stcSelfCheck                           
00008df8  stcSelfCheckFail                       
00010835  strlen                                 
0000bef0  systemGetConfigValue                   
0000bdf4  systemInit                             
0000bec0  systemPowerDown                        
0000c304  tcmflashGetConfigValue                 
0000bbf0  trimLPO                                
08004538  ulCriticalNesting                      
000061a4  ulPortCountLeadingZeros                
0800453c  ulTaskHasFPUContext                    
000028a0  ulTaskNotifyTake                       
0000fb58  uxListRemove                           
00004304  uxQueueMessagesWaiting                 
00004388  uxQueueMessagesWaitingFromISR          
0000433c  uxQueueSpacesAvailable                 
000014e4  uxTaskGetNumberOfTasks                 
00002438  uxTaskGetStackHighWaterMark            
00000a98  uxTaskPriorityGet                      
00000adc  uxTaskPriorityGetFromISR               
00002830  uxTaskResetEventItemValue              
0000f3c8  vApplicationGetIdleTaskMemory          
0000f404  vApplicationGetTimerTaskMemory         
0000f3c4  vApplicationMallocFailedHook           
00005d9c  vEventGroupClearBitsCallback           
00005cec  vEventGroupDelete                      
00005d80  vEventGroupSetBitsCallback             
0000f9ac  vListInitialise                        
0000fa04  vListInitialiseItem                    
0000fa94  vListInsert                            
0000fa20  vListInsertEnd                         
00006680  vPortEndScheduler                      
00006924  vPortFree                              
00006a3c  vPortInitialiseBlocks                  
00006198  vPortInitialiseFPSCR                   
00006098  vPortPreemptiveTick                    
000061ac  vPortSWI                               
00005e28  vPortStartFirstTask                    
000063e8  vPortStoreTaskMPUSettings              
00005fa4  vPortYeildWithinAPI                    
00005eb8  vPortYieldProcessor                    
000043b8  vQueueDelete                           
00004810  vQueueWaitForMessageRestricted         
00002260  vTaskAllocateMPURegions                
00000910  vTaskDelay                             
000007a4  vTaskDelayUntil                        
0000063c  vTaskDelete                            
00001218  vTaskEndScheduler                      
00002100  vTaskMissedYield                       
00002e64  vTaskNotifyGiveFromISR                 
00001c6c  vTaskPlaceOnEventList                  
00001d34  vTaskPlaceOnEventListRestricted        
00001cb0  vTaskPlaceOnUnorderedEventList         
0000256c  vTaskPriorityInherit                   
00000b24  vTaskPrioritySet                       
00000f48  vTaskResume                            
0000219c  vTaskSetThreadLocalStoragePointer      
00001f88  vTaskSetTimeOutState                   
00001114  vTaskStartScheduler                    
0000180c  vTaskStepTick                          
00000d40  vTaskSuspend                           
00001234  vTaskSuspendAll                        
00001b8c  vTaskSwitchContext                     
00005450  vTimerSetTimerID                       
0000c78c  vimChannelMap                          
0000c9f8  vimDisableInterrupt                    
0000c830  vimEnableInterrupt                     
0000caa4  vimGetConfigValue                      
0000c6b8  vimInit                                
00008e00  vimParityCheck                         
0000ef2c  vimParityErrorHandler                  
00005a88  xEventGroupClearBits                   
000055ec  xEventGroupCreate                      
00005590  xEventGroupCreateStatic                
00005b0c  xEventGroupGetBitsFromISR              
00005b3c  xEventGroupSetBits                     
00005634  xEventGroupSync                        
00005834  xEventGroupWaitBits                    
00006a24  xPortGetFreeHeapSize                   
00006a30  xPortGetMinimumEverFreeHeapSize        
0000665c  xPortStartScheduler                    
00003768  xQueueCreateCountingSemaphore          
000036c4  xQueueCreateCountingSemaphoreStatic    
00003508  xQueueCreateMutex                      
0000354c  xQueueCreateMutexStatic                
0000338c  xQueueGenericCreate                    
00003238  xQueueGenericCreateStatic              
00003db0  xQueueGenericReceive                   
00003110  xQueueGenericReset                     
000037f4  xQueueGenericSend                      
00003ab4  xQueueGenericSendFromISR               
00003c44  xQueueGiveFromISR                      
000035a0  xQueueGiveMutexRecursive               
00004734  xQueueIsQueueEmptyFromISR              
000047c0  xQueueIsQueueFullFromISR               
00004210  xQueuePeekFromISR                      
000040c8  xQueueReceiveFromISR                   
00003628  xQueueTakeMutexRecursive               
00001864  xTaskAbortDelay                        
00001fc8  xTaskCheckForTimeOut                   
000001e8  xTaskCreate                            
0000010c  xTaskCreateRestricted                  
00000020  xTaskCreateStatic                      
00002a94  xTaskGenericNotify                     
00002c64  xTaskGenericNotifyFromISR              
00002500  xTaskGetCurrentTaskHandle              
000016cc  xTaskGetHandle                         
000017d0  xTaskGetIdleTaskHandle                 
0000251c  xTaskGetSchedulerState                 
000014a4  xTaskGetTickCount                      
000014c0  xTaskGetTickCountFromISR               
00001964  xTaskIncrementTick                     
00010084  xTaskNotifyStateClear                  
0000297c  xTaskNotifyWait                        
000026c8  xTaskPriorityDisinherit                
00001d90  xTaskRemoveFromEventList               
00001e84  xTaskRemoveFromUnorderedEventList      
000012f0  xTaskResumeAll                         
0000102c  xTaskResumeFromISR                     
00004950  xTimerCreate                           
000049bc  xTimerCreateStatic                     
000048a0  xTimerCreateTimerTask                  
00004b00  xTimerGenericCommand                   
00004c44  xTimerGetExpiryTime                    
00004c14  xTimerGetPeriod                        
00004bdc  xTimerGetTimerDaemonTaskHandle         
000053a0  xTimerIsTimerActive                    
000054f0  xTimerPendFunctionCall                 
00005490  xTimerPendFunctionCallFromISR          
08004510  xq                                     


GLOBAL SYMBOLS: SORTED BY Symbol Address 

address   name                                   
-------   ----                                   
00000000  __TI_static_base__                     
00000000  resetEntry                             
00000020  xTaskCreateStatic                      
0000010c  xTaskCreateRestricted                  
000001e8  xTaskCreate                            
0000063c  vTaskDelete                            
000007a4  vTaskDelayUntil                        
00000910  vTaskDelay                             
00000994  eTaskGetState                          
00000a98  uxTaskPriorityGet                      
00000adc  uxTaskPriorityGetFromISR               
00000b24  vTaskPrioritySet                       
00000d40  vTaskSuspend                           
00000f48  vTaskResume                            
0000102c  xTaskResumeFromISR                     
00001114  vTaskStartScheduler                    
00001218  vTaskEndScheduler                      
00001234  vTaskSuspendAll                        
000012f0  xTaskResumeAll                         
000014a4  xTaskGetTickCount                      
000014c0  xTaskGetTickCountFromISR               
000014e4  uxTaskGetNumberOfTasks                 
000014f8  pcTaskGetName                          
000016cc  xTaskGetHandle                         
000017d0  xTaskGetIdleTaskHandle                 
0000180c  vTaskStepTick                          
00001864  xTaskAbortDelay                        
00001964  xTaskIncrementTick                     
00001b8c  vTaskSwitchContext                     
00001c6c  vTaskPlaceOnEventList                  
00001cb0  vTaskPlaceOnUnorderedEventList         
00001d34  vTaskPlaceOnEventListRestricted        
00001d90  xTaskRemoveFromEventList               
00001e84  xTaskRemoveFromUnorderedEventList      
00001f88  vTaskSetTimeOutState                   
00001fc8  xTaskCheckForTimeOut                   
00002100  vTaskMissedYield                       
00002118  eTaskConfirmSleepModeStatus            
0000219c  vTaskSetThreadLocalStoragePointer      
000021f4  pvTaskGetThreadLocalStoragePointer     
00002260  vTaskAllocateMPURegions                
00002438  uxTaskGetStackHighWaterMark            
00002500  xTaskGetCurrentTaskHandle              
0000251c  xTaskGetSchedulerState                 
0000256c  vTaskPriorityInherit                   
000026c8  xTaskPriorityDisinherit                
00002830  uxTaskResetEventItemValue              
0000286c  pvTaskIncrementMutexHeldCount          
000028a0  ulTaskNotifyTake                       
0000297c  xTaskNotifyWait                        
00002a94  xTaskGenericNotify                     
00002c64  xTaskGenericNotifyFromISR              
00002e64  vTaskNotifyGiveFromISR                 
00003110  xQueueGenericReset                     
00003238  xQueueGenericCreateStatic              
0000338c  xQueueGenericCreate                    
00003508  xQueueCreateMutex                      
0000354c  xQueueCreateMutexStatic                
000035a0  xQueueGiveMutexRecursive               
00003628  xQueueTakeMutexRecursive               
000036c4  xQueueCreateCountingSemaphoreStatic    
00003768  xQueueCreateCountingSemaphore          
000037f4  xQueueGenericSend                      
00003ab4  xQueueGenericSendFromISR               
00003c44  xQueueGiveFromISR                      
00003db0  xQueueGenericReceive                   
000040c8  xQueueReceiveFromISR                   
00004210  xQueuePeekFromISR                      
00004304  uxQueueMessagesWaiting                 
0000433c  uxQueueSpacesAvailable                 
00004388  uxQueueMessagesWaitingFromISR          
000043b8  vQueueDelete                           
00004734  xQueueIsQueueEmptyFromISR              
000047c0  xQueueIsQueueFullFromISR               
00004810  vQueueWaitForMessageRestricted         
000048a0  xTimerCreateTimerTask                  
00004950  xTimerCreate                           
000049bc  xTimerCreateStatic                     
00004b00  xTimerGenericCommand                   
00004bdc  xTimerGetTimerDaemonTaskHandle         
00004c14  xTimerGetPeriod                        
00004c44  xTimerGetExpiryTime                    
00004c7c  pcTimerGetName                         
000053a0  xTimerIsTimerActive                    
00005410  pvTimerGetTimerID                      
00005450  vTimerSetTimerID                       
00005490  xTimerPendFunctionCallFromISR          
000054f0  xTimerPendFunctionCall                 
00005590  xEventGroupCreateStatic                
000055ec  xEventGroupCreate                      
00005634  xEventGroupSync                        
00005834  xEventGroupWaitBits                    
00005a88  xEventGroupClearBits                   
00005b0c  xEventGroupGetBitsFromISR              
00005b3c  xEventGroupSetBits                     
00005cec  vEventGroupDelete                      
00005d80  vEventGroupSetBitsCallback             
00005d9c  vEventGroupClearBitsCallback           
00005e28  vPortStartFirstTask                    
00005eb8  vPortYieldProcessor                    
00005fa4  vPortYeildWithinAPI                    
00006098  vPortPreemptiveTick                    
00006198  vPortInitialiseFPSCR                   
000061a4  ulPortCountLeadingZeros                
000061ac  vPortSWI                               
0000627c  prvMpuSetRegion                        
00006294  prvMpuEnable                           
000062ac  prvMpuDisable                          
000062d4  pxPortInitialiseStack                  
000063e8  vPortStoreTaskMPUSettings              
0000665c  xPortStartScheduler                    
00006680  vPortEndScheduler                      
000066b4  pvPortMalloc                           
00006924  vPortFree                              
00006a24  xPortGetFreeHeapSize                   
00006a30  xPortGetMinimumEverFreeHeapSize        
00006a3c  vPortInitialiseBlocks                  
00006a70  __TI_Handler_Table_Base                
00006a7c  __TI_Handler_Table_Limit               
00006a98  __TI_CINIT_Base                        
00006ab8  __TI_CINIT_Limit                       
00008020  selftestFailNotification               
00008030  ccmSelfCheck                           
00008174  memoryInit                             
000081b8  stcSelfCheck                           
00008234  cpuSelfTest                            
000082cc  pbistSelfCheck                         
000084ac  pbistRun                               
00008578  pbistStop                              
000085a8  pbistIsTestCompleted                   
000085d4  pbistIsTestPassed                      
00008608  pbistPortTestStatus                    
00008660  efcCheck                               
000086e8  efcStuckZeroTest                       
00008794  efcSelfTest                            
000087bc  checkefcSelfTest                       
0000885c  fmcBus2Check                           
00008898  fmcECCcheck                            
00008938  checkB0RAMECC                          
00008b28  checkB1RAMECC                          
00008d18  checkFlashECC                          
00008df4  custom_dabort                          
00008df8  stcSelfCheckFail                       
00008dfc  cpuSelfTestFail                        
00008e00  vimParityCheck                         
00008eac  dmaParityCheck                         
00008f58  het1ParityCheck                        
00009004  htu1ParityCheck                        
000090c0  het2ParityCheck                        
000091bc  htu2ParityCheck                        
0000926c  adc1ParityCheck                        
00009358  adc2ParityCheck                        
00009410  can1ParityCheck                        
000094e8  can2ParityCheck                        
000095b0  can3ParityCheck                        
00009684  mibspi1ParityCheck                     
0000978c  mibspi3ParityCheck                     
000098b0  mibspi5ParityCheck                     
000099d0  checkRAMECC                            
00009c18  checkClockMonitor                      
00009cf4  checkFlashEEPROMECC                    
00009e8c  checkPLL1Slip                          
00009f8c  checkPLL2Slip                          
0000a050  checkRAMAddrParity                     
0000a15c  checkRAMUERRTest                       
0000a2c4  fmcBus1ParityCheck                     
0000a3ec  pbistFail                              
0000a470  pbistGetConfigValue                    
0000a5bc  stcGetConfigValue                      
0000a660  efcGetConfigValue                      
0000a6fc  ccmr4GetConfigValue                    
0000a76c  errata_PBIST_4                         
0000aad0  enableParity                           
0000ab58  disableParity                          
0000acfc  MPU_xTaskCreate                        
0000ad60  MPU_xTaskCreateStatic                  
0000adcc  MPU_xTaskCreateRestricted              
0000ae10  MPU_vTaskAllocateMPURegions            
0000ae44  MPU_vTaskDelete                        
0000ae70  MPU_vTaskDelay                         
0000ae9c  MPU_vTaskDelayUntil                    
0000aed0  MPU_xTaskAbortDelay                    
0000af04  MPU_uxTaskPriorityGet                  
0000af38  MPU_eTaskGetState                      
0000af6c  MPU_vTaskPrioritySet                   
0000afa0  MPU_vTaskSuspend                       
0000afcc  MPU_vTaskResume                        
0000aff8  MPU_vTaskSuspendAll                    
0000b01c  MPU_xTaskResumeAll                     
0000b048  MPU_xTaskGetTickCount                  
0000b074  MPU_uxTaskGetNumberOfTasks             
0000b0a0  MPU_pcTaskGetName                      
0000b0d4  MPU_xTaskGetHandle                     
0000b108  MPU_uxTaskGetStackHighWaterMark        
0000b13c  MPU_vTaskSetThreadLocalStoragePointer  
0000b180  MPU_pvTaskGetThreadLocalStoragePointer 
0000b1c4  MPU_xTaskGetIdleTaskHandle             
0000b1f0  MPU_xTaskGenericNotify                 
0000b244  MPU_xTaskNotifyWait                    
0000b298  MPU_ulTaskNotifyTake                   
0000b2dc  MPU_xTaskNotifyStateClear              
0000b310  MPU_vTaskSetTimeOutState               
0000b33c  MPU_xTaskCheckForTimeOut               
0000b380  MPU_xTaskGetSchedulerState             
0000b3ac  MPU_xQueueGenericSend                  
0000b400  MPU_xQueueGenericReceive               
0000b454  MPU_uxQueueMessagesWaiting             
0000b488  MPU_uxQueueSpacesAvailable             
0000b4bc  MPU_vQueueDelete                       
0000b4e8  MPU_xQueueCreateMutex                  
0000b51c  MPU_xQueueCreateMutexStatic            
0000b560  MPU_xQueueCreateCountingSemaphore      
0000b5a4  MPU_xQueueCreateCountingSemaphoreStatic
0000b5f0  MPU_xQueueTakeMutexRecursive           
0000b634  MPU_xQueueGiveMutexRecursive           
0000b668  MPU_xQueueGenericCreate                
0000b6b4  MPU_xQueueGenericCreateStatic          
0000b710  MPU_xQueueGenericReset                 
0000b754  MPU_xTimerCreateStatic                 
0000b7b8  MPU_pvTimerGetTimerID                  
0000b7ec  MPU_vTimerSetTimerID                   
0000b820  MPU_xTimerIsTimerActive                
0000b854  MPU_xTimerGetTimerDaemonTaskHandle     
0000b880  MPU_xTimerPendFunctionCall             
0000b8d4  MPU_pcTimerGetName                     
0000b908  MPU_xTimerGetPeriod                    
0000b93c  MPU_xTimerGetExpiryTime                
0000b970  MPU_xTimerGenericCommand               
0000b9cc  MPU_xEventGroupCreate                  
0000b9f8  MPU_xEventGroupCreateStatic            
0000ba2c  MPU_xEventGroupWaitBits                
0000ba88  MPU_xEventGroupClearBits               
0000bacc  MPU_xEventGroupSetBits                 
0000bb10  MPU_xEventGroupSync                    
0000bb64  MPU_vEventGroupDelete                  
0000bb90  setupPLL                               
0000bbf0  trimLPO                                
0000bc38  setupFlash                             
0000bc78  periphInit                             
0000bccc  mapClocks                              
0000bdf4  systemInit                             
0000bec0  systemPowerDown                        
0000bef0  systemGetConfigValue                   
0000c304  tcmflashGetConfigValue                 
0000c4b0  sramGetConfigValue                     
0000c6b8  vimInit                                
0000c78c  vimChannelMap                          
0000c830  vimEnableInterrupt                     
0000c9f8  vimDisableInterrupt                    
0000caa4  vimGetConfigValue                      
0000d110  muxInit                                
0000d5c4  pinmuxGetConfigValue                   
0000d9dc  sciInit                                
0000dac8  sciSetFunctional                       
0000dae8  sciSetBaudrate                         
0000db84  sciIsTxReady                           
0000dba0  sciSendByte                            
0000dbd0  sciSend                                
0000dd04  sciIsRxReady                           
0000dd20  sciIsIdleDetected                      
0000dd3c  sciRxError                             
0000dd6c  sciReceiveByte                         
0000dd98  sciReceive                             
0000de70  sciEnableLoopback                      
0000dea4  sciDisableLoopback                     
0000dec8  sciEnableNotification                  
0000df30  sciDisableNotification                 
0000df98  sciEnterResetState                     
0000dfb8  sciExitResetState                      
0000dfd8  sciGetConfigValue                      
0000e184  esmInit                                
0000e28c  esmError                               
0000e2a8  esmEnableError                         
0000e2d4  esmDisableError                        
0000e300  esmTriggerErrorPinReset                
0000e310  esmActivateNormalOperation             
0000e320  esmEnableInterrupt                     
0000e34c  esmDisableInterrupt                    
0000e378  esmSetInterruptLevel                   
0000e3f4  esmClearStatus                         
0000e438  esmClearStatusBuffer                   
0000e454  esmSetCounterPreloadValue              
0000e474  esmGetStatus                           
0000e4f8  esmGetStatusBuffer                     
0000e530  esmEnterSelfTest                       
0000e5b8  esmSelfTestStatus                      
0000e608  esmGetConfigValue                      
0000e75c  gioInit                                
0000e82c  gioSetDirection                        
0000e84c  gioSetBit                              
0000e89c  gioSetPort                             
0000e8bc  gioGetBit                              
0000e8e4  gioGetPort                             
0000e8fc  gioToggleBit                           
0000e954  gioEnableNotification                  
0000e9bc  gioDisableNotification                 
0000ea24  gioGetConfigValue                      
0000ebe0  _coreInitRegisters_                    
0000ecec  _coreInitStackPointer_                 
0000ed38  _getCPSRValue_                         
0000ed40  _gotoCPUIdle_                          
0000ed58  _coreEnableVfp_                        
0000ed70  _coreEnableEventBusExport_             
0000ed80  _coreDisableEventBusExport_            
0000ed90  _coreEnableRamEcc_                     
0000eda0  _coreDisableRamEcc_                    
0000edb0  _coreEnableFlashEcc_                   
0000edc4  _coreDisableFlashEcc_                  
0000edd4  _coreEnableIrqVicOffset_               
0000ede4  _coreGetDataFault_                     
0000edec  _coreClearDataFault_                   
0000edf8  _coreGetInstructionFault_              
0000ee00  _coreClearInstructionFault_            
0000ee0c  _coreGetDataFaultAddress_              
0000ee14  _coreClearDataFaultAddress_            
0000ee20  _coreGetInstructionFaultAddress_       
0000ee28  _coreClearInstructionFaultAddress_     
0000ee34  _coreGetAuxiliaryDataFault_            
0000ee3c  _coreClearAuxiliaryDataFault_          
0000ee48  _coreGetAuxiliaryInstructionFault_     
0000ee50  _coreClearAuxiliaryInstructionFault_   
0000ee5c  _disable_interrupt_                    
0000ee64  _disable_FIQ_interrupt_                
0000ee6c  _disable_IRQ_interrupt_                
0000ee74  _enable_interrupt_                     
0000ee7c  _esmCcmErrorsClear_                    
0000ef04  _errata_CORTEXR4_57_                   
0000ef14  _errata_CORTEXR4_66_                   
0000ef24  __TI_PINIT_Base                        
0000ef28  __TI_PINIT_Limit                       
0000ef2c  vimParityErrorHandler                  
0000f1f8  main                                   
0000f3c4  vApplicationMallocFailedHook           
0000f3c8  vApplicationGetIdleTaskMemory          
0000f404  vApplicationGetTimerTaskMemory         
0000f730  _c_int00                               
0000f9ac  vListInitialise                        
0000fa04  vListInitialiseItem                    
0000fa20  vListInsertEnd                         
0000fa94  vListInsert                            
0000fb58  uxListRemove                           
0000fbe4  sciHighLevelInterrupt                  
00010084  xTaskNotifyStateClear                  
00010100  esmHighInterrupt                       
00010214  _dabort                                
000102fd  floor                                  
000102fd  floorl                                 
000103dc  _pmuInit_                              
00010428  _pmuEnableCountersGlobal_              
00010438  _pmuDisableCountersGlobal_             
00010448  _pmuResetCycleCounter_                 
00010458  _pmuResetEventCounters_                
00010468  _pmuResetCounters_                     
00010478  _pmuStartCounters_                     
00010480  _pmuStopCounters_                      
00010488  _pmuSetCountEvent_                     
00010494  _pmuGetCycleCount_                     
0001049c  _pmuGetEventCount_                     
000104a8  _pmuGetOverflow_                       
000104bd  __aeabi_memcpy                         
000104bd  __aeabi_memcpy4                        
000104bd  __aeabi_memcpy8                        
000104bd  memcpy                                 
00010558  esmGroup1Notification                  
00010568  esmGroup2Notification                  
00010578  memoryPort0TestFailNotification        
00010594  memoryPort1TestFailNotification        
000105b0  gioNotification                        
000105c4  sciNotification                        
000105d8  dmaGroupANotification                  
000105ed  __aeabi_memclr                         
000105ed  __aeabi_memclr4                        
000105ed  __aeabi_memclr8                        
000105ef  __aeabi_memset                         
000105ef  __aeabi_memset4                        
000105ef  __aeabi_memset8                        
000105f5  memset                                 
00010667  _system_post_cinit                     
00010669  __TI_auto_init                         
000106d9  __TI_decompress_lzss                   
00010745  ltoa                                   
00010799  C$$EXIT                                
0001079d  abort                                  
000107a5  exit                                   
000107e9  copy_in                                
00010835  strlen                                 
0001084d  _register_unlock                       
00010853  _register_lock                         
0001085b  _nop                                   
00010861  __TI_decompress_none                   
0001086f  __TI_zero_init                         
0001087c  phantomInterrupt                       
080015d0  pxCurrentTCB                           
08004510  xq                                     
08004524  __TI_cleanup_ptr                       
08004528  __TI_dtors_ptr                         
0800452c  __TI_enable_exit_profile_output        
08004530  _lock                                  
08004534  _unlock                                
08004538  ulCriticalNesting                      
0800453c  ulTaskHasFPUContext                    
ffffffff  __TI_pprof_out_hndl                    
ffffffff  __TI_prof_data_size                    
ffffffff  __TI_prof_data_start                   
ffffffff  __binit__                              
ffffffff  __c_args__                             
ffffffff  binit                                  
UNDEFED   SHT$$INIT_ARRAY$$Base                  
UNDEFED   SHT$$INIT_ARRAY$$Limit                 

[409 symbols]
