<?xml version="1.0"?>
<link_info>
   <banner>TI ARM Linker PC v16.9.6.LTS</banner>
   <copyright>Copyright (c) 1996-2017 Texas Instruments Incorporated</copyright>
   <link_time>0x5da690ff</link_time>
   <link_errors>0x0</link_errors>
   <output_file>1227PGE_adding_freeRTOS.out</output_file>
   <entry_point>
      <name>_c_int00</name>
      <address>0xf730</address>
   </entry_point>
   <input_file_list>
      <input_file id="fl-2">
         <path>.\source\</path>
         <kind>object</kind>
         <file>dabort.obj</file>
         <name>dabort.obj</name>
      </input_file>
      <input_file id="fl-3">
         <path>.\source\</path>
         <kind>object</kind>
         <file>esm.obj</file>
         <name>esm.obj</name>
      </input_file>
      <input_file id="fl-4">
         <path>.\source\</path>
         <kind>object</kind>
         <file>gio.obj</file>
         <name>gio.obj</name>
      </input_file>
      <input_file id="fl-5">
         <path>.\source\</path>
         <kind>object</kind>
         <file>notification.obj</file>
         <name>notification.obj</name>
      </input_file>
      <input_file id="fl-6">
         <path>.\source\</path>
         <kind>object</kind>
         <file>os_croutine.obj</file>
         <name>os_croutine.obj</name>
      </input_file>
      <input_file id="fl-7">
         <path>.\source\</path>
         <kind>object</kind>
         <file>os_event_groups.obj</file>
         <name>os_event_groups.obj</name>
      </input_file>
      <input_file id="fl-8">
         <path>.\source\</path>
         <kind>object</kind>
         <file>os_heap.obj</file>
         <name>os_heap.obj</name>
      </input_file>
      <input_file id="fl-9">
         <path>.\source\</path>
         <kind>object</kind>
         <file>os_list.obj</file>
         <name>os_list.obj</name>
      </input_file>
      <input_file id="fl-a">
         <path>.\source\</path>
         <kind>object</kind>
         <file>os_mpu_wrappers.obj</file>
         <name>os_mpu_wrappers.obj</name>
      </input_file>
      <input_file id="fl-b">
         <path>.\source\</path>
         <kind>object</kind>
         <file>os_port.obj</file>
         <name>os_port.obj</name>
      </input_file>
      <input_file id="fl-c">
         <path>.\source\</path>
         <kind>object</kind>
         <file>os_portasm.obj</file>
         <name>os_portasm.obj</name>
      </input_file>
      <input_file id="fl-d">
         <path>.\source\</path>
         <kind>object</kind>
         <file>os_queue.obj</file>
         <name>os_queue.obj</name>
      </input_file>
      <input_file id="fl-e">
         <path>.\source\</path>
         <kind>object</kind>
         <file>os_tasks.obj</file>
         <name>os_tasks.obj</name>
      </input_file>
      <input_file id="fl-f">
         <path>.\source\</path>
         <kind>object</kind>
         <file>os_timer.obj</file>
         <name>os_timer.obj</name>
      </input_file>
      <input_file id="fl-10">
         <path>.\source\</path>
         <kind>object</kind>
         <file>pinmux.obj</file>
         <name>pinmux.obj</name>
      </input_file>
      <input_file id="fl-11">
         <path>.\source\</path>
         <kind>object</kind>
         <file>sci.obj</file>
         <name>sci.obj</name>
      </input_file>
      <input_file id="fl-12">
         <path>.\source\</path>
         <kind>object</kind>
         <file>sys_core.obj</file>
         <name>sys_core.obj</name>
      </input_file>
      <input_file id="fl-13">
         <path>.\source\</path>
         <kind>object</kind>
         <file>sys_dma.obj</file>
         <name>sys_dma.obj</name>
      </input_file>
      <input_file id="fl-14">
         <path>.\source\</path>
         <kind>object</kind>
         <file>sys_intvecs.obj</file>
         <name>sys_intvecs.obj</name>
      </input_file>
      <input_file id="fl-15">
         <path>.\source\</path>
         <kind>object</kind>
         <file>sys_main.obj</file>
         <name>sys_main.obj</name>
      </input_file>
      <input_file id="fl-16">
         <path>.\source\</path>
         <kind>object</kind>
         <file>sys_mpu.obj</file>
         <name>sys_mpu.obj</name>
      </input_file>
      <input_file id="fl-17">
         <path>.\source\</path>
         <kind>object</kind>
         <file>sys_pcr.obj</file>
         <name>sys_pcr.obj</name>
      </input_file>
      <input_file id="fl-18">
         <path>.\source\</path>
         <kind>object</kind>
         <file>sys_phantom.obj</file>
         <name>sys_phantom.obj</name>
      </input_file>
      <input_file id="fl-19">
         <path>.\source\</path>
         <kind>object</kind>
         <file>sys_pmm.obj</file>
         <name>sys_pmm.obj</name>
      </input_file>
      <input_file id="fl-1a">
         <path>.\source\</path>
         <kind>object</kind>
         <file>sys_pmu.obj</file>
         <name>sys_pmu.obj</name>
      </input_file>
      <input_file id="fl-1b">
         <path>.\source\</path>
         <kind>object</kind>
         <file>sys_selftest.obj</file>
         <name>sys_selftest.obj</name>
      </input_file>
      <input_file id="fl-1c">
         <path>.\source\</path>
         <kind>object</kind>
         <file>sys_startup.obj</file>
         <name>sys_startup.obj</name>
      </input_file>
      <input_file id="fl-1d">
         <path>.\source\</path>
         <kind>object</kind>
         <file>sys_vim.obj</file>
         <name>sys_vim.obj</name>
      </input_file>
      <input_file id="fl-1e">
         <path>.\source\</path>
         <kind>object</kind>
         <file>system.obj</file>
         <name>system.obj</name>
      </input_file>
      <input_file id="fl-22">
         <kind>object</kind>
         <file>&lt;internal&gt;</file>
         <name>&lt;internal&gt;</name>
      </input_file>
      <input_file id="fl-23">
         <path>C:\ti\ccsv7\tools\compiler\ti-cgt-arm_16.9.6.LTS\lib\</path>
         <kind>archive</kind>
         <file>rtsv7R4_T_be_v3D16_eabi.lib</file>
         <name>autoinit.obj</name>
      </input_file>
      <input_file id="fl-24">
         <path>C:\ti\ccsv7\tools\compiler\ti-cgt-arm_16.9.6.LTS\lib\</path>
         <kind>archive</kind>
         <file>rtsv7R4_T_be_v3D16_eabi.lib</file>
         <name>copy_decompress_lzss.obj</name>
      </input_file>
      <input_file id="fl-25">
         <path>C:\ti\ccsv7\tools\compiler\ti-cgt-arm_16.9.6.LTS\lib\</path>
         <kind>archive</kind>
         <file>rtsv7R4_T_be_v3D16_eabi.lib</file>
         <name>copy_decompress_none.obj</name>
      </input_file>
      <input_file id="fl-26">
         <path>C:\ti\ccsv7\tools\compiler\ti-cgt-arm_16.9.6.LTS\lib\</path>
         <kind>archive</kind>
         <file>rtsv7R4_T_be_v3D16_eabi.lib</file>
         <name>copy_zero_init.obj</name>
      </input_file>
      <input_file id="fl-27">
         <path>C:\ti\ccsv7\tools\compiler\ti-cgt-arm_16.9.6.LTS\lib\</path>
         <kind>archive</kind>
         <file>rtsv7R4_T_be_v3D16_eabi.lib</file>
         <name>cpy_tbl.obj</name>
      </input_file>
      <input_file id="fl-28">
         <path>C:\ti\ccsv7\tools\compiler\ti-cgt-arm_16.9.6.LTS\lib\</path>
         <kind>archive</kind>
         <file>rtsv7R4_T_be_v3D16_eabi.lib</file>
         <name>exit.obj</name>
      </input_file>
      <input_file id="fl-29">
         <path>C:\ti\ccsv7\tools\compiler\ti-cgt-arm_16.9.6.LTS\lib\</path>
         <kind>archive</kind>
         <file>rtsv7R4_T_be_v3D16_eabi.lib</file>
         <name>ltoa.obj</name>
      </input_file>
      <input_file id="fl-2a">
         <path>C:\ti\ccsv7\tools\compiler\ti-cgt-arm_16.9.6.LTS\lib\</path>
         <kind>archive</kind>
         <file>rtsv7R4_T_be_v3D16_eabi.lib</file>
         <name>memcpy_t2.obj</name>
      </input_file>
      <input_file id="fl-2b">
         <path>C:\ti\ccsv7\tools\compiler\ti-cgt-arm_16.9.6.LTS\lib\</path>
         <kind>archive</kind>
         <file>rtsv7R4_T_be_v3D16_eabi.lib</file>
         <name>memset_t2.obj</name>
      </input_file>
      <input_file id="fl-2c">
         <path>C:\ti\ccsv7\tools\compiler\ti-cgt-arm_16.9.6.LTS\lib\</path>
         <kind>archive</kind>
         <file>rtsv7R4_T_be_v3D16_eabi.lib</file>
         <name>s_floor.obj</name>
      </input_file>
      <input_file id="fl-2d">
         <path>C:\ti\ccsv7\tools\compiler\ti-cgt-arm_16.9.6.LTS\lib\</path>
         <kind>archive</kind>
         <file>rtsv7R4_T_be_v3D16_eabi.lib</file>
         <name>startup.obj</name>
      </input_file>
      <input_file id="fl-2e">
         <path>C:\ti\ccsv7\tools\compiler\ti-cgt-arm_16.9.6.LTS\lib\</path>
         <kind>archive</kind>
         <file>rtsv7R4_T_be_v3D16_eabi.lib</file>
         <name>strlen.obj</name>
      </input_file>
      <input_file id="fl-2f">
         <path>C:\ti\ccsv7\tools\compiler\ti-cgt-arm_16.9.6.LTS\lib\</path>
         <kind>archive</kind>
         <file>rtsv7R4_T_be_v3D16_eabi.lib</file>
         <name>_lock.obj</name>
      </input_file>
   </input_file_list>
   <object_component_list>
      <object_component id="oc-35">
         <name>.intvecs</name>
         <load_address>0x0</load_address>
         <run_address>0x0</run_address>
         <size>0x20</size>
         <input_file_ref idref="fl-14"/>
      </object_component>
      <object_component id="oc-111">
         <name>.kernelTEXT</name>
         <load_address>0x20</load_address>
         <run_address>0x20</run_address>
         <size>0x30f0</size>
         <input_file_ref idref="fl-e"/>
      </object_component>
      <object_component id="oc-1d9">
         <name>.kernelTEXT</name>
         <load_address>0x3110</load_address>
         <run_address>0x3110</run_address>
         <size>0x1790</size>
         <input_file_ref idref="fl-d"/>
      </object_component>
      <object_component id="oc-1df">
         <name>.kernelTEXT</name>
         <load_address>0x48a0</load_address>
         <run_address>0x48a0</run_address>
         <size>0xcf0</size>
         <input_file_ref idref="fl-f"/>
      </object_component>
      <object_component id="oc-1e5">
         <name>.kernelTEXT</name>
         <load_address>0x5590</load_address>
         <run_address>0x5590</run_address>
         <size>0x894</size>
         <input_file_ref idref="fl-7"/>
      </object_component>
      <object_component id="oc-a5">
         <name>.kernelTEXT</name>
         <load_address>0x5e24</load_address>
         <run_address>0x5e24</run_address>
         <size>0x4b0</size>
         <input_file_ref idref="fl-c"/>
      </object_component>
      <object_component id="oc-217">
         <name>.kernelTEXT</name>
         <load_address>0x62d4</load_address>
         <run_address>0x62d4</run_address>
         <size>0x3e0</size>
         <input_file_ref idref="fl-b"/>
      </object_component>
      <object_component id="oc-20b">
         <name>.kernelTEXT</name>
         <load_address>0x66b4</load_address>
         <run_address>0x66b4</run_address>
         <size>0x3a4</size>
         <input_file_ref idref="fl-8"/>
      </object_component>
      <object_component id="oc-325">
         <name>.cinit..data.load</name>
         <load_address>0x6a58</load_address>
         <run_address>0x6a58</run_address>
         <size>0x15</size>
      </object_component>
      <object_component id="oc-320">
         <name>__TI_handler_table</name>
         <load_address>0x6a70</load_address>
         <run_address>0x6a70</run_address>
         <size>0xc</size>
      </object_component>
      <object_component id="oc-322">
         <name>.cinit..kernelBSS.load</name>
         <load_address>0x6a7c</load_address>
         <run_address>0x6a7c</run_address>
         <size>0x9</size>
      </object_component>
      <object_component id="oc-324">
         <name>.cinit..bss.load</name>
         <load_address>0x6a88</load_address>
         <run_address>0x6a88</run_address>
         <size>0x8</size>
      </object_component>
      <object_component id="oc-323">
         <name>.cinit..kernelHEAP.load</name>
         <load_address>0x6a90</load_address>
         <run_address>0x6a90</run_address>
         <size>0x8</size>
      </object_component>
      <object_component id="oc-321">
         <name>__TI_cinit_table</name>
         <load_address>0x6a98</load_address>
         <run_address>0x6a98</run_address>
         <size>0x20</size>
      </object_component>
      <object_component id="oc-7a">
         <name>.text</name>
         <load_address>0x8020</load_address>
         <run_address>0x8020</run_address>
         <size>0x2cdc</size>
         <input_file_ref idref="fl-1b"/>
      </object_component>
      <object_component id="oc-10b">
         <name>.text</name>
         <load_address>0xacfc</load_address>
         <run_address>0xacfc</run_address>
         <size>0xe94</size>
         <input_file_ref idref="fl-a"/>
      </object_component>
      <object_component id="oc-74">
         <name>.text</name>
         <load_address>0xbb90</load_address>
         <run_address>0xbb90</run_address>
         <size>0xb28</size>
         <input_file_ref idref="fl-1e"/>
      </object_component>
      <object_component id="oc-41">
         <name>.text</name>
         <load_address>0xc6b8</load_address>
         <run_address>0xc6b8</run_address>
         <size>0xa58</size>
         <input_file_ref idref="fl-1d"/>
      </object_component>
      <object_component id="oc-db">
         <name>.text</name>
         <load_address>0xd110</load_address>
         <run_address>0xd110</run_address>
         <size>0x8cc</size>
         <input_file_ref idref="fl-10"/>
      </object_component>
      <object_component id="oc-105">
         <name>.text</name>
         <load_address>0xd9dc</load_address>
         <run_address>0xd9dc</run_address>
         <size>0x7a8</size>
         <input_file_ref idref="fl-11"/>
      </object_component>
      <object_component id="oc-80">
         <name>.text</name>
         <load_address>0xe184</load_address>
         <run_address>0xe184</run_address>
         <size>0x5d8</size>
         <input_file_ref idref="fl-3"/>
      </object_component>
      <object_component id="oc-ff">
         <name>.text</name>
         <load_address>0xe75c</load_address>
         <run_address>0xe75c</run_address>
         <size>0x484</size>
         <input_file_ref idref="fl-4"/>
      </object_component>
      <object_component id="oc-6f">
         <name>.text</name>
         <load_address>0xebe0</load_address>
         <run_address>0xebe0</run_address>
         <size>0x34c</size>
         <input_file_ref idref="fl-12"/>
      </object_component>
      <object_component id="oc-40">
         <name>.text:retain</name>
         <load_address>0xef2c</load_address>
         <run_address>0xef2c</run_address>
         <size>0x2cc</size>
         <input_file_ref idref="fl-1d"/>
      </object_component>
      <object_component id="oc-8c">
         <name>.text</name>
         <load_address>0xf1f8</load_address>
         <run_address>0xf1f8</run_address>
         <size>0x2b4</size>
         <input_file_ref idref="fl-15"/>
      </object_component>
      <object_component id="oc-299">
         <name>.text</name>
         <load_address>0xf4ac</load_address>
         <run_address>0xf4ac</run_address>
         <size>0x284</size>
         <input_file_ref idref="fl-8"/>
      </object_component>
      <object_component id="oc-20">
         <name>.text:retain</name>
         <load_address>0xf730</load_address>
         <run_address>0xf730</run_address>
         <size>0x27c</size>
         <input_file_ref idref="fl-1c"/>
      </object_component>
      <object_component id="oc-211">
         <name>.text</name>
         <load_address>0xf9ac</load_address>
         <run_address>0xf9ac</run_address>
         <size>0x238</size>
         <input_file_ref idref="fl-9"/>
      </object_component>
      <object_component id="oc-2f">
         <name>.text:retain</name>
         <load_address>0xfbe4</load_address>
         <run_address>0xfbe4</run_address>
         <size>0x204</size>
         <input_file_ref idref="fl-11"/>
      </object_component>
      <object_component id="oc-2ac">
         <name>.text</name>
         <load_address>0xfde8</load_address>
         <run_address>0xfde8</run_address>
         <size>0x1b4</size>
         <input_file_ref idref="fl-b"/>
      </object_component>
      <object_component id="oc-1d3">
         <name>.text</name>
         <load_address>0xff9c</load_address>
         <run_address>0xff9c</run_address>
         <size>0x164</size>
         <input_file_ref idref="fl-e"/>
      </object_component>
      <object_component id="oc-26">
         <name>.text:retain</name>
         <load_address>0x10100</load_address>
         <run_address>0x10100</run_address>
         <size>0x114</size>
         <input_file_ref idref="fl-3"/>
      </object_component>
      <object_component id="oc-b1">
         <name>.text</name>
         <load_address>0x10214</load_address>
         <run_address>0x10214</run_address>
         <size>0xe8</size>
         <input_file_ref idref="fl-2"/>
      </object_component>
      <object_component id="oc-1cc">
         <name>.text</name>
         <load_address>0x102fc</load_address>
         <run_address>0x102fc</run_address>
         <size>0xe0</size>
         <input_file_ref idref="fl-2c"/>
      </object_component>
      <object_component id="oc-e3">
         <name>.text</name>
         <load_address>0x103dc</load_address>
         <run_address>0x103dc</run_address>
         <size>0xe0</size>
         <input_file_ref idref="fl-1a"/>
      </object_component>
      <object_component id="oc-57">
         <name>.text</name>
         <load_address>0x104bc</load_address>
         <run_address>0x104bc</run_address>
         <size>0x9c</size>
         <input_file_ref idref="fl-2a"/>
      </object_component>
      <object_component id="oc-99">
         <name>.text</name>
         <load_address>0x10558</load_address>
         <run_address>0x10558</run_address>
         <size>0x94</size>
         <input_file_ref idref="fl-5"/>
      </object_component>
      <object_component id="oc-63">
         <name>.text</name>
         <load_address>0x105ec</load_address>
         <run_address>0x105ec</run_address>
         <size>0x7a</size>
         <input_file_ref idref="fl-2b"/>
      </object_component>
      <object_component id="oc-f7">
         <name>.text</name>
         <load_address>0x10666</load_address>
         <run_address>0x10666</run_address>
         <size>0x2</size>
         <input_file_ref idref="fl-2d"/>
      </object_component>
      <object_component id="oc-86">
         <name>.text</name>
         <load_address>0x10668</load_address>
         <run_address>0x10668</run_address>
         <size>0x70</size>
         <input_file_ref idref="fl-23"/>
      </object_component>
      <object_component id="oc-e">
         <name>.text:decompress:lzss</name>
         <load_address>0x106d8</load_address>
         <run_address>0x106d8</run_address>
         <size>0x6c</size>
         <input_file_ref idref="fl-24"/>
      </object_component>
      <object_component id="oc-117">
         <name>.text</name>
         <load_address>0x10744</load_address>
         <run_address>0x10744</run_address>
         <size>0x54</size>
         <input_file_ref idref="fl-29"/>
      </object_component>
      <object_component id="oc-92">
         <name>.text</name>
         <load_address>0x10798</load_address>
         <run_address>0x10798</run_address>
         <size>0x50</size>
         <input_file_ref idref="fl-28"/>
      </object_component>
      <object_component id="oc-f1">
         <name>.text</name>
         <load_address>0x107e8</load_address>
         <run_address>0x107e8</run_address>
         <size>0x4c</size>
         <input_file_ref idref="fl-27"/>
      </object_component>
      <object_component id="oc-220">
         <name>.text</name>
         <load_address>0x10834</load_address>
         <run_address>0x10834</run_address>
         <size>0x16</size>
         <input_file_ref idref="fl-2e"/>
      </object_component>
      <object_component id="oc-239">
         <name>.text</name>
         <load_address>0x1084c</load_address>
         <run_address>0x1084c</run_address>
         <size>0x14</size>
         <input_file_ref idref="fl-2f"/>
      </object_component>
      <object_component id="oc-14">
         <name>.text:decompress:none</name>
         <load_address>0x10860</load_address>
         <run_address>0x10860</run_address>
         <size>0xe</size>
         <input_file_ref idref="fl-25"/>
      </object_component>
      <object_component id="oc-1a">
         <name>.text:decompress:ZI</name>
         <load_address>0x1086e</load_address>
         <run_address>0x1086e</run_address>
         <size>0xc</size>
         <input_file_ref idref="fl-26"/>
      </object_component>
      <object_component id="oc-3a">
         <name>.text:retain</name>
         <load_address>0x1087c</load_address>
         <run_address>0x1087c</run_address>
         <size>0x4</size>
         <input_file_ref idref="fl-18"/>
      </object_component>
      <object_component id="oc-2c">
         <name>.const:s_vim_init</name>
         <load_address>0x10880</load_address>
         <run_address>0x10880</run_address>
         <size>0x200</size>
         <input_file_ref idref="fl-1d"/>
      </object_component>
      <object_component id="oc-2a2">
         <name>.const</name>
         <load_address>0x10a80</load_address>
         <run_address>0x10a80</run_address>
         <size>0x4</size>
         <input_file_ref idref="fl-8"/>
      </object_component>
      <object_component id="oc-144">
         <name>.kernelBSS:init</name>
         <load_address>0x80015d0</load_address>
         <run_address>0x80015d0</run_address>
         <size>0x34</size>
         <input_file_ref idref="fl-e"/>
      </object_component>
      <object_component id="oc-21d">
         <name>.kernelBSS:uninit</name>
         <load_address>0x8001500</load_address>
         <run_address>0x8001500</run_address>
         <size>0xd0</size>
         <input_file_ref idref="fl-e"/>
      </object_component>
      <object_component id="oc-289">
         <name>.kernelBSS:uninit</name>
         <load_address>0x8001604</load_address>
         <run_address>0x8001604</run_address>
         <size>0x30</size>
         <input_file_ref idref="fl-f"/>
      </object_component>
      <object_component id="oc-286">
         <name>.kernelBSS:init</name>
         <load_address>0x8001634</load_address>
         <run_address>0x8001634</run_address>
         <size>0xc</size>
         <input_file_ref idref="fl-f"/>
      </object_component>
      <object_component id="oc-2e8">
         <name>.kernelHEAP</name>
         <uninitialized>true</uninitialized>
         <run_address>0x8001d00</run_address>
         <size>0x2000</size>
         <input_file_ref idref="fl-8"/>
      </object_component>
      <object_component id="oc-2a5">
         <name>.bss:xStart</name>
         <uninitialized>true</uninitialized>
         <run_address>0x8004508</run_address>
         <size>0x8</size>
         <input_file_ref idref="fl-8"/>
      </object_component>
      <object_component id="oc-28d">
         <name>.bss:xStaticTimerQueue$2</name>
         <uninitialized>true</uninitialized>
         <run_address>0x8004458</run_address>
         <size>0x48</size>
         <input_file_ref idref="fl-f"/>
      </object_component>
      <object_component id="oc-28c">
         <name>.bss:ucStaticTimerQueueStorage$3</name>
         <uninitialized>true</uninitialized>
         <run_address>0x80044a0</run_address>
         <size>0x40</size>
         <input_file_ref idref="fl-f"/>
      </object_component>
      <object_component id="oc-ad">
         <name>.bss:g_sciTransfer_t</name>
         <uninitialized>true</uninitialized>
         <run_address>0x80044e0</run_address>
         <size>0x28</size>
         <input_file_ref idref="fl-11"/>
      </object_component>
      <object_component id="oc-120">
         <name>.bss:xIdleTaskTCB$1</name>
         <uninitialized>true</uninitialized>
         <run_address>0x8004300</run_address>
         <size>0xac</size>
         <input_file_ref idref="fl-15"/>
      </object_component>
      <object_component id="oc-121">
         <name>.bss:uxIdleTaskStack$2</name>
         <uninitialized>true</uninitialized>
         <run_address>0x8004100</run_address>
         <size>0x200</size>
         <input_file_ref idref="fl-15"/>
      </object_component>
      <object_component id="oc-122">
         <name>.bss:xTimerTaskTCB$3</name>
         <uninitialized>true</uninitialized>
         <run_address>0x80043ac</run_address>
         <size>0xac</size>
         <input_file_ref idref="fl-15"/>
      </object_component>
      <object_component id="oc-123">
         <name>.bss:uxTimerTaskStack$4</name>
         <uninitialized>true</uninitialized>
         <run_address>0x8003d00</run_address>
         <size>0x400</size>
         <input_file_ref idref="fl-15"/>
      </object_component>
      <object_component id="oc-11d">
         <name>.common:xq</name>
         <uninitialized>true</uninitialized>
         <run_address>0x8004510</run_address>
         <size>0x4</size>
      </object_component>
      <object_component id="oc-29f">
         <name>.data</name>
         <load_address>0x8004514</load_address>
         <run_address>0x8004514</run_address>
         <size>0x10</size>
         <input_file_ref idref="fl-8"/>
      </object_component>
      <object_component id="oc-147">
         <name>.data</name>
         <load_address>0x8004538</load_address>
         <run_address>0x8004538</run_address>
         <size>0x8</size>
         <input_file_ref idref="fl-b"/>
      </object_component>
      <object_component id="oc-12f">
         <name>.data:$O1$$</name>
         <load_address>0x8004524</load_address>
         <run_address>0x8004524</run_address>
         <size>0xc</size>
         <input_file_ref idref="fl-28"/>
      </object_component>
      <object_component id="oc-132">
         <name>.data:$O1$$</name>
         <load_address>0x8004530</load_address>
         <run_address>0x8004530</run_address>
         <size>0x8</size>
         <input_file_ref idref="fl-2f"/>
      </object_component>
      <object_component id="oc-b2">
         <name>.debug_info</name>
         <load_address>0x0</load_address>
         <run_address>0x0</run_address>
         <size>0x103</size>
         <input_file_ref idref="fl-2"/>
      </object_component>
      <object_component id="oc-f0">
         <name>.debug_info</name>
         <load_address>0x103</load_address>
         <run_address>0x103</run_address>
         <size>0x305</size>
         <input_file_ref idref="fl-3"/>
      </object_component>
      <object_component id="oc-81">
         <name>.debug_info</name>
         <load_address>0x408</load_address>
         <run_address>0x408</run_address>
         <size>0xb2c</size>
         <input_file_ref idref="fl-3"/>
      </object_component>
      <object_component id="oc-27">
         <name>.debug_info</name>
         <load_address>0xf34</load_address>
         <run_address>0xf34</run_address>
         <size>0x18c</size>
         <input_file_ref idref="fl-3"/>
      </object_component>
      <object_component id="oc-a0">
         <name>.debug_info</name>
         <load_address>0x10c0</load_address>
         <run_address>0x10c0</run_address>
         <size>0x157</size>
         <input_file_ref idref="fl-3"/>
      </object_component>
      <object_component id="oc-125">
         <name>.debug_info</name>
         <load_address>0x1217</load_address>
         <run_address>0x1217</run_address>
         <size>0x8b</size>
         <input_file_ref idref="fl-3"/>
      </object_component>
      <object_component id="oc-b9">
         <name>.debug_info</name>
         <load_address>0x12a2</load_address>
         <run_address>0x12a2</run_address>
         <size>0x18c</size>
         <input_file_ref idref="fl-3"/>
      </object_component>
      <object_component id="oc-13f">
         <name>.debug_info</name>
         <load_address>0x142e</load_address>
         <run_address>0x142e</run_address>
         <size>0x18b</size>
         <input_file_ref idref="fl-3"/>
      </object_component>
      <object_component id="oc-be">
         <name>.debug_info</name>
         <load_address>0x15b9</load_address>
         <run_address>0x15b9</run_address>
         <size>0x86</size>
         <input_file_ref idref="fl-3"/>
      </object_component>
      <object_component id="oc-14d">
         <name>.debug_info</name>
         <load_address>0x163f</load_address>
         <run_address>0x163f</run_address>
         <size>0x1de</size>
         <input_file_ref idref="fl-3"/>
      </object_component>
      <object_component id="oc-eb">
         <name>.debug_info</name>
         <load_address>0x181d</load_address>
         <run_address>0x181d</run_address>
         <size>0x129</size>
         <input_file_ref idref="fl-3"/>
      </object_component>
      <object_component id="oc-166">
         <name>.debug_info</name>
         <load_address>0x1946</load_address>
         <run_address>0x1946</run_address>
         <size>0x2d0</size>
         <input_file_ref idref="fl-3"/>
      </object_component>
      <object_component id="oc-1cb">
         <name>.debug_info</name>
         <load_address>0x1c16</load_address>
         <run_address>0x1c16</run_address>
         <size>0x288</size>
         <input_file_ref idref="fl-4"/>
      </object_component>
      <object_component id="oc-101">
         <name>.debug_info</name>
         <load_address>0x1e9e</load_address>
         <run_address>0x1e9e</run_address>
         <size>0x6e4</size>
         <input_file_ref idref="fl-4"/>
      </object_component>
      <object_component id="oc-157">
         <name>.debug_info</name>
         <load_address>0x2582</load_address>
         <run_address>0x2582</run_address>
         <size>0x1f9</size>
         <input_file_ref idref="fl-4"/>
      </object_component>
      <object_component id="oc-272">
         <name>.debug_info</name>
         <load_address>0x277b</load_address>
         <run_address>0x277b</run_address>
         <size>0x12a</size>
         <input_file_ref idref="fl-4"/>
      </object_component>
      <object_component id="oc-139">
         <name>.debug_info</name>
         <load_address>0x28a5</load_address>
         <run_address>0x28a5</run_address>
         <size>0x489</size>
         <input_file_ref idref="fl-5"/>
      </object_component>
      <object_component id="oc-9a">
         <name>.debug_info</name>
         <load_address>0x2d2e</load_address>
         <run_address>0x2d2e</run_address>
         <size>0x717</size>
         <input_file_ref idref="fl-5"/>
      </object_component>
      <object_component id="oc-17a">
         <name>.debug_info</name>
         <load_address>0x3445</load_address>
         <run_address>0x3445</run_address>
         <size>0x791</size>
         <input_file_ref idref="fl-5"/>
      </object_component>
      <object_component id="oc-17f">
         <name>.debug_info</name>
         <load_address>0x3bd6</load_address>
         <run_address>0x3bd6</run_address>
         <size>0x4de</size>
         <input_file_ref idref="fl-5"/>
      </object_component>
      <object_component id="oc-184">
         <name>.debug_info</name>
         <load_address>0x40b4</load_address>
         <run_address>0x40b4</run_address>
         <size>0x3ce</size>
         <input_file_ref idref="fl-5"/>
      </object_component>
      <object_component id="oc-247">
         <name>.debug_info</name>
         <load_address>0x4482</load_address>
         <run_address>0x4482</run_address>
         <size>0x7cd</size>
         <input_file_ref idref="fl-5"/>
      </object_component>
      <object_component id="oc-13a">
         <name>.debug_info</name>
         <load_address>0x4c4f</load_address>
         <run_address>0x4c4f</run_address>
         <size>0x673</size>
         <input_file_ref idref="fl-5"/>
      </object_component>
      <object_component id="oc-d3">
         <name>.debug_info</name>
         <load_address>0x52c2</load_address>
         <run_address>0x52c2</run_address>
         <size>0x2c</size>
         <input_file_ref idref="fl-5"/>
      </object_component>
      <object_component id="oc-189">
         <name>.debug_info</name>
         <load_address>0x52ee</load_address>
         <run_address>0x52ee</run_address>
         <size>0x437</size>
         <input_file_ref idref="fl-5"/>
      </object_component>
      <object_component id="oc-1b4">
         <name>.debug_info</name>
         <load_address>0x5725</load_address>
         <run_address>0x5725</run_address>
         <size>0x37b</size>
         <input_file_ref idref="fl-5"/>
      </object_component>
      <object_component id="oc-18e">
         <name>.debug_info</name>
         <load_address>0x5aa0</load_address>
         <run_address>0x5aa0</run_address>
         <size>0x1ca</size>
         <input_file_ref idref="fl-5"/>
      </object_component>
      <object_component id="oc-152">
         <name>.debug_info</name>
         <load_address>0x5c6a</load_address>
         <run_address>0x5c6a</run_address>
         <size>0x435</size>
         <input_file_ref idref="fl-5"/>
      </object_component>
      <object_component id="oc-1a7">
         <name>.debug_info</name>
         <load_address>0x609f</load_address>
         <run_address>0x609f</run_address>
         <size>0x551</size>
         <input_file_ref idref="fl-5"/>
      </object_component>
      <object_component id="oc-193">
         <name>.debug_info</name>
         <load_address>0x65f0</load_address>
         <run_address>0x65f0</run_address>
         <size>0x3d3</size>
         <input_file_ref idref="fl-5"/>
      </object_component>
      <object_component id="oc-19d">
         <name>.debug_info</name>
         <load_address>0x69c3</load_address>
         <run_address>0x69c3</run_address>
         <size>0x1de</size>
         <input_file_ref idref="fl-5"/>
      </object_component>
      <object_component id="oc-22c">
         <name>.debug_info</name>
         <load_address>0x6ba1</load_address>
         <run_address>0x6ba1</run_address>
         <size>0x243</size>
         <input_file_ref idref="fl-5"/>
      </object_component>
      <object_component id="oc-257">
         <name>.debug_info</name>
         <load_address>0x6de4</load_address>
         <run_address>0x6de4</run_address>
         <size>0x18e</size>
         <input_file_ref idref="fl-5"/>
      </object_component>
      <object_component id="oc-1ac">
         <name>.debug_info</name>
         <load_address>0x6f72</load_address>
         <run_address>0x6f72</run_address>
         <size>0x17a</size>
         <input_file_ref idref="fl-5"/>
      </object_component>
      <object_component id="oc-15c">
         <name>.debug_info</name>
         <load_address>0x70ec</load_address>
         <run_address>0x70ec</run_address>
         <size>0x6a6</size>
         <input_file_ref idref="fl-5"/>
      </object_component>
      <object_component id="oc-161">
         <name>.debug_info</name>
         <load_address>0x7792</load_address>
         <run_address>0x7792</run_address>
         <size>0x13e</size>
         <input_file_ref idref="fl-5"/>
      </object_component>
      <object_component id="oc-236">
         <name>.debug_info</name>
         <load_address>0x78d0</load_address>
         <run_address>0x78d0</run_address>
         <size>0x1da</size>
         <input_file_ref idref="fl-6"/>
      </object_component>
      <object_component id="oc-1f7">
         <name>.debug_info</name>
         <load_address>0x7aaa</load_address>
         <run_address>0x7aaa</run_address>
         <size>0x30c</size>
         <input_file_ref idref="fl-6"/>
      </object_component>
      <object_component id="oc-12a">
         <name>.debug_info</name>
         <load_address>0x7db6</load_address>
         <run_address>0x7db6</run_address>
         <size>0x3ea</size>
         <input_file_ref idref="fl-6"/>
      </object_component>
      <object_component id="oc-1ec">
         <name>.debug_info</name>
         <load_address>0x81a0</load_address>
         <run_address>0x81a0</run_address>
         <size>0xe1</size>
         <input_file_ref idref="fl-6"/>
      </object_component>
      <object_component id="oc-52">
         <name>.debug_info</name>
         <load_address>0x8281</load_address>
         <run_address>0x8281</run_address>
         <size>0x84</size>
         <input_file_ref idref="fl-6"/>
      </object_component>
      <object_component id="oc-2c3">
         <name>.debug_info</name>
         <load_address>0x8305</load_address>
         <run_address>0x8305</run_address>
         <size>0xcc</size>
         <input_file_ref idref="fl-6"/>
      </object_component>
      <object_component id="oc-1f1">
         <name>.debug_info</name>
         <load_address>0x83d1</load_address>
         <run_address>0x83d1</run_address>
         <size>0x2c</size>
         <input_file_ref idref="fl-6"/>
      </object_component>
      <object_component id="oc-231">
         <name>.debug_info</name>
         <load_address>0x83fd</load_address>
         <run_address>0x83fd</run_address>
         <size>0x14c</size>
         <input_file_ref idref="fl-6"/>
      </object_component>
      <object_component id="oc-296">
         <name>.debug_info</name>
         <load_address>0x8549</load_address>
         <run_address>0x8549</run_address>
         <size>0x685</size>
         <input_file_ref idref="fl-7"/>
      </object_component>
      <object_component id="oc-1e6">
         <name>.debug_info</name>
         <load_address>0x8bce</load_address>
         <run_address>0x8bce</run_address>
         <size>0x15b2</size>
         <input_file_ref idref="fl-7"/>
      </object_component>
      <object_component id="oc-281">
         <name>.debug_info</name>
         <load_address>0xa180</load_address>
         <run_address>0xa180</run_address>
         <size>0x110</size>
         <input_file_ref idref="fl-7"/>
      </object_component>
      <object_component id="oc-206">
         <name>.debug_info</name>
         <load_address>0xa290</load_address>
         <run_address>0xa290</run_address>
         <size>0x39</size>
         <input_file_ref idref="fl-7"/>
      </object_component>
      <object_component id="oc-201">
         <name>.debug_info</name>
         <load_address>0xa2c9</load_address>
         <run_address>0xa2c9</run_address>
         <size>0x46</size>
         <input_file_ref idref="fl-7"/>
      </object_component>
      <object_component id="oc-2e3">
         <name>.debug_info</name>
         <load_address>0xa30f</load_address>
         <run_address>0xa30f</run_address>
         <size>0x76</size>
         <input_file_ref idref="fl-7"/>
      </object_component>
      <object_component id="oc-2a9">
         <name>.debug_info</name>
         <load_address>0xa385</load_address>
         <run_address>0xa385</run_address>
         <size>0x42c</size>
         <input_file_ref idref="fl-8"/>
      </object_component>
      <object_component id="oc-2e9">
         <name>.debug_info</name>
         <load_address>0xa7b1</load_address>
         <run_address>0xa7b1</run_address>
         <size>0xdd</size>
         <input_file_ref idref="fl-8"/>
      </object_component>
      <object_component id="oc-2a3">
         <name>.debug_info</name>
         <load_address>0xa88e</load_address>
         <run_address>0xa88e</run_address>
         <size>0xef</size>
         <input_file_ref idref="fl-8"/>
      </object_component>
      <object_component id="oc-2a6">
         <name>.debug_info</name>
         <load_address>0xa97d</load_address>
         <run_address>0xa97d</run_address>
         <size>0xdd</size>
         <input_file_ref idref="fl-8"/>
      </object_component>
      <object_component id="oc-2a0">
         <name>.debug_info</name>
         <load_address>0xaa5a</load_address>
         <run_address>0xaa5a</run_address>
         <size>0x191</size>
         <input_file_ref idref="fl-8"/>
      </object_component>
      <object_component id="oc-20c">
         <name>.debug_info</name>
         <load_address>0xabeb</load_address>
         <run_address>0xabeb</run_address>
         <size>0x53a</size>
         <input_file_ref idref="fl-8"/>
      </object_component>
      <object_component id="oc-29a">
         <name>.debug_info</name>
         <load_address>0xb125</load_address>
         <run_address>0xb125</run_address>
         <size>0x2b4</size>
         <input_file_ref idref="fl-8"/>
      </object_component>
      <object_component id="oc-2f2">
         <name>.debug_info</name>
         <load_address>0xb3d9</load_address>
         <run_address>0xb3d9</run_address>
         <size>0x62</size>
         <input_file_ref idref="fl-8"/>
      </object_component>
      <object_component id="oc-2ab">
         <name>.debug_info</name>
         <load_address>0xb43b</load_address>
         <run_address>0xb43b</run_address>
         <size>0x362</size>
         <input_file_ref idref="fl-9"/>
      </object_component>
      <object_component id="oc-213">
         <name>.debug_info</name>
         <load_address>0xb79d</load_address>
         <run_address>0xb79d</run_address>
         <size>0x4bb</size>
         <input_file_ref idref="fl-9"/>
      </object_component>
      <object_component id="oc-1f6">
         <name>.debug_info</name>
         <load_address>0xbc58</load_address>
         <run_address>0xbc58</run_address>
         <size>0x13c5</size>
         <input_file_ref idref="fl-a"/>
      </object_component>
      <object_component id="oc-10d">
         <name>.debug_info</name>
         <load_address>0xd01d</load_address>
         <run_address>0xd01d</run_address>
         <size>0x5963</size>
         <input_file_ref idref="fl-a"/>
      </object_component>
      <object_component id="oc-1fc">
         <name>.debug_info</name>
         <load_address>0x12980</load_address>
         <run_address>0x12980</run_address>
         <size>0x46</size>
         <input_file_ref idref="fl-a"/>
      </object_component>
      <object_component id="oc-2b3">
         <name>.debug_info</name>
         <load_address>0x129c6</load_address>
         <run_address>0x129c6</run_address>
         <size>0x47a</size>
         <input_file_ref idref="fl-b"/>
      </object_component>
      <object_component id="oc-148">
         <name>.debug_info</name>
         <load_address>0x12e40</load_address>
         <run_address>0x12e40</run_address>
         <size>0x12b</size>
         <input_file_ref idref="fl-b"/>
      </object_component>
      <object_component id="oc-218">
         <name>.debug_info</name>
         <load_address>0x12f6b</load_address>
         <run_address>0x12f6b</run_address>
         <size>0x5bf</size>
         <input_file_ref idref="fl-b"/>
      </object_component>
      <object_component id="oc-2ad">
         <name>.debug_info</name>
         <load_address>0x1352a</load_address>
         <run_address>0x1352a</run_address>
         <size>0x364</size>
         <input_file_ref idref="fl-b"/>
      </object_component>
      <object_component id="oc-a6">
         <name>.debug_info</name>
         <load_address>0x1388e</load_address>
         <run_address>0x1388e</run_address>
         <size>0x4e4</size>
         <input_file_ref idref="fl-c"/>
      </object_component>
      <object_component id="oc-280">
         <name>.debug_info</name>
         <load_address>0x13d72</load_address>
         <run_address>0x13d72</run_address>
         <size>0x876</size>
         <input_file_ref idref="fl-d"/>
      </object_component>
      <object_component id="oc-1da">
         <name>.debug_info</name>
         <load_address>0x145e8</load_address>
         <run_address>0x145e8</run_address>
         <size>0x3289</size>
         <input_file_ref idref="fl-d"/>
      </object_component>
      <object_component id="oc-2d6">
         <name>.debug_info</name>
         <load_address>0x17871</load_address>
         <run_address>0x17871</run_address>
         <size>0x169</size>
         <input_file_ref idref="fl-d"/>
      </object_component>
      <object_component id="oc-227">
         <name>.debug_info</name>
         <load_address>0x179da</load_address>
         <run_address>0x179da</run_address>
         <size>0x92d</size>
         <input_file_ref idref="fl-e"/>
      </object_component>
      <object_component id="oc-145">
         <name>.debug_info</name>
         <load_address>0x18307</load_address>
         <run_address>0x18307</run_address>
         <size>0x34e</size>
         <input_file_ref idref="fl-e"/>
      </object_component>
      <object_component id="oc-21e">
         <name>.debug_info</name>
         <load_address>0x18655</load_address>
         <run_address>0x18655</run_address>
         <size>0x27a</size>
         <input_file_ref idref="fl-e"/>
      </object_component>
      <object_component id="oc-112">
         <name>.debug_info</name>
         <load_address>0x188cf</load_address>
         <run_address>0x188cf</run_address>
         <size>0x5398</size>
         <input_file_ref idref="fl-e"/>
      </object_component>
      <object_component id="oc-1d4">
         <name>.debug_info</name>
         <load_address>0x1dc67</load_address>
         <run_address>0x1dc67</run_address>
         <size>0x3ee</size>
         <input_file_ref idref="fl-e"/>
      </object_component>
      <object_component id="oc-2ba">
         <name>.debug_info</name>
         <load_address>0x1e055</load_address>
         <run_address>0x1e055</run_address>
         <size>0x17a</size>
         <input_file_ref idref="fl-e"/>
      </object_component>
      <object_component id="oc-28f">
         <name>.debug_info</name>
         <load_address>0x1e1cf</load_address>
         <run_address>0x1e1cf</run_address>
         <size>0x8fc</size>
         <input_file_ref idref="fl-f"/>
      </object_component>
      <object_component id="oc-28a">
         <name>.debug_info</name>
         <load_address>0x1eacb</load_address>
         <run_address>0x1eacb</run_address>
         <size>0x190</size>
         <input_file_ref idref="fl-f"/>
      </object_component>
      <object_component id="oc-287">
         <name>.debug_info</name>
         <load_address>0x1ec5b</load_address>
         <run_address>0x1ec5b</run_address>
         <size>0x118</size>
         <input_file_ref idref="fl-f"/>
      </object_component>
      <object_component id="oc-1e1">
         <name>.debug_info</name>
         <load_address>0x1ed73</load_address>
         <run_address>0x1ed73</run_address>
         <size>0x24ae</size>
         <input_file_ref idref="fl-f"/>
      </object_component>
      <object_component id="oc-290">
         <name>.debug_info</name>
         <load_address>0x21221</load_address>
         <run_address>0x21221</run_address>
         <size>0x1e2</size>
         <input_file_ref idref="fl-f"/>
      </object_component>
      <object_component id="oc-177">
         <name>.debug_info</name>
         <load_address>0x21403</load_address>
         <run_address>0x21403</run_address>
         <size>0x26f</size>
         <input_file_ref idref="fl-10"/>
      </object_component>
      <object_component id="oc-dc">
         <name>.debug_info</name>
         <load_address>0x21672</load_address>
         <run_address>0x21672</run_address>
         <size>0x1ea</size>
         <input_file_ref idref="fl-10"/>
      </object_component>
      <object_component id="oc-198">
         <name>.debug_info</name>
         <load_address>0x2185c</load_address>
         <run_address>0x2185c</run_address>
         <size>0x508</size>
         <input_file_ref idref="fl-10"/>
      </object_component>
      <object_component id="oc-25e">
         <name>.debug_info</name>
         <load_address>0x21d64</load_address>
         <run_address>0x21d64</run_address>
         <size>0x43c</size>
         <input_file_ref idref="fl-10"/>
      </object_component>
      <object_component id="oc-172">
         <name>.debug_info</name>
         <load_address>0x221a0</load_address>
         <run_address>0x221a0</run_address>
         <size>0x359</size>
         <input_file_ref idref="fl-11"/>
      </object_component>
      <object_component id="oc-ae">
         <name>.debug_info</name>
         <load_address>0x224f9</load_address>
         <run_address>0x224f9</run_address>
         <size>0xeb</size>
         <input_file_ref idref="fl-11"/>
      </object_component>
      <object_component id="oc-106">
         <name>.debug_info</name>
         <load_address>0x225e4</load_address>
         <run_address>0x225e4</run_address>
         <size>0xc35</size>
         <input_file_ref idref="fl-11"/>
      </object_component>
      <object_component id="oc-30">
         <name>.debug_info</name>
         <load_address>0x23219</load_address>
         <run_address>0x23219</run_address>
         <size>0x212</size>
         <input_file_ref idref="fl-11"/>
      </object_component>
      <object_component id="oc-252">
         <name>.debug_info</name>
         <load_address>0x2342b</load_address>
         <run_address>0x2342b</run_address>
         <size>0x91</size>
         <input_file_ref idref="fl-11"/>
      </object_component>
      <object_component id="oc-71">
         <name>.debug_info</name>
         <load_address>0x234bc</load_address>
         <run_address>0x234bc</run_address>
         <size>0x7f8</size>
         <input_file_ref idref="fl-12"/>
      </object_component>
      <object_component id="oc-36">
         <name>.debug_info</name>
         <load_address>0x23cb4</load_address>
         <run_address>0x23cb4</run_address>
         <size>0x10b</size>
         <input_file_ref idref="fl-14"/>
      </object_component>
      <object_component id="oc-11e">
         <name>.debug_info</name>
         <load_address>0x23dbf</load_address>
         <run_address>0x23dbf</run_address>
         <size>0x7fa</size>
         <input_file_ref idref="fl-15"/>
      </object_component>
      <object_component id="oc-8d">
         <name>.debug_info</name>
         <load_address>0x245b9</load_address>
         <run_address>0x245b9</run_address>
         <size>0x94a</size>
         <input_file_ref idref="fl-15"/>
      </object_component>
      <object_component id="oc-263">
         <name>.debug_info</name>
         <load_address>0x24f03</load_address>
         <run_address>0x24f03</run_address>
         <size>0x28e</size>
         <input_file_ref idref="fl-17"/>
      </object_component>
      <object_component id="oc-2cd">
         <name>.debug_info</name>
         <load_address>0x25191</load_address>
         <run_address>0x25191</run_address>
         <size>0x242</size>
         <input_file_ref idref="fl-17"/>
      </object_component>
      <object_component id="oc-1a2">
         <name>.debug_info</name>
         <load_address>0x253d3</load_address>
         <run_address>0x253d3</run_address>
         <size>0x2af</size>
         <input_file_ref idref="fl-17"/>
      </object_component>
      <object_component id="oc-3b">
         <name>.debug_info</name>
         <load_address>0x25682</load_address>
         <run_address>0x25682</run_address>
         <size>0x13d</size>
         <input_file_ref idref="fl-18"/>
      </object_component>
      <object_component id="oc-e4">
         <name>.debug_info</name>
         <load_address>0x257bf</load_address>
         <run_address>0x257bf</run_address>
         <size>0x36a</size>
         <input_file_ref idref="fl-1a"/>
      </object_component>
      <object_component id="oc-e9">
         <name>.debug_info</name>
         <load_address>0x25b29</load_address>
         <run_address>0x25b29</run_address>
         <size>0x65e</size>
         <input_file_ref idref="fl-1b"/>
      </object_component>
      <object_component id="oc-7b">
         <name>.debug_info</name>
         <load_address>0x26187</load_address>
         <run_address>0x26187</run_address>
         <size>0x2e8f</size>
         <input_file_ref idref="fl-1b"/>
      </object_component>
      <object_component id="oc-21">
         <name>.debug_info</name>
         <load_address>0x29016</load_address>
         <run_address>0x29016</run_address>
         <size>0x5a8</size>
         <input_file_ref idref="fl-1c"/>
      </object_component>
      <object_component id="oc-ac">
         <name>.debug_info</name>
         <load_address>0x295be</load_address>
         <run_address>0x295be</run_address>
         <size>0x4c8</size>
         <input_file_ref idref="fl-1d"/>
      </object_component>
      <object_component id="oc-2d">
         <name>.debug_info</name>
         <load_address>0x29a86</load_address>
         <run_address>0x29a86</run_address>
         <size>0xe5</size>
         <input_file_ref idref="fl-1d"/>
      </object_component>
      <object_component id="oc-42">
         <name>.debug_info</name>
         <load_address>0x29b6b</load_address>
         <run_address>0x29b6b</run_address>
         <size>0x477</size>
         <input_file_ref idref="fl-1d"/>
      </object_component>
      <object_component id="oc-47">
         <name>.debug_info</name>
         <load_address>0x29fe2</load_address>
         <run_address>0x29fe2</run_address>
         <size>0x200</size>
         <input_file_ref idref="fl-1d"/>
      </object_component>
      <object_component id="oc-16b">
         <name>.debug_info</name>
         <load_address>0x2a1e2</load_address>
         <run_address>0x2a1e2</run_address>
         <size>0x4f</size>
         <input_file_ref idref="fl-1d"/>
      </object_component>
      <object_component id="oc-e2">
         <name>.debug_info</name>
         <load_address>0x2a231</load_address>
         <run_address>0x2a231</run_address>
         <size>0x50b</size>
         <input_file_ref idref="fl-1e"/>
      </object_component>
      <object_component id="oc-75">
         <name>.debug_info</name>
         <load_address>0x2a73c</load_address>
         <run_address>0x2a73c</run_address>
         <size>0x736</size>
         <input_file_ref idref="fl-1e"/>
      </object_component>
      <object_component id="oc-fe">
         <name>.debug_info</name>
         <load_address>0x2ae72</load_address>
         <run_address>0x2ae72</run_address>
         <size>0x483</size>
         <input_file_ref idref="fl-23"/>
      </object_component>
      <object_component id="oc-89">
         <name>.debug_info</name>
         <load_address>0x2b2f5</load_address>
         <run_address>0x2b2f5</run_address>
         <size>0x190</size>
         <input_file_ref idref="fl-23"/>
      </object_component>
      <object_component id="oc-1c0">
         <name>.debug_info</name>
         <load_address>0x2b485</load_address>
         <run_address>0x2b485</run_address>
         <size>0x39</size>
         <input_file_ref idref="fl-23"/>
      </object_component>
      <object_component id="oc-26b">
         <name>.debug_info</name>
         <load_address>0x2b4be</load_address>
         <run_address>0x2b4be</run_address>
         <size>0x39</size>
         <input_file_ref idref="fl-23"/>
      </object_component>
      <object_component id="oc-1c5">
         <name>.debug_info</name>
         <load_address>0x2b4f7</load_address>
         <run_address>0x2b4f7</run_address>
         <size>0xcd</size>
         <input_file_ref idref="fl-23"/>
      </object_component>
      <object_component id="oc-c9">
         <name>.debug_info</name>
         <load_address>0x2b5c4</load_address>
         <run_address>0x2b5c4</run_address>
         <size>0x293</size>
         <input_file_ref idref="fl-24"/>
      </object_component>
      <object_component id="oc-f">
         <name>.debug_info</name>
         <load_address>0x2b857</load_address>
         <run_address>0x2b857</run_address>
         <size>0x245</size>
         <input_file_ref idref="fl-24"/>
      </object_component>
      <object_component id="oc-4d">
         <name>.debug_info</name>
         <load_address>0x2ba9c</load_address>
         <run_address>0x2ba9c</run_address>
         <size>0x60</size>
         <input_file_ref idref="fl-24"/>
      </object_component>
      <object_component id="oc-c4">
         <name>.debug_info</name>
         <load_address>0x2bafc</load_address>
         <run_address>0x2bafc</run_address>
         <size>0x46</size>
         <input_file_ref idref="fl-24"/>
      </object_component>
      <object_component id="oc-62">
         <name>.debug_info</name>
         <load_address>0x2bb42</load_address>
         <run_address>0x2bb42</run_address>
         <size>0x2d5</size>
         <input_file_ref idref="fl-25"/>
      </object_component>
      <object_component id="oc-18">
         <name>.debug_info</name>
         <load_address>0x2be17</load_address>
         <run_address>0x2be17</run_address>
         <size>0x1ca</size>
         <input_file_ref idref="fl-25"/>
      </object_component>
      <object_component id="oc-5d">
         <name>.debug_info</name>
         <load_address>0x2bfe1</load_address>
         <run_address>0x2bfe1</run_address>
         <size>0x46</size>
         <input_file_ref idref="fl-25"/>
      </object_component>
      <object_component id="oc-cb">
         <name>.debug_info</name>
         <load_address>0x2c027</load_address>
         <run_address>0x2c027</run_address>
         <size>0x2c</size>
         <input_file_ref idref="fl-25"/>
      </object_component>
      <object_component id="oc-6e">
         <name>.debug_info</name>
         <load_address>0x2c053</load_address>
         <run_address>0x2c053</run_address>
         <size>0x2c9</size>
         <input_file_ref idref="fl-26"/>
      </object_component>
      <object_component id="oc-1b">
         <name>.debug_info</name>
         <load_address>0x2c31c</load_address>
         <run_address>0x2c31c</run_address>
         <size>0x1aa</size>
         <input_file_ref idref="fl-26"/>
      </object_component>
      <object_component id="oc-69">
         <name>.debug_info</name>
         <load_address>0x2c4c6</load_address>
         <run_address>0x2c4c6</run_address>
         <size>0x46</size>
         <input_file_ref idref="fl-26"/>
      </object_component>
      <object_component id="oc-1bc">
         <name>.debug_info</name>
         <load_address>0x2c50c</load_address>
         <run_address>0x2c50c</run_address>
         <size>0x37a</size>
         <input_file_ref idref="fl-27"/>
      </object_component>
      <object_component id="oc-f2">
         <name>.debug_info</name>
         <load_address>0x2c886</load_address>
         <run_address>0x2c886</run_address>
         <size>0x183</size>
         <input_file_ref idref="fl-27"/>
      </object_component>
      <object_component id="oc-266">
         <name>.debug_info</name>
         <load_address>0x2ca09</load_address>
         <run_address>0x2ca09</run_address>
         <size>0x2c</size>
         <input_file_ref idref="fl-27"/>
      </object_component>
      <object_component id="oc-136">
         <name>.debug_info</name>
         <load_address>0x2ca35</load_address>
         <run_address>0x2ca35</run_address>
         <size>0x3ce</size>
         <input_file_ref idref="fl-28"/>
      </object_component>
      <object_component id="oc-130">
         <name>.debug_info</name>
         <load_address>0x2ce03</load_address>
         <run_address>0x2ce03</run_address>
         <size>0x185</size>
         <input_file_ref idref="fl-28"/>
      </object_component>
      <object_component id="oc-94">
         <name>.debug_info</name>
         <load_address>0x2cf88</load_address>
         <run_address>0x2cf88</run_address>
         <size>0x214</size>
         <input_file_ref idref="fl-28"/>
      </object_component>
      <object_component id="oc-229">
         <name>.debug_info</name>
         <load_address>0x2d19c</load_address>
         <run_address>0x2d19c</run_address>
         <size>0x2e6</size>
         <input_file_ref idref="fl-29"/>
      </object_component>
      <object_component id="oc-118">
         <name>.debug_info</name>
         <load_address>0x2d482</load_address>
         <run_address>0x2d482</run_address>
         <size>0x1c2</size>
         <input_file_ref idref="fl-29"/>
      </object_component>
      <object_component id="oc-58">
         <name>.debug_info</name>
         <load_address>0x2d644</load_address>
         <run_address>0x2d644</run_address>
         <size>0x111</size>
         <input_file_ref idref="fl-2a"/>
      </object_component>
      <object_component id="oc-64">
         <name>.debug_info</name>
         <load_address>0x2d755</load_address>
         <run_address>0x2d755</run_address>
         <size>0x13f</size>
         <input_file_ref idref="fl-2b"/>
      </object_component>
      <object_component id="oc-27d">
         <name>.debug_info</name>
         <load_address>0x2d894</load_address>
         <run_address>0x2d894</run_address>
         <size>0x2ce</size>
         <input_file_ref idref="fl-2c"/>
      </object_component>
      <object_component id="oc-1cd">
         <name>.debug_info</name>
         <load_address>0x2db62</load_address>
         <run_address>0x2db62</run_address>
         <size>0x195</size>
         <input_file_ref idref="fl-2c"/>
      </object_component>
      <object_component id="oc-278">
         <name>.debug_info</name>
         <load_address>0x2dcf7</load_address>
         <run_address>0x2dcf7</run_address>
         <size>0x39</size>
         <input_file_ref idref="fl-2c"/>
      </object_component>
      <object_component id="oc-f9">
         <name>.debug_info</name>
         <load_address>0x2dd30</load_address>
         <run_address>0x2dd30</run_address>
         <size>0x145</size>
         <input_file_ref idref="fl-2d"/>
      </object_component>
      <object_component id="oc-2b7">
         <name>.debug_info</name>
         <load_address>0x2de75</load_address>
         <run_address>0x2de75</run_address>
         <size>0x284</size>
         <input_file_ref idref="fl-2e"/>
      </object_component>
      <object_component id="oc-221">
         <name>.debug_info</name>
         <load_address>0x2e0f9</load_address>
         <run_address>0x2e0f9</run_address>
         <size>0x22a</size>
         <input_file_ref idref="fl-2e"/>
      </object_component>
      <object_component id="oc-241">
         <name>.debug_info</name>
         <load_address>0x2e323</load_address>
         <run_address>0x2e323</run_address>
         <size>0x2be</size>
         <input_file_ref idref="fl-2f"/>
      </object_component>
      <object_component id="oc-133">
         <name>.debug_info</name>
         <load_address>0x2e5e1</load_address>
         <run_address>0x2e5e1</run_address>
         <size>0x113</size>
         <input_file_ref idref="fl-2f"/>
      </object_component>
      <object_component id="oc-23b">
         <name>.debug_info</name>
         <load_address>0x2e6f4</load_address>
         <run_address>0x2e6f4</run_address>
         <size>0x21f</size>
         <input_file_ref idref="fl-2f"/>
      </object_component>
      <object_component id="oc-326">
         <name>.debug_info</name>
         <load_address>0x2e913</load_address>
         <run_address>0x2e913</run_address>
         <size>0xaa</size>
      </object_component>
      <object_component id="oc-b5">
         <name>.debug_line</name>
         <load_address>0x0</load_address>
         <run_address>0x0</run_address>
         <size>0x78</size>
         <input_file_ref idref="fl-2"/>
      </object_component>
      <object_component id="oc-1ba">
         <name>.debug_line</name>
         <load_address>0x78</load_address>
         <run_address>0x78</run_address>
         <size>0x67</size>
         <input_file_ref idref="fl-3"/>
      </object_component>
      <object_component id="oc-84">
         <name>.debug_line</name>
         <load_address>0xdf</load_address>
         <run_address>0xdf</run_address>
         <size>0x289</size>
         <input_file_ref idref="fl-3"/>
      </object_component>
      <object_component id="oc-2b">
         <name>.debug_line</name>
         <load_address>0x368</load_address>
         <run_address>0x368</run_address>
         <size>0x6e</size>
         <input_file_ref idref="fl-3"/>
      </object_component>
      <object_component id="oc-a3">
         <name>.debug_line</name>
         <load_address>0x3d6</load_address>
         <run_address>0x3d6</run_address>
         <size>0x70</size>
         <input_file_ref idref="fl-3"/>
      </object_component>
      <object_component id="oc-128">
         <name>.debug_line</name>
         <load_address>0x446</load_address>
         <run_address>0x446</run_address>
         <size>0x20</size>
         <input_file_ref idref="fl-3"/>
      </object_component>
      <object_component id="oc-bc">
         <name>.debug_line</name>
         <load_address>0x466</load_address>
         <run_address>0x466</run_address>
         <size>0x6b</size>
         <input_file_ref idref="fl-3"/>
      </object_component>
      <object_component id="oc-142">
         <name>.debug_line</name>
         <load_address>0x4d1</load_address>
         <run_address>0x4d1</run_address>
         <size>0x65</size>
         <input_file_ref idref="fl-3"/>
      </object_component>
      <object_component id="oc-c1">
         <name>.debug_line</name>
         <load_address>0x536</load_address>
         <run_address>0x536</run_address>
         <size>0x6e</size>
         <input_file_ref idref="fl-3"/>
      </object_component>
      <object_component id="oc-150">
         <name>.debug_line</name>
         <load_address>0x5a4</load_address>
         <run_address>0x5a4</run_address>
         <size>0x6b</size>
         <input_file_ref idref="fl-3"/>
      </object_component>
      <object_component id="oc-ee">
         <name>.debug_line</name>
         <load_address>0x60f</load_address>
         <run_address>0x60f</run_address>
         <size>0x67</size>
         <input_file_ref idref="fl-3"/>
      </object_component>
      <object_component id="oc-169">
         <name>.debug_line</name>
         <load_address>0x676</load_address>
         <run_address>0x676</run_address>
         <size>0x6b</size>
         <input_file_ref idref="fl-3"/>
      </object_component>
      <object_component id="oc-271">
         <name>.debug_line</name>
         <load_address>0x6e1</load_address>
         <run_address>0x6e1</run_address>
         <size>0x20</size>
         <input_file_ref idref="fl-4"/>
      </object_component>
      <object_component id="oc-100">
         <name>.debug_line</name>
         <load_address>0x701</load_address>
         <run_address>0x701</run_address>
         <size>0x196</size>
         <input_file_ref idref="fl-4"/>
      </object_component>
      <object_component id="oc-15a">
         <name>.debug_line</name>
         <load_address>0x897</load_address>
         <run_address>0x897</run_address>
         <size>0x6b</size>
         <input_file_ref idref="fl-4"/>
      </object_component>
      <object_component id="oc-275">
         <name>.debug_line</name>
         <load_address>0x902</load_address>
         <run_address>0x902</run_address>
         <size>0x67</size>
         <input_file_ref idref="fl-4"/>
      </object_component>
      <object_component id="oc-246">
         <name>.debug_line</name>
         <load_address>0x969</load_address>
         <run_address>0x969</run_address>
         <size>0x20</size>
         <input_file_ref idref="fl-5"/>
      </object_component>
      <object_component id="oc-9d">
         <name>.debug_line</name>
         <load_address>0x989</load_address>
         <run_address>0x989</run_address>
         <size>0xd2</size>
         <input_file_ref idref="fl-5"/>
      </object_component>
      <object_component id="oc-17d">
         <name>.debug_line</name>
         <load_address>0xa5b</load_address>
         <run_address>0xa5b</run_address>
         <size>0x6b</size>
         <input_file_ref idref="fl-5"/>
      </object_component>
      <object_component id="oc-182">
         <name>.debug_line</name>
         <load_address>0xac6</load_address>
         <run_address>0xac6</run_address>
         <size>0x6e</size>
         <input_file_ref idref="fl-5"/>
      </object_component>
      <object_component id="oc-187">
         <name>.debug_line</name>
         <load_address>0xb34</load_address>
         <run_address>0xb34</run_address>
         <size>0x6b</size>
         <input_file_ref idref="fl-5"/>
      </object_component>
      <object_component id="oc-24a">
         <name>.debug_line</name>
         <load_address>0xb9f</load_address>
         <run_address>0xb9f</run_address>
         <size>0x6b</size>
         <input_file_ref idref="fl-5"/>
      </object_component>
      <object_component id="oc-13d">
         <name>.debug_line</name>
         <load_address>0xc0a</load_address>
         <run_address>0xc0a</run_address>
         <size>0x6b</size>
         <input_file_ref idref="fl-5"/>
      </object_component>
      <object_component id="oc-d6">
         <name>.debug_line</name>
         <load_address>0xc75</load_address>
         <run_address>0xc75</run_address>
         <size>0x65</size>
         <input_file_ref idref="fl-5"/>
      </object_component>
      <object_component id="oc-18c">
         <name>.debug_line</name>
         <load_address>0xcda</load_address>
         <run_address>0xcda</run_address>
         <size>0x6b</size>
         <input_file_ref idref="fl-5"/>
      </object_component>
      <object_component id="oc-1b7">
         <name>.debug_line</name>
         <load_address>0xd45</load_address>
         <run_address>0xd45</run_address>
         <size>0x70</size>
         <input_file_ref idref="fl-5"/>
      </object_component>
      <object_component id="oc-191">
         <name>.debug_line</name>
         <load_address>0xdb5</load_address>
         <run_address>0xdb5</run_address>
         <size>0x6b</size>
         <input_file_ref idref="fl-5"/>
      </object_component>
      <object_component id="oc-155">
         <name>.debug_line</name>
         <load_address>0xe20</load_address>
         <run_address>0xe20</run_address>
         <size>0x6d</size>
         <input_file_ref idref="fl-5"/>
      </object_component>
      <object_component id="oc-1aa">
         <name>.debug_line</name>
         <load_address>0xe8d</load_address>
         <run_address>0xe8d</run_address>
         <size>0x6a</size>
         <input_file_ref idref="fl-5"/>
      </object_component>
      <object_component id="oc-196">
         <name>.debug_line</name>
         <load_address>0xef7</load_address>
         <run_address>0xef7</run_address>
         <size>0x6b</size>
         <input_file_ref idref="fl-5"/>
      </object_component>
      <object_component id="oc-1a0">
         <name>.debug_line</name>
         <load_address>0xf62</load_address>
         <run_address>0xf62</run_address>
         <size>0x6d</size>
         <input_file_ref idref="fl-5"/>
      </object_component>
      <object_component id="oc-22f">
         <name>.debug_line</name>
         <load_address>0xfcf</load_address>
         <run_address>0xfcf</run_address>
         <size>0x6b</size>
         <input_file_ref idref="fl-5"/>
      </object_component>
      <object_component id="oc-25a">
         <name>.debug_line</name>
         <load_address>0x103a</load_address>
         <run_address>0x103a</run_address>
         <size>0x67</size>
         <input_file_ref idref="fl-5"/>
      </object_component>
      <object_component id="oc-1af">
         <name>.debug_line</name>
         <load_address>0x10a1</load_address>
         <run_address>0x10a1</run_address>
         <size>0x6b</size>
         <input_file_ref idref="fl-5"/>
      </object_component>
      <object_component id="oc-15f">
         <name>.debug_line</name>
         <load_address>0x110c</load_address>
         <run_address>0x110c</run_address>
         <size>0x6e</size>
         <input_file_ref idref="fl-5"/>
      </object_component>
      <object_component id="oc-164">
         <name>.debug_line</name>
         <load_address>0x117a</load_address>
         <run_address>0x117a</run_address>
         <size>0x6d</size>
         <input_file_ref idref="fl-5"/>
      </object_component>
      <object_component id="oc-2c2">
         <name>.debug_line</name>
         <load_address>0x11e7</load_address>
         <run_address>0x11e7</run_address>
         <size>0x20</size>
         <input_file_ref idref="fl-6"/>
      </object_component>
      <object_component id="oc-1fa">
         <name>.debug_line</name>
         <load_address>0x1207</load_address>
         <run_address>0x1207</run_address>
         <size>0x6b</size>
         <input_file_ref idref="fl-6"/>
      </object_component>
      <object_component id="oc-12d">
         <name>.debug_line</name>
         <load_address>0x1272</load_address>
         <run_address>0x1272</run_address>
         <size>0x6c</size>
         <input_file_ref idref="fl-6"/>
      </object_component>
      <object_component id="oc-1ef">
         <name>.debug_line</name>
         <load_address>0x12de</load_address>
         <run_address>0x12de</run_address>
         <size>0x70</size>
         <input_file_ref idref="fl-6"/>
      </object_component>
      <object_component id="oc-55">
         <name>.debug_line</name>
         <load_address>0x134e</load_address>
         <run_address>0x134e</run_address>
         <size>0x20</size>
         <input_file_ref idref="fl-6"/>
      </object_component>
      <object_component id="oc-2c6">
         <name>.debug_line</name>
         <load_address>0x136e</load_address>
         <run_address>0x136e</run_address>
         <size>0x6f</size>
         <input_file_ref idref="fl-6"/>
      </object_component>
      <object_component id="oc-1f4">
         <name>.debug_line</name>
         <load_address>0x13dd</load_address>
         <run_address>0x13dd</run_address>
         <size>0x6f</size>
         <input_file_ref idref="fl-6"/>
      </object_component>
      <object_component id="oc-234">
         <name>.debug_line</name>
         <load_address>0x144c</load_address>
         <run_address>0x144c</run_address>
         <size>0x6b</size>
         <input_file_ref idref="fl-6"/>
      </object_component>
      <object_component id="oc-2e2">
         <name>.debug_line</name>
         <load_address>0x14b7</load_address>
         <run_address>0x14b7</run_address>
         <size>0x155</size>
         <input_file_ref idref="fl-7"/>
      </object_component>
      <object_component id="oc-1e9">
         <name>.debug_line</name>
         <load_address>0x160c</load_address>
         <run_address>0x160c</run_address>
         <size>0x321</size>
         <input_file_ref idref="fl-7"/>
      </object_component>
      <object_component id="oc-284">
         <name>.debug_line</name>
         <load_address>0x192d</load_address>
         <run_address>0x192d</run_address>
         <size>0x65</size>
         <input_file_ref idref="fl-7"/>
      </object_component>
      <object_component id="oc-209">
         <name>.debug_line</name>
         <load_address>0x1992</load_address>
         <run_address>0x1992</run_address>
         <size>0x73</size>
         <input_file_ref idref="fl-7"/>
      </object_component>
      <object_component id="oc-204">
         <name>.debug_line</name>
         <load_address>0x1a05</load_address>
         <run_address>0x1a05</run_address>
         <size>0x6c</size>
         <input_file_ref idref="fl-7"/>
      </object_component>
      <object_component id="oc-2e6">
         <name>.debug_line</name>
         <load_address>0x1a71</load_address>
         <run_address>0x1a71</run_address>
         <size>0x3f</size>
         <input_file_ref idref="fl-7"/>
      </object_component>
      <object_component id="oc-2f8">
         <name>.debug_line</name>
         <load_address>0x1ab0</load_address>
         <run_address>0x1ab0</run_address>
         <size>0xbb</size>
         <input_file_ref idref="fl-8"/>
      </object_component>
      <object_component id="oc-301">
         <name>.debug_line</name>
         <load_address>0x1b6b</load_address>
         <run_address>0x1b6b</run_address>
         <size>0x37</size>
         <input_file_ref idref="fl-8"/>
      </object_component>
      <object_component id="oc-2ef">
         <name>.debug_line</name>
         <load_address>0x1ba2</load_address>
         <run_address>0x1ba2</run_address>
         <size>0x37</size>
         <input_file_ref idref="fl-8"/>
      </object_component>
      <object_component id="oc-2f1">
         <name>.debug_line</name>
         <load_address>0x1bd9</load_address>
         <run_address>0x1bd9</run_address>
         <size>0x37</size>
         <input_file_ref idref="fl-8"/>
      </object_component>
      <object_component id="oc-2ed">
         <name>.debug_line</name>
         <load_address>0x1c10</load_address>
         <run_address>0x1c10</run_address>
         <size>0x37</size>
         <input_file_ref idref="fl-8"/>
      </object_component>
      <object_component id="oc-20f">
         <name>.debug_line</name>
         <load_address>0x1c47</load_address>
         <run_address>0x1c47</run_address>
         <size>0x11b</size>
         <input_file_ref idref="fl-8"/>
      </object_component>
      <object_component id="oc-29d">
         <name>.debug_line</name>
         <load_address>0x1d62</load_address>
         <run_address>0x1d62</run_address>
         <size>0xb0</size>
         <input_file_ref idref="fl-8"/>
      </object_component>
      <object_component id="oc-2f5">
         <name>.debug_line</name>
         <load_address>0x1e12</load_address>
         <run_address>0x1e12</run_address>
         <size>0x37</size>
         <input_file_ref idref="fl-8"/>
      </object_component>
      <object_component id="oc-2fa">
         <name>.debug_line</name>
         <load_address>0x1e49</load_address>
         <run_address>0x1e49</run_address>
         <size>0x20</size>
         <input_file_ref idref="fl-9"/>
      </object_component>
      <object_component id="oc-216">
         <name>.debug_line</name>
         <load_address>0x1e69</load_address>
         <run_address>0x1e69</run_address>
         <size>0xef</size>
         <input_file_ref idref="fl-9"/>
      </object_component>
      <object_component id="oc-298">
         <name>.debug_line</name>
         <load_address>0x1f58</load_address>
         <run_address>0x1f58</run_address>
         <size>0x175</size>
         <input_file_ref idref="fl-a"/>
      </object_component>
      <object_component id="oc-110">
         <name>.debug_line</name>
         <load_address>0x20cd</load_address>
         <run_address>0x20cd</run_address>
         <size>0x7cf</size>
         <input_file_ref idref="fl-a"/>
      </object_component>
      <object_component id="oc-1ff">
         <name>.debug_line</name>
         <load_address>0x289c</load_address>
         <run_address>0x289c</run_address>
         <size>0x6c</size>
         <input_file_ref idref="fl-a"/>
      </object_component>
      <object_component id="oc-2fd">
         <name>.debug_line</name>
         <load_address>0x2908</load_address>
         <run_address>0x2908</run_address>
         <size>0xd3</size>
         <input_file_ref idref="fl-b"/>
      </object_component>
      <object_component id="oc-24f">
         <name>.debug_line</name>
         <load_address>0x29db</load_address>
         <run_address>0x29db</run_address>
         <size>0x37</size>
         <input_file_ref idref="fl-b"/>
      </object_component>
      <object_component id="oc-21c">
         <name>.debug_line</name>
         <load_address>0x2a12</load_address>
         <run_address>0x2a12</run_address>
         <size>0x116</size>
         <input_file_ref idref="fl-b"/>
      </object_component>
      <object_component id="oc-2b1">
         <name>.debug_line</name>
         <load_address>0x2b28</load_address>
[...]
         <object_component_ref idref="oc-6f"/>
      </symbol>
      <symbol id="sm-901">
         <name>_coreClearAuxiliaryDataFault_</name>
         <value>0xee3c</value>
         <object_component_ref idref="oc-6f"/>
      </symbol>
      <symbol id="sm-902">
         <name>_coreEnableEventBusExport_</name>
         <value>0xed70</value>
         <object_component_ref idref="oc-6f"/>
      </symbol>
      <symbol id="sm-90e">
         <name>resetEntry</name>
         <value>0x0</value>
         <object_component_ref idref="oc-35"/>
      </symbol>
      <symbol id="sm-940">
         <name>xq</name>
         <value>0x8004510</value>
      </symbol>
      <symbol id="sm-941">
         <name>main</name>
         <value>0xf1f8</value>
         <object_component_ref idref="oc-8c"/>
      </symbol>
      <symbol id="sm-942">
         <name>vApplicationGetTimerTaskMemory</name>
         <value>0xf404</value>
         <object_component_ref idref="oc-8c"/>
      </symbol>
      <symbol id="sm-943">
         <name>vApplicationGetIdleTaskMemory</name>
         <value>0xf3c8</value>
         <object_component_ref idref="oc-8c"/>
      </symbol>
      <symbol id="sm-944">
         <name>vApplicationMallocFailedHook</name>
         <value>0xf3c4</value>
         <object_component_ref idref="oc-8c"/>
      </symbol>
      <symbol id="sm-95d">
         <name>phantomInterrupt</name>
         <value>0x1087c</value>
         <object_component_ref idref="oc-3a"/>
      </symbol>
      <symbol id="sm-967">
         <name>_pmuResetCounters_</name>
         <value>0x10468</value>
         <object_component_ref idref="oc-e3"/>
      </symbol>
      <symbol id="sm-968">
         <name>_pmuGetEventCount_</name>
         <value>0x1049c</value>
         <object_component_ref idref="oc-e3"/>
      </symbol>
      <symbol id="sm-969">
         <name>_pmuResetEventCounters_</name>
         <value>0x10458</value>
         <object_component_ref idref="oc-e3"/>
      </symbol>
      <symbol id="sm-96a">
         <name>_pmuStopCounters_</name>
         <value>0x10480</value>
         <object_component_ref idref="oc-e3"/>
      </symbol>
      <symbol id="sm-96b">
         <name>_pmuInit_</name>
         <value>0x103dc</value>
         <object_component_ref idref="oc-e3"/>
      </symbol>
      <symbol id="sm-96c">
         <name>_pmuGetOverflow_</name>
         <value>0x104a8</value>
         <object_component_ref idref="oc-e3"/>
      </symbol>
      <symbol id="sm-96d">
         <name>_pmuResetCycleCounter_</name>
         <value>0x10448</value>
         <object_component_ref idref="oc-e3"/>
      </symbol>
      <symbol id="sm-96e">
         <name>_pmuSetCountEvent_</name>
         <value>0x10488</value>
         <object_component_ref idref="oc-e3"/>
      </symbol>
      <symbol id="sm-96f">
         <name>_pmuGetCycleCount_</name>
         <value>0x10494</value>
         <object_component_ref idref="oc-e3"/>
      </symbol>
      <symbol id="sm-970">
         <name>_pmuEnableCountersGlobal_</name>
         <value>0x10428</value>
         <object_component_ref idref="oc-e3"/>
      </symbol>
      <symbol id="sm-971">
         <name>_pmuDisableCountersGlobal_</name>
         <value>0x10438</value>
         <object_component_ref idref="oc-e3"/>
      </symbol>
      <symbol id="sm-972">
         <name>_pmuStartCounters_</name>
         <value>0x10478</value>
         <object_component_ref idref="oc-e3"/>
      </symbol>
      <symbol id="sm-b32">
         <name>pbistSelfCheck</name>
         <value>0x82cc</value>
         <object_component_ref idref="oc-7a"/>
      </symbol>
      <symbol id="sm-b33">
         <name>fmcBus1ParityCheck</name>
         <value>0xa2c4</value>
         <object_component_ref idref="oc-7a"/>
      </symbol>
      <symbol id="sm-b34">
         <name>can1ParityCheck</name>
         <value>0x9410</value>
         <object_component_ref idref="oc-7a"/>
      </symbol>
      <symbol id="sm-b35">
         <name>enableParity</name>
         <value>0xaad0</value>
         <object_component_ref idref="oc-7a"/>
      </symbol>
      <symbol id="sm-b36">
         <name>dmaParityCheck</name>
         <value>0x8eac</value>
         <object_component_ref idref="oc-7a"/>
      </symbol>
      <symbol id="sm-b37">
         <name>custom_dabort</name>
         <value>0x8df4</value>
         <object_component_ref idref="oc-7a"/>
      </symbol>
      <symbol id="sm-b38">
         <name>memoryInit</name>
         <value>0x8174</value>
         <object_component_ref idref="oc-7a"/>
      </symbol>
      <symbol id="sm-b39">
         <name>stcSelfCheck</name>
         <value>0x81b8</value>
         <object_component_ref idref="oc-7a"/>
      </symbol>
      <symbol id="sm-b3a">
         <name>efcGetConfigValue</name>
         <value>0xa660</value>
         <object_component_ref idref="oc-7a"/>
      </symbol>
      <symbol id="sm-b3b">
         <name>can2ParityCheck</name>
         <value>0x94e8</value>
         <object_component_ref idref="oc-7a"/>
      </symbol>
      <symbol id="sm-b3c">
         <name>het1ParityCheck</name>
         <value>0x8f58</value>
         <object_component_ref idref="oc-7a"/>
      </symbol>
      <symbol id="sm-b3d">
         <name>adc1ParityCheck</name>
         <value>0x926c</value>
         <object_component_ref idref="oc-7a"/>
      </symbol>
      <symbol id="sm-b3e">
         <name>checkefcSelfTest</name>
         <value>0x87bc</value>
         <object_component_ref idref="oc-7a"/>
      </symbol>
      <symbol id="sm-b3f">
         <name>checkRAMECC</name>
         <value>0x99d0</value>
         <object_component_ref idref="oc-7a"/>
      </symbol>
      <symbol id="sm-b40">
         <name>stcSelfCheckFail</name>
         <value>0x8df8</value>
         <object_component_ref idref="oc-7a"/>
      </symbol>
      <symbol id="sm-b41">
         <name>ccmSelfCheck</name>
         <value>0x8030</value>
         <object_component_ref idref="oc-7a"/>
      </symbol>
      <symbol id="sm-b42">
         <name>efcCheck</name>
         <value>0x8660</value>
         <object_component_ref idref="oc-7a"/>
      </symbol>
      <symbol id="sm-b43">
         <name>het2ParityCheck</name>
         <value>0x90c0</value>
         <object_component_ref idref="oc-7a"/>
      </symbol>
      <symbol id="sm-b44">
         <name>adc2ParityCheck</name>
         <value>0x9358</value>
         <object_component_ref idref="oc-7a"/>
      </symbol>
      <symbol id="sm-b45">
         <name>cpuSelfTest</name>
         <value>0x8234</value>
         <object_component_ref idref="oc-7a"/>
      </symbol>
      <symbol id="sm-b46">
         <name>htu1ParityCheck</name>
         <value>0x9004</value>
         <object_component_ref idref="oc-7a"/>
      </symbol>
      <symbol id="sm-b47">
         <name>checkFlashECC</name>
         <value>0x8d18</value>
         <object_component_ref idref="oc-7a"/>
      </symbol>
      <symbol id="sm-b48">
         <name>cpuSelfTestFail</name>
         <value>0x8dfc</value>
         <object_component_ref idref="oc-7a"/>
      </symbol>
      <symbol id="sm-b49">
         <name>checkPLL1Slip</name>
         <value>0x9e8c</value>
         <object_component_ref idref="oc-7a"/>
      </symbol>
      <symbol id="sm-b4a">
         <name>mibspi1ParityCheck</name>
         <value>0x9684</value>
         <object_component_ref idref="oc-7a"/>
      </symbol>
      <symbol id="sm-b4b">
         <name>ccmr4GetConfigValue</name>
         <value>0xa6fc</value>
         <object_component_ref idref="oc-7a"/>
      </symbol>
      <symbol id="sm-b4c">
         <name>htu2ParityCheck</name>
         <value>0x91bc</value>
         <object_component_ref idref="oc-7a"/>
      </symbol>
      <symbol id="sm-b4d">
         <name>pbistPortTestStatus</name>
         <value>0x8608</value>
         <object_component_ref idref="oc-7a"/>
      </symbol>
      <symbol id="sm-b4e">
         <name>checkFlashEEPROMECC</name>
         <value>0x9cf4</value>
         <object_component_ref idref="oc-7a"/>
      </symbol>
      <symbol id="sm-b4f">
         <name>pbistGetConfigValue</name>
         <value>0xa470</value>
         <object_component_ref idref="oc-7a"/>
      </symbol>
      <symbol id="sm-b50">
         <name>vimParityCheck</name>
         <value>0x8e00</value>
         <object_component_ref idref="oc-7a"/>
      </symbol>
      <symbol id="sm-b51">
         <name>pbistIsTestCompleted</name>
         <value>0x85a8</value>
         <object_component_ref idref="oc-7a"/>
      </symbol>
      <symbol id="sm-b52">
         <name>disableParity</name>
         <value>0xab58</value>
         <object_component_ref idref="oc-7a"/>
      </symbol>
      <symbol id="sm-b53">
         <name>pbistRun</name>
         <value>0x84ac</value>
         <object_component_ref idref="oc-7a"/>
      </symbol>
      <symbol id="sm-b54">
         <name>pbistFail</name>
         <value>0xa3ec</value>
         <object_component_ref idref="oc-7a"/>
      </symbol>
      <symbol id="sm-b55">
         <name>selftestFailNotification</name>
         <value>0x8020</value>
         <object_component_ref idref="oc-7a"/>
      </symbol>
      <symbol id="sm-b56">
         <name>errata_PBIST_4</name>
         <value>0xa76c</value>
         <object_component_ref idref="oc-7a"/>
      </symbol>
      <symbol id="sm-b57">
         <name>mibspi3ParityCheck</name>
         <value>0x978c</value>
         <object_component_ref idref="oc-7a"/>
      </symbol>
      <symbol id="sm-b58">
         <name>efcSelfTest</name>
         <value>0x8794</value>
         <object_component_ref idref="oc-7a"/>
      </symbol>
      <symbol id="sm-b59">
         <name>checkB1RAMECC</name>
         <value>0x8b28</value>
         <object_component_ref idref="oc-7a"/>
      </symbol>
      <symbol id="sm-b5a">
         <name>pbistStop</name>
         <value>0x8578</value>
         <object_component_ref idref="oc-7a"/>
      </symbol>
      <symbol id="sm-b5b">
         <name>can3ParityCheck</name>
         <value>0x95b0</value>
         <object_component_ref idref="oc-7a"/>
      </symbol>
      <symbol id="sm-b5c">
         <name>checkRAMAddrParity</name>
         <value>0xa050</value>
         <object_component_ref idref="oc-7a"/>
      </symbol>
      <symbol id="sm-b5d">
         <name>mibspi5ParityCheck</name>
         <value>0x98b0</value>
         <object_component_ref idref="oc-7a"/>
      </symbol>
      <symbol id="sm-b5e">
         <name>checkB0RAMECC</name>
         <value>0x8938</value>
         <object_component_ref idref="oc-7a"/>
      </symbol>
      <symbol id="sm-b5f">
         <name>stcGetConfigValue</name>
         <value>0xa5bc</value>
         <object_component_ref idref="oc-7a"/>
      </symbol>
      <symbol id="sm-b60">
         <name>pbistIsTestPassed</name>
         <value>0x85d4</value>
         <object_component_ref idref="oc-7a"/>
      </symbol>
      <symbol id="sm-b61">
         <name>checkClockMonitor</name>
         <value>0x9c18</value>
         <object_component_ref idref="oc-7a"/>
      </symbol>
      <symbol id="sm-b62">
         <name>fmcECCcheck</name>
         <value>0x8898</value>
         <object_component_ref idref="oc-7a"/>
      </symbol>
      <symbol id="sm-b63">
         <name>fmcBus2Check</name>
         <value>0x885c</value>
         <object_component_ref idref="oc-7a"/>
      </symbol>
      <symbol id="sm-b64">
         <name>checkRAMUERRTest</name>
         <value>0xa15c</value>
         <object_component_ref idref="oc-7a"/>
      </symbol>
      <symbol id="sm-b65">
         <name>efcStuckZeroTest</name>
         <value>0x86e8</value>
         <object_component_ref idref="oc-7a"/>
      </symbol>
      <symbol id="sm-b66">
         <name>checkPLL2Slip</name>
         <value>0x9f8c</value>
         <object_component_ref idref="oc-7a"/>
      </symbol>
      <symbol id="sm-b8e">
         <name>_c_int00</name>
         <value>0xf730</value>
         <object_component_ref idref="oc-20"/>
      </symbol>
      <symbol id="sm-c3e">
         <name>vimChannelMap</name>
         <value>0xc78c</value>
         <object_component_ref idref="oc-41"/>
      </symbol>
      <symbol id="sm-c3f">
         <name>vimInit</name>
         <value>0xc6b8</value>
         <object_component_ref idref="oc-41"/>
      </symbol>
      <symbol id="sm-c40">
         <name>vimEnableInterrupt</name>
         <value>0xc830</value>
         <object_component_ref idref="oc-41"/>
      </symbol>
      <symbol id="sm-c41">
         <name>vimDisableInterrupt</name>
         <value>0xc9f8</value>
         <object_component_ref idref="oc-41"/>
      </symbol>
      <symbol id="sm-c42">
         <name>vimGetConfigValue</name>
         <value>0xcaa4</value>
         <object_component_ref idref="oc-41"/>
      </symbol>
      <symbol id="sm-c43">
         <name>vimParityErrorHandler</name>
         <value>0xef2c</value>
         <object_component_ref idref="oc-40"/>
      </symbol>
      <symbol id="sm-c9d">
         <name>systemGetConfigValue</name>
         <value>0xbef0</value>
         <object_component_ref idref="oc-74"/>
      </symbol>
      <symbol id="sm-c9e">
         <name>trimLPO</name>
         <value>0xbbf0</value>
         <object_component_ref idref="oc-74"/>
      </symbol>
      <symbol id="sm-c9f">
         <name>systemInit</name>
         <value>0xbdf4</value>
         <object_component_ref idref="oc-74"/>
      </symbol>
      <symbol id="sm-ca0">
         <name>tcmflashGetConfigValue</name>
         <value>0xc304</value>
         <object_component_ref idref="oc-74"/>
      </symbol>
      <symbol id="sm-ca1">
         <name>sramGetConfigValue</name>
         <value>0xc4b0</value>
         <object_component_ref idref="oc-74"/>
      </symbol>
      <symbol id="sm-ca2">
         <name>periphInit</name>
         <value>0xbc78</value>
         <object_component_ref idref="oc-74"/>
      </symbol>
      <symbol id="sm-ca3">
         <name>setupFlash</name>
         <value>0xbc38</value>
         <object_component_ref idref="oc-74"/>
      </symbol>
      <symbol id="sm-ca4">
         <name>setupPLL</name>
         <value>0xbb90</value>
         <object_component_ref idref="oc-74"/>
      </symbol>
      <symbol id="sm-ca5">
         <name>mapClocks</name>
         <value>0xbccc</value>
         <object_component_ref idref="oc-74"/>
      </symbol>
      <symbol id="sm-ca6">
         <name>systemPowerDown</name>
         <value>0xbec0</value>
         <object_component_ref idref="oc-74"/>
      </symbol>
      <symbol id="sm-cd0">
         <name>__TI_auto_init</name>
         <value>0x10669</value>
         <object_component_ref idref="oc-86"/>
      </symbol>
      <symbol id="sm-cee">
         <name>__TI_decompress_lzss</name>
         <value>0x106d9</value>
         <object_component_ref idref="oc-e"/>
      </symbol>
      <symbol id="sm-d05">
         <name>__TI_decompress_none</name>
         <value>0x10861</value>
         <object_component_ref idref="oc-14"/>
      </symbol>
      <symbol id="sm-d17">
         <name>__TI_zero_init</name>
         <value>0x1086f</value>
         <object_component_ref idref="oc-1a"/>
      </symbol>
      <symbol id="sm-d31">
         <name>copy_in</name>
         <value>0x107e9</value>
         <object_component_ref idref="oc-f1"/>
      </symbol>
      <symbol id="sm-d52">
         <name>C$$EXIT</name>
         <value>0x10799</value>
         <object_component_ref idref="oc-92"/>
      </symbol>
      <symbol id="sm-d53">
         <name>abort</name>
         <value>0x1079d</value>
         <object_component_ref idref="oc-92"/>
      </symbol>
      <symbol id="sm-d54">
         <name>exit</name>
         <value>0x107a5</value>
         <object_component_ref idref="oc-92"/>
      </symbol>
      <symbol id="sm-d55">
         <name>__TI_dtors_ptr</name>
         <value>0x8004528</value>
         <object_component_ref idref="oc-12f"/>
      </symbol>
      <symbol id="sm-d56">
         <name>__TI_cleanup_ptr</name>
         <value>0x8004524</value>
         <object_component_ref idref="oc-12f"/>
      </symbol>
      <symbol id="sm-d57">
         <name>__TI_enable_exit_profile_output</name>
         <value>0x800452c</value>
         <object_component_ref idref="oc-12f"/>
      </symbol>
      <symbol id="sm-d66">
         <name>ltoa</name>
         <value>0x10745</value>
         <object_component_ref idref="oc-117"/>
      </symbol>
      <symbol id="sm-d81">
         <name>memcpy</name>
         <value>0x104bd</value>
         <object_component_ref idref="oc-57"/>
      </symbol>
      <symbol id="sm-d82">
         <name>__aeabi_memcpy</name>
         <value>0x104bd</value>
         <object_component_ref idref="oc-57"/>
      </symbol>
      <symbol id="sm-d83">
         <name>__aeabi_memcpy8</name>
         <value>0x104bd</value>
         <object_component_ref idref="oc-57"/>
      </symbol>
      <symbol id="sm-d84">
         <name>__aeabi_memcpy4</name>
         <value>0x104bd</value>
         <object_component_ref idref="oc-57"/>
      </symbol>
      <symbol id="sm-d93">
         <name>__aeabi_memset</name>
         <value>0x105ef</value>
         <object_component_ref idref="oc-63"/>
      </symbol>
      <symbol id="sm-d94">
         <name>memset</name>
         <value>0x105f5</value>
         <object_component_ref idref="oc-63"/>
      </symbol>
      <symbol id="sm-d95">
         <name>__aeabi_memset8</name>
         <value>0x105ef</value>
         <object_component_ref idref="oc-63"/>
      </symbol>
      <symbol id="sm-d96">
         <name>__aeabi_memset4</name>
         <value>0x105ef</value>
         <object_component_ref idref="oc-63"/>
      </symbol>
      <symbol id="sm-d97">
         <name>__aeabi_memclr8</name>
         <value>0x105ed</value>
         <object_component_ref idref="oc-63"/>
      </symbol>
      <symbol id="sm-d98">
         <name>__aeabi_memclr4</name>
         <value>0x105ed</value>
         <object_component_ref idref="oc-63"/>
      </symbol>
      <symbol id="sm-d99">
         <name>__aeabi_memclr</name>
         <value>0x105ed</value>
         <object_component_ref idref="oc-63"/>
      </symbol>
      <symbol id="sm-dba">
         <name>floorl</name>
         <value>0x102fd</value>
         <object_component_ref idref="oc-1cc"/>
      </symbol>
      <symbol id="sm-dbb">
         <name>floor</name>
         <value>0x102fd</value>
         <object_component_ref idref="oc-1cc"/>
      </symbol>
      <symbol id="sm-dc5">
         <name>_system_post_cinit</name>
         <value>0x10667</value>
         <object_component_ref idref="oc-f7"/>
      </symbol>
      <symbol id="sm-dd3">
         <name>strlen</name>
         <value>0x10835</value>
         <object_component_ref idref="oc-220"/>
      </symbol>
      <symbol id="sm-dec">
         <name>_nop</name>
         <value>0x1085b</value>
         <object_component_ref idref="oc-239"/>
      </symbol>
      <symbol id="sm-ded">
         <name>_lock</name>
         <value>0x8004530</value>
         <object_component_ref idref="oc-132"/>
      </symbol>
      <symbol id="sm-dee">
         <name>_unlock</name>
         <value>0x8004534</value>
         <object_component_ref idref="oc-132"/>
      </symbol>
      <symbol id="sm-def">
         <name>_register_lock</name>
         <value>0x10853</value>
         <object_component_ref idref="oc-239"/>
      </symbol>
      <symbol id="sm-df0">
         <name>_register_unlock</name>
         <value>0x1084d</value>
         <object_component_ref idref="oc-239"/>
      </symbol>
      <symbol id="sm-df1">
         <name>__TI_static_base__</name>
         <value>0x0</value>
      </symbol>
      <symbol id="sm-df5">
         <name>SHT$$INIT_ARRAY$$Base</name>
         <value>0x0</value>
      </symbol>
      <symbol id="sm-df6">
         <name>SHT$$INIT_ARRAY$$Limit</name>
         <value>0x0</value>
      </symbol>
   </symbol_table>
   <title>Link successful</title>
</link_info>
