******************************************************************************
                  TI ARM Linker Unix v18.12.1                  
******************************************************************************
>> Linked Mon Jun 17 19:44:49 2019

OUTPUT FILE NAME:   <thermister_expansion.out>
ENTRY POINT SYMBOL: "_c_int00"  address: 00006838


MEMORY CONFIGURATION

         name            origin    length      used     unused   attr    fill
----------------------  --------  ---------  --------  --------  ----  --------
  VECTORS               00000000   00000020  00000020  00000000     X
  FLASH0                00000020   0013ffe0  00007380  00138c60  R  X
  STACKS                08000000   00001500  00000000  00001500  RW  
  RAM                   08001500   0002eb00  00000030  0002ead0  RW  


SEGMENT ALLOCATION MAP

run origin  load origin   length   init length attrs members
----------  ----------- ---------- ----------- ----- -------
00000000    00000000    000073a0   000073a0    r-x
  00000000    00000000    00000020   00000020    r-x .intvecs
  00000020    00000020    0000714c   0000714c    r-x .text
  0000716c    0000716c    0000021c   0000021c    r-- .const
  00007388    00007388    00000018   00000018    r-- .cinit
08001500    08001500    00000030   00000000    rw-
  08001500    08001500    00000030   00000000    rw- .data


SECTION ALLOCATION MAP

 output                                  attributes/
section   page    origin      length       input sections
--------  ----  ----------  ----------   ----------------
.intvecs   0    00000000    00000020     
                  00000000    00000020     sys_intvecs.obj (.intvecs)

.text      0    00000020    0000714c     
                  00000020    00002cdc     sys_selftest.obj (.text)
                  00002cfc    00000b78     system.obj (.text)
                  00003874    00000a8c     mibspi.obj (.text)
                  00004300    00000a54     sys_vim.obj (.text)
                  00004d54    000008ac     pinmux.obj (.text)
                  00005600    00000664     errata_SSWF021_45.obj (.text)
                  00005c64    000005bc     esm.obj (.text)
                  00006220    0000034c     sys_core.obj (.text)
                  0000656c    000002cc     sys_vim.obj (.text:retain)
                  00006838    00000290     sys_startup.obj (.text:retain)
                  00006ac8    00000164     sys_main.obj (.text)
                  00006c2c    00000114     esm.obj (.text:retain)
                  00006d40    000000e8     dabort.obj (.text)
                  00006e28    000000e0     sys_pmu.obj (.text)
                  00006f08    000000a8     notification.obj (.text)
                  00006fb0    0000009c     rtsv7R4_T_be_v3D16_eabi.lib : memcpy_t2.asm.obj (.text)
                  0000704c    0000006c                                 : copy_decompress_lzss.c.obj (.text:decompress:lzss:__TI_decompress_lzss)
                  000070b8    00000054                                 : i_div32.asm.obj (.text)
                  0000710c    00000044                                 : autoinit.c.obj (.text:__TI_auto_init_nobinit_nopinit:__TI_auto_init_nobinit_nopinit)
                  00007150    0000000e                                 : copy_decompress_none.c.obj (.text:decompress:none:__TI_decompress_none)
                  0000715e    00000004                                 : exit.c.obj (.text:abort:abort)
                  00007162    00000002                                 : div0.asm.obj (.text)
                  00007164    00000004     sys_phantom.obj (.text:retain)
                  00007168    00000004     sys_startup.obj (.text)

.const     0    0000716c    0000021c     
                  0000716c    00000200     sys_vim.obj (.const:s_vim_init)
                  0000736c    00000018     sys_main.obj (.const:$P$T1$2)
                  00007384    00000004     sys_main.obj (.const:$P$T0$1)

.cinit     0    00007388    00000018     
                  00007388    00000008     (.cinit..data.load) [load image, compression = lzss]
                  00007390    00000008     (__TI_handler_table)
                  00007398    00000008     (__TI_cinit_table)

.data      0    08001500    00000030     UNINITIALIZED
                  08001500    00000018     sys_main.obj (.data:adc_received_Data)
                  08001518    00000018     sys_main.obj (.data:temperature_adc)

MODULE SUMMARY

       Module                       code    ro data   rw data
       ------                       ----    -------   -------
    ./source/
       sys_selftest.obj             11484   0         0      
       sys_vim.obj                  3360    512       0      
       system.obj                   2936    0         0      
       mibspi.obj                   2700    0         0      
       pinmux.obj                   2220    0         0      
       esm.obj                      1744    0         0      
       errata_SSWF021_45.obj        1636    0         0      
       sys_core.obj                 844     0         0      
       sys_startup.obj              660     0         0      
       sys_main.obj                 356     28        48     
       dabort.obj                   232     0         0      
       sys_pmu.obj                  224     0         0      
       notification.obj             168     0         0      
       sys_intvecs.obj              32      0         0      
       sys_phantom.obj              4       0         0      
    +--+----------------------------+-------+---------+---------+
       Total:                       28600   540       48     
                                                             
    /Applications/ti/ccs901/ccs/tools/compiler/ti-cgt-arm_18.12.1.LTS/lib/rtsv7R4_T_be_v3D16_eabi.lib
       memcpy_t2.asm.obj            156     0         0      
       copy_decompress_lzss.c.obj   108     0         0      
       i_div32.asm.obj              84      0         0      
       autoinit.c.obj               68      0         0      
       copy_decompress_none.c.obj   14      0         0      
       exit.c.obj                   4       0         0      
       div0.asm.obj                 2       0         0      
    +--+----------------------------+-------+---------+---------+
       Total:                       436     0         0      
                                                             
       Linker Generated:            0       24        0      
    +--+----------------------------+-------+---------+---------+
       Grand Total:                 29036   564       48     


LINKER GENERATED COPY TABLES

__TI_cinit_table @ 00007398 records: 1, size/record: 8, table size: 8
	.data: load addr=00007388, load size=00000008 bytes, run addr=08001500, run size=00000030 bytes, compression=lzss


LINKER GENERATED HANDLER TABLE

__TI_handler_table @ 00007390 records: 2, size/record: 4, table size: 8
	index: 0, handler: __TI_decompress_lzss
	index: 1, handler: __TI_decompress_none


GLOBAL SYMBOLS: SORTED ALPHABETICALLY BY Name 

address   name                                
-------   ----                                
0000715f  C$$EXIT                             
UNDEFED   SHT$$INIT_ARRAY$$Base               
UNDEFED   SHT$$INIT_ARRAY$$Limit              
00007398  __TI_CINIT_Base                     
000073a0  __TI_CINIT_Limit                    
00007390  __TI_Handler_Table_Base             
00007398  __TI_Handler_Table_Limit            
00006564  __TI_PINIT_Base                     
00006568  __TI_PINIT_Limit                    
0000710d  __TI_auto_init_nobinit_nopinit      
0000704d  __TI_decompress_lzss                
00007151  __TI_decompress_none                
ffffffff  __TI_pprof_out_hndl                 
ffffffff  __TI_prof_data_size                 
ffffffff  __TI_prof_data_start                
00000000  __TI_static_base__                  
000070b8  __aeabi_idiv                        
00007163  __aeabi_idiv0                       
000070b8  __aeabi_idivmod                     
00007163  __aeabi_ldiv0                       
00006fb1  __aeabi_memcpy                      
00006fb1  __aeabi_memcpy4                     
00006fb1  __aeabi_memcpy8                     
ffffffff  __binit__                           
ffffffff  __c_args__                          
00006838  _c_int00                            
0000647c  _coreClearAuxiliaryDataFault_       
00006490  _coreClearAuxiliaryInstructionFault_
00006454  _coreClearDataFaultAddress_         
0000642c  _coreClearDataFault_                
00006468  _coreClearInstructionFaultAddress_  
00006440  _coreClearInstructionFault_         
000063c0  _coreDisableEventBusExport_         
00006404  _coreDisableFlashEcc_               
000063e0  _coreDisableRamEcc_                 
000063b0  _coreEnableEventBusExport_          
000063f0  _coreEnableFlashEcc_                
00006414  _coreEnableIrqVicOffset_            
000063d0  _coreEnableRamEcc_                  
00006398  _coreEnableVfp_                     
00006474  _coreGetAuxiliaryDataFault_         
00006488  _coreGetAuxiliaryInstructionFault_  
0000644c  _coreGetDataFaultAddress_           
00006424  _coreGetDataFault_                  
00006460  _coreGetInstructionFaultAddress_    
00006438  _coreGetInstructionFault_           
00006220  _coreInitRegisters_                 
0000632c  _coreInitStackPointer_              
00006d40  _dabort                             
000064a4  _disable_FIQ_interrupt_             
000064ac  _disable_IRQ_interrupt_             
0000649c  _disable_interrupt_                 
000064b4  _enable_interrupt_                  
00006544  _errata_CORTEXR4_57_                
00006554  _errata_CORTEXR4_66_                
00005600  _errata_SSWF021_45_both_plls        
000057f4  _errata_SSWF021_45_pll1             
0000596c  _errata_SSWF021_45_pll2             
000064bc  _esmCcmErrorsClear_                 
00006378  _getCPSRValue_                      
00006380  _gotoCPUIdle_                       
00006e84  _pmuDisableCountersGlobal_          
00006e74  _pmuEnableCountersGlobal_           
00006ee0  _pmuGetCycleCount_                  
00006ee8  _pmuGetEventCount_                  
00006ef4  _pmuGetOverflow_                    
00006e28  _pmuInit_                           
00006eb4  _pmuResetCounters_                  
00006e94  _pmuResetCycleCounter_              
00006ea4  _pmuResetEventCounters_             
00006ed4  _pmuSetCountEvent_                  
00006ec4  _pmuStartCounters_                  
00006ecc  _pmuStopCounters_                   
UNDEFED   _system_post_cinit                  
0000715f  abort                               
0000126c  adc1ParityCheck                     
00001358  adc2ParityCheck                     
08001500  adc_received_Data                   
ffffffff  binit                               
00001410  can1ParityCheck                     
000014e8  can2ParityCheck                     
000015b0  can3ParityCheck                     
00000030  ccmSelfCheck                        
000026fc  ccmr4GetConfigValue                 
00000938  checkB0RAMECC                       
00000b28  checkB1RAMECC                       
00001c18  checkClockMonitor                   
00000d18  checkFlashECC                       
00001cf4  checkFlashEEPROMECC                 
00001e8c  checkPLL1Slip                       
00001f8c  checkPLL2Slip                       
00002050  checkRAMAddrParity                  
000019d0  checkRAMECC                         
0000215c  checkRAMUERRTest                    
000007bc  checkefcSelfTest                    
00000234  cpuSelfTest                         
00000dfc  cpuSelfTestFail                     
00003794  customTrimLPO                       
00000df4  custom_dabort                       
00002b58  disableParity                       
00006f9c  dmaGroupANotification               
00000eac  dmaParityCheck                      
00000660  efcCheck                            
00002660  efcGetConfigValue                   
00000794  efcSelfTest                         
000006e8  efcStuckZeroTest                    
00002ad0  enableParity                        
0000276c  errata_PBIST_4                      
00005de8  esmActivateNormalOperation          
00005ebc  esmClearStatus                      
00005efc  esmClearStatusBuffer                
00005db0  esmDisableError                     
00005e20  esmDisableInterrupt                 
00005d88  esmEnableError                      
00005df8  esmEnableInterrupt                  
00005ff4  esmEnterSelfTest                    
00005d6c  esmError                            
000060cc  esmGetConfigValue                   
00005f38  esmGetStatus                        
00005fbc  esmGetStatusBuffer                  
00006f08  esmGroup1Notification               
00006f18  esmGroup2Notification               
00006c2c  esmHighInterrupt                    
00005c64  esmInit                             
0000607c  esmSelfTestStatus                   
00005f18  esmSetCounterPreloadValue           
00005e48  esmSetInterruptLevel                
00005dd8  esmTriggerErrorPinReset             
000022c4  fmcBus1ParityCheck                  
0000085c  fmcBus2Check                        
00000898  fmcECCcheck                         
00006f60  gioNotification                     
00007168  handlePLLLockFail                   
00000f58  het1ParityCheck                     
000010c0  het2ParityCheck                     
00001004  htu1ParityCheck                     
000011bc  htu2ParityCheck                     
00006ac8  main                                
00002e6c  mapClocks                           
00006fb1  memcpy                              
00000174  memoryInit                          
00006f28  memoryPort0TestFailNotification     
00006f44  memoryPort1TestFailNotification     
00001684  mibspi1ParityCheck                  
00003f94  mibspi3GetConfigValue               
0000178c  mibspi3ParityCheck                  
000018b0  mibspi5ParityCheck                  
00003f60  mibspiDisableGroupNotification      
00003e6c  mibspiDisableLoopback               
00003ed8  mibspiEnableGroupNotification       
00003e38  mibspiEnableLoopback                
00003c4c  mibspiGetData                       
00006f88  mibspiGroupNotification             
00003874  mibspiInit                          
00003dc8  mibspiIsTransferComplete            
00006f74  mibspiNotification                  
00003e88  mibspiPmodeSet                      
00003b40  mibspiSetData                       
00003b20  mibspiSetFunctional                 
00003d98  mibspiTransfer                      
00004d54  muxInit                             
000023ec  pbistFail                           
00002470  pbistGetConfigValue                 
000005a8  pbistIsTestCompleted                
000005d4  pbistIsTestPassed                   
00000608  pbistPortTestStatus                 
000004ac  pbistRun                            
000002cc  pbistSelfCheck                      
00000578  pbistStop                           
00002e18  periphInit                          
00007164  phantomInterrupt                    
000051f0  pinmuxGetConfigValue                
00000000  resetEntry                          
00000020  selftestFailNotification            
00002dd8  setupFlash                          
00002cfc  setupPLL                            
00003658  sramGetConfigValue                  
000025bc  stcGetConfigValue                   
000001b8  stcSelfCheck                        
00000df8  stcSelfCheckFail                    
00003090  systemGetConfigValue                
00002f94  systemInit                          
00003060  systemPowerDown                     
000034ac  tcmflashGetConfigValue              
08001518  temperature_adc                     
00002d5c  trimLPO                             
000043d4  vimChannelMap                       
00004640  vimDisableInterrupt                 
00004478  vimEnableInterrupt                  
000046ec  vimGetConfigValue                   
00004300  vimInit                             
00000e00  vimParityCheck                      
0000656c  vimParityErrorHandler               


GLOBAL SYMBOLS: SORTED BY Symbol Address 

address   name                                
-------   ----                                
00000000  __TI_static_base__                  
00000000  resetEntry                          
00000020  selftestFailNotification            
00000030  ccmSelfCheck                        
00000174  memoryInit                          
000001b8  stcSelfCheck                        
00000234  cpuSelfTest                         
000002cc  pbistSelfCheck                      
000004ac  pbistRun                            
00000578  pbistStop                           
000005a8  pbistIsTestCompleted                
000005d4  pbistIsTestPassed                   
00000608  pbistPortTestStatus                 
00000660  efcCheck                            
000006e8  efcStuckZeroTest                    
00000794  efcSelfTest                         
000007bc  checkefcSelfTest                    
0000085c  fmcBus2Check                        
00000898  fmcECCcheck                         
00000938  checkB0RAMECC                       
00000b28  checkB1RAMECC                       
00000d18  checkFlashECC                       
00000df4  custom_dabort                       
00000df8  stcSelfCheckFail                    
00000dfc  cpuSelfTestFail                     
00000e00  vimParityCheck                      
00000eac  dmaParityCheck                      
00000f58  het1ParityCheck                     
00001004  htu1ParityCheck                     
000010c0  het2ParityCheck                     
000011bc  htu2ParityCheck                     
0000126c  adc1ParityCheck                     
00001358  adc2ParityCheck                     
00001410  can1ParityCheck                     
000014e8  can2ParityCheck                     
000015b0  can3ParityCheck                     
00001684  mibspi1ParityCheck                  
0000178c  mibspi3ParityCheck                  
000018b0  mibspi5ParityCheck                  
000019d0  checkRAMECC                         
00001c18  checkClockMonitor                   
00001cf4  checkFlashEEPROMECC                 
00001e8c  checkPLL1Slip                       
00001f8c  checkPLL2Slip                       
00002050  checkRAMAddrParity                  
0000215c  checkRAMUERRTest                    
000022c4  fmcBus1ParityCheck                  
000023ec  pbistFail                           
00002470  pbistGetConfigValue                 
000025bc  stcGetConfigValue                   
00002660  efcGetConfigValue                   
000026fc  ccmr4GetConfigValue                 
0000276c  errata_PBIST_4                      
00002ad0  enableParity                        
00002b58  disableParity                       
00002cfc  setupPLL                            
00002d5c  trimLPO                             
00002dd8  setupFlash                          
00002e18  periphInit                          
00002e6c  mapClocks                           
00002f94  systemInit                          
00003060  systemPowerDown                     
00003090  systemGetConfigValue                
000034ac  tcmflashGetConfigValue              
00003658  sramGetConfigValue                  
00003794  customTrimLPO                       
00003874  mibspiInit                          
00003b20  mibspiSetFunctional                 
00003b40  mibspiSetData                       
00003c4c  mibspiGetData                       
00003d98  mibspiTransfer                      
00003dc8  mibspiIsTransferComplete            
00003e38  mibspiEnableLoopback                
00003e6c  mibspiDisableLoopback               
00003e88  mibspiPmodeSet                      
00003ed8  mibspiEnableGroupNotification       
00003f60  mibspiDisableGroupNotification      
00003f94  mibspi3GetConfigValue               
00004300  vimInit                             
000043d4  vimChannelMap                       
00004478  vimEnableInterrupt                  
00004640  vimDisableInterrupt                 
000046ec  vimGetConfigValue                   
00004d54  muxInit                             
000051f0  pinmuxGetConfigValue                
00005600  _errata_SSWF021_45_both_plls        
000057f4  _errata_SSWF021_45_pll1             
0000596c  _errata_SSWF021_45_pll2             
00005c64  esmInit                             
00005d6c  esmError                            
00005d88  esmEnableError                      
00005db0  esmDisableError                     
00005dd8  esmTriggerErrorPinReset             
00005de8  esmActivateNormalOperation          
00005df8  esmEnableInterrupt                  
00005e20  esmDisableInterrupt                 
00005e48  esmSetInterruptLevel                
00005ebc  esmClearStatus                      
00005efc  esmClearStatusBuffer                
00005f18  esmSetCounterPreloadValue           
00005f38  esmGetStatus                        
00005fbc  esmGetStatusBuffer                  
00005ff4  esmEnterSelfTest                    
0000607c  esmSelfTestStatus                   
000060cc  esmGetConfigValue                   
00006220  _coreInitRegisters_                 
0000632c  _coreInitStackPointer_              
00006378  _getCPSRValue_                      
00006380  _gotoCPUIdle_                       
00006398  _coreEnableVfp_                     
000063b0  _coreEnableEventBusExport_          
000063c0  _coreDisableEventBusExport_         
000063d0  _coreEnableRamEcc_                  
000063e0  _coreDisableRamEcc_                 
000063f0  _coreEnableFlashEcc_                
00006404  _coreDisableFlashEcc_               
00006414  _coreEnableIrqVicOffset_            
00006424  _coreGetDataFault_                  
0000642c  _coreClearDataFault_                
00006438  _coreGetInstructionFault_           
00006440  _coreClearInstructionFault_         
0000644c  _coreGetDataFaultAddress_           
00006454  _coreClearDataFaultAddress_         
00006460  _coreGetInstructionFaultAddress_    
00006468  _coreClearInstructionFaultAddress_  
00006474  _coreGetAuxiliaryDataFault_         
0000647c  _coreClearAuxiliaryDataFault_       
00006488  _coreGetAuxiliaryInstructionFault_  
00006490  _coreClearAuxiliaryInstructionFault_
0000649c  _disable_interrupt_                 
000064a4  _disable_FIQ_interrupt_             
000064ac  _disable_IRQ_interrupt_             
000064b4  _enable_interrupt_                  
000064bc  _esmCcmErrorsClear_                 
00006544  _errata_CORTEXR4_57_                
00006554  _errata_CORTEXR4_66_                
00006564  __TI_PINIT_Base                     
00006568  __TI_PINIT_Limit                    
0000656c  vimParityErrorHandler               
00006838  _c_int00                            
00006ac8  main                                
00006c2c  esmHighInterrupt                    
00006d40  _dabort                             
00006e28  _pmuInit_                           
00006e74  _pmuEnableCountersGlobal_           
00006e84  _pmuDisableCountersGlobal_          
00006e94  _pmuResetCycleCounter_              
00006ea4  _pmuResetEventCounters_             
00006eb4  _pmuResetCounters_                  
00006ec4  _pmuStartCounters_                  
00006ecc  _pmuStopCounters_                   
00006ed4  _pmuSetCountEvent_                  
00006ee0  _pmuGetCycleCount_                  
00006ee8  _pmuGetEventCount_                  
00006ef4  _pmuGetOverflow_                    
00006f08  esmGroup1Notification               
00006f18  esmGroup2Notification               
00006f28  memoryPort0TestFailNotification     
00006f44  memoryPort1TestFailNotification     
00006f60  gioNotification                     
00006f74  mibspiNotification                  
00006f88  mibspiGroupNotification             
00006f9c  dmaGroupANotification               
00006fb1  __aeabi_memcpy                      
00006fb1  __aeabi_memcpy4                     
00006fb1  __aeabi_memcpy8                     
00006fb1  memcpy                              
0000704d  __TI_decompress_lzss                
000070b8  __aeabi_idiv                        
000070b8  __aeabi_idivmod                     
0000710d  __TI_auto_init_nobinit_nopinit      
00007151  __TI_decompress_none                
0000715f  C$$EXIT                             
0000715f  abort                               
00007163  __aeabi_idiv0                       
00007163  __aeabi_ldiv0                       
00007164  phantomInterrupt                    
00007168  handlePLLLockFail                   
00007390  __TI_Handler_Table_Base             
00007398  __TI_CINIT_Base                     
00007398  __TI_Handler_Table_Limit            
000073a0  __TI_CINIT_Limit                    
08001500  adc_received_Data                   
08001518  temperature_adc                     
ffffffff  __TI_pprof_out_hndl                 
ffffffff  __TI_prof_data_size                 
ffffffff  __TI_prof_data_start                
ffffffff  __binit__                           
ffffffff  __c_args__                          
ffffffff  binit                               
UNDEFED   SHT$$INIT_ARRAY$$Base               
UNDEFED   SHT$$INIT_ARRAY$$Limit              
UNDEFED   _system_post_cinit                  

[193 symbols]
