******************************************************************************
                  TI ARM Linker PC v16.9.1                     
******************************************************************************
>> Linked Thu Jul 05 19:45:53 2018

OUTPUT FILE NAME:   <FreeRTOS_1.out>
ENTRY POINT SYMBOL: "_c_int00"  address: 00012654


MEMORY CONFIGURATION

         name            origin    length      used     unused   attr    fill
----------------------  --------  ---------  --------  --------  ----  --------
  VECTORS               00000000   00000020  00000020  00000000     X
  KERNEL                00000020   00008000  00004ad0  00003530  R  X
  FLASH0                00008020   00137fe0  0000bdc0  0012c220  R  X
  STACKS                08000000   00000800  00000000  00000800  RW  
  KRAM                  08000800   00000800  00000140  000006c0  RW  
  RAM                   08001000   0002f000  0000209c  0002cf64  RW  


SEGMENT ALLOCATION MAP

run origin  load origin   length   init length attrs members
----------  ----------- ---------- ----------- ----- -------
00000000    00000000    00004af0   00004af0    r-x
  00000000    00000000    00000020   00000020    r-x .intvecs
  00000020    00000020    00004a68   00004a68    r-x .kernelTEXT
  00004a88    00004a88    00000068   00000068    r-- .cinit
00008020    00008020    0000bdc0   0000bdc0    r-x
  00008020    00008020    0000b7ac   0000b7ac    r-x .text
  000137cc    000137cc    00000614   00000614    r-- .const
08000800    08000800    00000140   00000000    rw-
  08000800    08000800    00000140   00000000    rw- .kernelBSS
08001000    08001000    0000209d   00000000    rw-
  08001000    08001000    00002000   00000000    rw- .kernelHEAP
  08003000    08003000    0000005b   00000000    rw- .data
  0800305c    0800305c    00000041   00000000    rw- .bss


SECTION ALLOCATION MAP

 output                                  attributes/
section   page    origin      length       input sections
--------  ----  ----------  ----------   ----------------
.intvecs   0    00000000    00000020     
                  00000000    00000020     sys_intvecs.obj (.intvecs)

.kernelTEXT 
*          0    00000020    00004a68     
                  00000020    0000206c     os_tasks.obj (.kernelTEXT)
                  0000208c    000014ac     os_queue.obj (.kernelTEXT)
                  00003538    0000091c     os_timer.obj (.kernelTEXT)
                  00003e54    000004b0     os_portasm.obj (.kernelTEXT)
                  00004304    000003e0     os_port.obj (.kernelTEXT)
                  000046e4    000003a4     os_heap.obj (.kernelTEXT)

.cinit     0    00004a88    00000068     
                  00004a88    00000018     (.cinit..data.load) [load image, compression = lzss]
                  00004aa0    00000014     (.cinit..kernelBSS.load) [load image, compression = lzss]
                  00004ab4    0000000c     (__TI_handler_table)
                  00004ac0    00000008     (.cinit..bss.load) [load image, compression = zero_init]
                  00004ac8    00000008     (.cinit..kernelHEAP.load) [load image, compression = zero_init]
                  00004ad0    00000020     (__TI_cinit_table)

.text      0    00008020    0000b7ac     
                  00008020    00002cdc     sys_selftest.obj (.text)
                  0000acfc    00000b28     system.obj (.text)
                  0000b824    00000b04     can.obj (.text)
                  0000c328    00000aec     adc.obj (.text)
                  0000ce14    00000a58     sys_vim.obj (.text)
                  0000d86c    000008f0     het.obj (.text)
                  0000e15c    000008ac     pinmux.obj (.text)
                  0000ea08    00000878     os_tasks.obj (.text)
                  0000f280    000007b8     sci.obj (.text)
                  0000fa38    00000680     sys_main.obj (.text)
                  000100b8    00000678     os_mpu_wrappers.obj (.text)
                  00010730    00000658     stateMachine.obj (.text)
                  00010d88    000005d8     esm.obj (.text)
                  00011360    000005d4     inputOutput.obj (.text)
                  00011934    00000484     gio.obj (.text)
                  00011db8    0000034c     sys_core.obj (.text)
                  00012104    000002cc     sys_vim.obj (.text:retain)
                  000123d0    00000284     os_heap.obj (.text)
                  00012654    0000027c     sys_startup.obj (.text:retain)
                  000128d0    00000238     os_list.obj (.text)
                  00012b08    000001b4     os_port.obj (.text)
                  00012cbc    0000019c     can.obj (.text:retain)
                  00012e58    0000012c     utilities.obj (.text)
                  00012f84    00000124     notification.obj (.text)
                  000130a8    00000114     esm.obj (.text:retain)
                  000131bc    000000e8     dabort.obj (.text)
                  000132a4    000000e0     rtsv7R4_T_be_v3D16_eabi.lib : s_floor.obj (.text)
                  00013384    000000e0     sys_pmu.obj (.text)
                  00013464    0000009c     rtsv7R4_T_be_v3D16_eabi.lib : memcpy_t2.obj (.text)
                  00013500    0000007a                                 : memset_t2.obj (.text)
                  0001357a    00000002                                 : i_div0.obj (.text)
                  0001357c    00000070                                 : autoinit.obj (.text)
                  000135ec    0000006c                                 : copy_decompress_lzss.obj (.text:decompress:lzss)
                  00013658    00000054                                 : i_div32.obj (.text)
                  000136ac    00000050                                 : exit.obj (.text)
                  000136fc    00000050                                 : u_div32.obj (.text)
                  0001374c    0000004c                                 : cpy_tbl.obj (.text)
                  00013798    00000014                                 : _lock.obj (.text)
                  000137ac    0000000e                                 : copy_decompress_none.obj (.text:decompress:none)
                  000137ba    0000000c                                 : copy_zero_init.obj (.text:decompress:ZI)
                  000137c6    00000002                                 : startup.obj (.text)
                  000137c8    00000004     sys_phantom.obj (.text:retain)

.const     0    000137cc    00000614     
                  000137cc    000003a0     het.obj (.const:het1PROGRAM)
                  00013b6c    00000200     sys_vim.obj (.const:s_vim_init)
                  00013d6c    00000020     can.obj (.const:s_canByteOrder)
                  00013d8c    00000020     het.obj (.const:s_het1pwmPolarity)
                  00013dac    00000018     adc.obj (.const:s_adcFiFoSize)
                  00013dc4    00000018     adc.obj (.const:s_adcSelect)
                  00013ddc    00000004     os_heap.obj (.const)

.kernelBSS 
*          0    08000800    00000140     UNINITIALIZED
                  08000800    000000d0     os_tasks.obj (.kernelBSS:uninit)
                  080008d0    00000030     os_tasks.obj (.kernelBSS:init)
                  08000900    00000030     os_timer.obj (.kernelBSS:uninit)
                  08000930    00000008     os_timer.obj (.kernelBSS:init)
                  08000938    00000008     os_port.obj (.kernelBSS)

.kernelHEAP 
*          0    08001000    00002000     UNINITIALIZED
                  08001000    00002000     os_heap.obj (.kernelHEAP)

.data      0    08003000    0000005b     UNINITIALIZED
                  08003000    00000020     inputOutput.obj (.data:adc_data)
                  08003020    00000010     os_heap.obj (.data)
                  08003030    0000000c     rtsv7R4_T_be_v3D16_eabi.lib : exit.obj (.data:$O1$$)
                  0800303c    0000000c     sys_main.obj (.data)
                  08003048    00000008     rtsv7R4_T_be_v3D16_eabi.lib : _lock.obj (.data:$O1$$)
                  08003050    00000008     sys_main.obj (.data:rx_data)
                  08003058    00000003     stateMachine.obj (.data)

.bss       0    0800305c    00000041     UNINITIALIZED
                  0800305c    00000028     sci.obj (.bss:g_sciTransfer_t)
                  08003084    00000008     os_heap.obj (.bss:xStart)
                  0800308c    00000004     (.common:VCUDataQueue)
                  08003090    00000004     (.common:binary_sem)
                  08003094    00000004     (.common:xTask1Handle)
                  08003098    00000004     (.common:xTask2Handle)
                  0800309c    00000001     (.common:adc_max_delay_iterations)

MODULE SUMMARY

       Module                     code    ro data   rw data
       ------                     ----    -------   -------
    .\source\
       sys_selftest.obj           11484   0         0      
       os_tasks.obj               10468   0         256    
       os_heap.obj                1576    4         8216   
       os_queue.obj               5292    0         0      
       sys_vim.obj                3364    512       0      
       can.obj                    3232    32        0      
       het.obj                    2288    960       0      
       system.obj                 2856    0         0      
       adc.obj                    2796    48        0      
       os_timer.obj               2332    0         56     
       pinmux.obj                 2220    0         0      
       sci.obj                    1976    0         40     
       esm.obj                    1772    0         0      
       sys_main.obj               1664    0         36     
       os_mpu_wrappers.obj        1656    0         0      
       stateMachine.obj           1624    0         3      
       inputOutput.obj            1492    0         33     
       os_port.obj                1428    0         8      
       os_portasm.obj             1200    0         0      
       gio.obj                    1156    0         0      
       sys_core.obj               844     0         0      
       sys_startup.obj            636     0         0      
       os_list.obj                568     0         0      
       utilities.obj              300     0         0      
       notification.obj           292     0         0      
       dabort.obj                 232     0         0      
       sys_pmu.obj                224     0         0      
       sys_intvecs.obj            32      0         0      
       sys_phantom.obj            4       0         0      
    +--+--------------------------+-------+---------+---------+
       Total:                     65008   1556      8648   
                                                           
    C:/ti/ccsv7/tools/compiler/ti-cgt-arm_16.9.1.LTS/lib/rtsv7R4_T_be_v3D16_eabi.lib
       s_floor.obj                224     0         0      
       memcpy_t2.obj              156     0         0      
       memset_t2.obj              122     0         0      
       autoinit.obj               112     0         0      
       copy_decompress_lzss.obj   108     0         0      
       exit.obj                   80      0         12     
       i_div32.obj                84      0         0      
       u_div32.obj                80      0         0      
       cpy_tbl.obj                76      0         0      
       _lock.obj                  20      0         8      
       copy_decompress_none.obj   14      0         0      
       copy_zero_init.obj         12      0         0      
       i_div0.obj                 2       0         0      
       startup.obj                2       0         0      
    +--+--------------------------+-------+---------+---------+
       Total:                     1092    0         20     
                                                           
       Linker Generated:          0       104       0      
    +--+--------------------------+-------+---------+---------+
       Grand Total:               66100   1660      8668   


LINKER GENERATED COPY TABLES

__TI_cinit_table @ 00004ad0 records: 4, size/record: 8, table size: 32
	.data: load addr=00004a88, load size=00000018 bytes, run addr=08003000, run size=0000005b bytes, compression=lzss
	.kernelBSS: load addr=00004aa0, load size=00000014 bytes, run addr=08000800, run size=00000140 bytes, compression=lzss
	.bss: load addr=00004ac0, load size=00000008 bytes, run addr=0800305c, run size=00000041 bytes, compression=zero_init
	.kernelHEAP: load addr=00004ac8, load size=00000008 bytes, run addr=08001000, run size=00002000 bytes, compression=zero_init


LINKER GENERATED HANDLER TABLE

__TI_handler_table @ 00004ab4 records: 3, size/record: 4, table size: 12
	index: 0, handler: __TI_decompress_lzss
	index: 1, handler: __TI_decompress_none
	index: 2, handler: __TI_zero_init


GLOBAL SYMBOLS: SORTED ALPHABETICALLY BY Name 

address   name                                
-------   ----                                
000136ad  C$$EXIT                             
00010680  MPU_pvPortMalloc                    
00010454  MPU_uxQueueMessagesWaiting          
00010328  MPU_uxTaskGetNumberOfTasks          
00010354  MPU_uxTaskGetStackHighWaterMark     
000101ec  MPU_uxTaskPriorityGet               
000106b4  MPU_vPortFree                       
000106e0  MPU_vPortInitialiseBlocks           
000105cc  MPU_vQueueDelete                    
0001012c  MPU_vTaskAllocateMPURegions         
000101c0  MPU_vTaskDelay                      
0001018c  MPU_vTaskDelayUntil                 
00010160  MPU_vTaskDelete                     
00010220  MPU_vTaskPrioritySet                
00010280  MPU_vTaskResume                     
00010254  MPU_vTaskSuspend                    
000102ac  MPU_vTaskSuspendAll                 
00010704  MPU_xPortGetFreeHeapSize            
00010510  MPU_xQueueCreateCountingSemaphore   
000104dc  MPU_xQueueCreateMutex               
000103b4  MPU_xQueueGenericCreate             
00010488  MPU_xQueueGenericReceive            
000105f8  MPU_xQueueGenericReset              
00010400  MPU_xQueueGenericSend               
00010598  MPU_xQueueGiveMutexRecursive        
0001063c  MPU_xQueuePeekFromISR               
00010554  MPU_xQueueTakeMutexRecursive        
000100b8  MPU_xTaskGenericCreate              
00010388  MPU_xTaskGetSchedulerState          
000102fc  MPU_xTaskGetTickCount               
000102d0  MPU_xTaskResumeAll                  
UNDEFED   SHT$$INIT_ARRAY$$Base               
UNDEFED   SHT$$INIT_ARRAY$$Limit              
0800308c  VCUDataQueue                        
00004ad0  __TI_CINIT_Base                     
00004af0  __TI_CINIT_Limit                    
00004ab4  __TI_Handler_Table_Base             
00004ac0  __TI_Handler_Table_Limit            
000120fc  __TI_PINIT_Base                     
00012100  __TI_PINIT_Limit                    
0001357d  __TI_auto_init                      
08003030  __TI_cleanup_ptr                    
000135ed  __TI_decompress_lzss                
000137ad  __TI_decompress_none                
08003034  __TI_dtors_ptr                      
08003038  __TI_enable_exit_profile_output     
ffffffff  __TI_pprof_out_hndl                 
ffffffff  __TI_prof_data_size                 
ffffffff  __TI_prof_data_start                
00000000  __TI_static_base__                  
000137bb  __TI_zero_init                      
00013658  __aeabi_idiv                        
0001357b  __aeabi_idiv0                       
00013658  __aeabi_idivmod                     
00013501  __aeabi_memclr                      
00013501  __aeabi_memclr4                     
00013501  __aeabi_memclr8                     
00013465  __aeabi_memcpy                      
00013465  __aeabi_memcpy4                     
00013465  __aeabi_memcpy8                     
00013503  __aeabi_memset                      
00013503  __aeabi_memset4                     
00013503  __aeabi_memset8                     
000136fc  __aeabi_uidiv                       
000136fc  __aeabi_uidivmod                    
ffffffff  __binit__                           
ffffffff  __c_args__                          
00012654  _c_int00                            
00012014  _coreClearAuxiliaryDataFault_       
00012028  _coreClearAuxiliaryInstructionFault_
00011fec  _coreClearDataFaultAddress_         
00011fc4  _coreClearDataFault_                
00012000  _coreClearInstructionFaultAddress_  
00011fd8  _coreClearInstructionFault_         
00011f58  _coreDisableEventBusExport_         
00011f9c  _coreDisableFlashEcc_               
00011f78  _coreDisableRamEcc_                 
00011f48  _coreEnableEventBusExport_          
00011f88  _coreEnableFlashEcc_                
00011fac  _coreEnableIrqVicOffset_            
00011f68  _coreEnableRamEcc_                  
00011f30  _coreEnableVfp_                     
0001200c  _coreGetAuxiliaryDataFault_         
00012020  _coreGetAuxiliaryInstructionFault_  
00011fe4  _coreGetDataFaultAddress_           
00011fbc  _coreGetDataFault_                  
00011ff8  _coreGetInstructionFaultAddress_    
00011fd0  _coreGetInstructionFault_           
00011db8  _coreInitRegisters_                 
00011ec4  _coreInitStackPointer_              
000131bc  _dabort                             
0001203c  _disable_FIQ_interrupt_             
00012044  _disable_IRQ_interrupt_             
00012034  _disable_interrupt_                 
0001204c  _enable_interrupt_                  
000120dc  _errata_CORTEXR4_57_                
000120ec  _errata_CORTEXR4_66_                
00012054  _esmCcmErrorsClear_                 
00011f10  _getCPSRValue_                      
00011f18  _gotoCPUIdle_                       
08003048  _lock                               
000137a7  _nop                                
000133e0  _pmuDisableCountersGlobal_          
000133d0  _pmuEnableCountersGlobal_           
0001343c  _pmuGetCycleCount_                  
00013444  _pmuGetEventCount_                  
00013450  _pmuGetOverflow_                    
00013384  _pmuInit_                           
00013410  _pmuResetCounters_                  
000133f0  _pmuResetCycleCounter_              
00013400  _pmuResetEventCounters_             
00013430  _pmuSetCountEvent_                  
00013420  _pmuStartCounters_                  
00013428  _pmuStopCounters_                   
0001379f  _register_lock                      
00013799  _register_unlock                    
000137c7  _system_post_cinit                  
0800304c  _unlock                             
000136b1  abort                               
0000cba4  adc1GetConfigValue                  
0000926c  adc1ParityCheck                     
00009358  adc2ParityCheck                     
0000c780  adcCalibration                      
0000cb44  adcDisableNotification              
0000caf4  adcEnableNotification               
0000c558  adcGetData                          
0000cb8c  adcGetEVTPin                        
0000c328  adcInit                             
0000c750  adcIsConversionComplete             
0000c720  adcIsFifoFull                       
0000c958  adcMidPointCalibration              
00012fdc  adcNotification                     
0000c530  adcResetFiFo                        
0000cb6c  adcSetEVTPin                        
0000c484  adcStartConversion                  
0000c508  adcStopConversion                   
08003000  adc_data                            
0800309c  adc_max_delay_iterations            
08003090  binary_sem                          
ffffffff  binit                               
0000c15c  can1GetConfigValue                  
00012cbc  can1HighLevelInterrupt              
00012da4  can1LowLevelInterrupt               
00009410  can1ParityCheck                     
000094e8  can2ParityCheck                     
000095b0  can3ParityCheck                     
0000bffc  canDisableErrorNotification         
0000bfdc  canDisableStatusChangeNotification  
0000c054  canDisableloopback                  
0000bf9c  canEnableErrorNotification          
0000bfbc  canEnableStatusChangeNotification   
0000c01c  canEnableloopback                   
00012ff0  canErrorNotification                
0000bd44  canFillMessageObjectData            
0000ba6c  canGetData                          
0000bf78  canGetErrorLevel                    
0000bbc4  canGetID                            
0000bf54  canGetLastError                     
0000b824  canInit                             
0000c140  canIoRxGetBit                       
0000c084  canIoSetDirection                   
0000c0d4  canIoSetPort                        
0000c124  canIoTxGetBit                       
0000bef8  canIsMessageBoxValid                
0000be9c  canIsRxMessageArrived               
0000be40  canIsTxMessagePending               
0000ff20  canMessageNotification              
0000bca4  canSendRemoteFrame                  
00013004  canStatusChangeNotification         
0000b970  canTransmit                         
0000bc2c  canUpdateID                         
0000de78  capGetSignal                        
00008030  ccmSelfCheck                        
0000a6fc  ccmr4GetConfigValue                 
00008938  checkB0RAMECC                       
00008b28  checkB1RAMECC                       
00009c18  checkClockMonitor                   
00008d18  checkFlashECC                       
00009cf4  checkFlashEEPROMECC                 
00009e8c  checkPLL1Slip                       
00009f8c  checkPLL2Slip                       
0000a050  checkRAMAddrParity                  
000099d0  checkRAMECC                         
0000a15c  checkRAMUERRTest                    
000087bc  checkefcSelfTest                    
08003044  cnt                                 
0001374d  copy_in                             
00008234  cpuSelfTest                         
00008dfc  cpuSelfTestFail                     
00008df4  custom_dabort                       
00012e58  descale                             
00012f0c  descaledF32ToU16                    
00012eb0  descaledF32ToU8                     
0000ab58  disableParity                       
00013094  dmaGroupANotification               
00008eac  dmaParityCheck                      
0000de38  edgeDisableNotification             
0000ddfc  edgeEnableNotification              
0000ddd0  edgeGetCounter                      
0001306c  edgeNotification                    
0000dda4  edgeResetCounter                    
00008660  efcCheck                            
0000a660  efcGetConfigValue                   
00008794  efcSelfTest                         
000086e8  efcStuckZeroTest                    
0000aad0  enableParity                        
0000a76c  errata_PBIST_4                      
00010f14  esmActivateNormalOperation          
00010ff8  esmClearStatus                      
0001103c  esmClearStatusBuffer                
00010ed8  esmDisableError                     
00010f50  esmDisableInterrupt                 
00010eac  esmEnableError                      
00010f24  esmEnableInterrupt                  
00011134  esmEnterSelfTest                    
00010e90  esmError                            
0001120c  esmGetConfigValue                   
00011078  esmGetStatus                        
000110fc  esmGetStatusBuffer                  
00012f84  esmGroup1Notification               
00012f94  esmGroup2Notification               
000130a8  esmHighInterrupt                    
00010d88  esmInit                             
000111bc  esmSelfTestStatus                   
00011058  esmSetCounterPreloadValue           
00010f7c  esmSetInterruptLevel                
00010f04  esmTriggerErrorPinReset             
000136b9  exit                                
000132a5  floor                               
000132a5  floorl                              
0000a2c4  fmcBus1ParityCheck                  
0000885c  fmcBus2Check                        
00008898  fmcECCcheck                         
00010a60  fxCheckAlarms                       
000115a0  fxComputeAnalogInput                
0000fe88  fxInitHardware                      
00011360  fxInitInputs                        
000114b4  fxInitLinAnalogInputs               
00011608  fxReadAnalogInputs                  
00011890  fxReadDigitalInputs                 
00011550  fxSetScaling                        
00010730  fxStateMachine                      
00011b94  gioDisableNotification              
00011b2c  gioEnableNotification               
00011a94  gioGetBit                           
00011bfc  gioGetConfigValue                   
00011abc  gioGetPort                          
00011934  gioInit                             
0001302c  gioNotification                     
00011a24  gioSetBit                           
00011a04  gioSetDirection                     
00011a74  gioSetPort                          
00011ad4  gioToggleBit                        
0000df84  het1GetConfigValue                  
00008f58  het1ParityCheck                     
000090c0  het2ParityCheck                     
0000df6c  hetGetTimestamp                     
0000d86c  hetInit                             
00013080  hetNotification                     
0000df50  hetResetTimestamp                   
00009004  htu1ParityCheck                     
000091bc  htu2ParityCheck                     
0000fa38  main                                
0000ae38  mapClocks                           
00013465  memcpy                              
00008174  memoryInit                          
00012fa4  memoryPort0TestFailNotification     
00012fc0  memoryPort1TestFailNotification     
00013509  memset                              
00009684  mibspi1ParityCheck                  
0000978c  mibspi3ParityCheck                  
000098b0  mibspi5ParityCheck                  
0000e15c  muxInit                             
0000a3ec  pbistFail                           
0000a470  pbistGetConfigValue                 
000085a8  pbistIsTestCompleted                
000085d4  pbistIsTestPassed                   
00008608  pbistPortTestStatus                 
000084ac  pbistRun                            
000082cc  pbistSelfCheck                      
00008578  pbistStop                           
0000ade4  periphInit                          
000137c8  phantomInterrupt                    
0000e5f8  pinmuxGetConfigValue                
000042dc  prvMpuDisable                       
000042c4  prvMpuEnable                        
000042ac  prvMpuSetRegion                     
000046e4  pvPortMalloc                        
0000ea90  pvTaskIncrementMutexHeldCount       
00003e18  pvTimerGetTimerID                   
0000dd74  pwmDisableNotification              
0000dd2c  pwmEnableNotification               
0000dc4c  pwmGetSignal                        
00013054  pwmNotification                     
0000d994  pwmSetDuty                          
0000dad0  pwmSetSignal                        
0000d92c  pwmStart                            
0000d960  pwmStop                             
080008d0  pxCurrentTCB                        
00004304  pxPortInitialiseStack               
00000000  resetEntry                          
08003050  rx_data                             
08003040  rx_ptr                              
0000f748  sciDisableLoopback                  
0000f7d4  sciDisableNotification              
0000f714  sciEnableLoopback                   
0000f76c  sciEnableNotification               
0000f83c  sciEnterResetState                  
0000f85c  sciExitResetState                   
0000f280  sciInit                             
0000f5c4  sciIsIdleDetected                   
0000f5a8  sciIsRxReady                        
0000f428  sciIsTxReady                        
00013040  sciNotification                     
0000f63c  sciReceive                          
0000f610  sciReceiveByte                      
0000f5e0  sciRxError                          
0000f474  sciSend                             
0000f444  sciSendByte                         
0000f38c  sciSetBaudrate                      
0000f36c  sciSetFunctional                    
0000f87c  scilinGetConfigValue                
00008020  selftestFailNotification            
0000ada4  setupFlash                          
0000acfc  setupPLL                            
0000b61c  sramGetConfigValue                  
08003058  state                               
0000a5bc  stcGetConfigValue                   
000081b8  stcSelfCheck                        
00008df8  stcSelfCheckFail                    
0000b05c  systemGetConfigValue                
0000af60  systemInit                          
0000b02c  systemPowerDown                     
0000b470  tcmflashGetConfigValue              
0000ad5c  trimLPO                             
0800303c  tx_done                             
08000938  ulCriticalNesting                   
000041d4  ulPortCountLeadingZeros             
0800093c  ulTaskHasFPUContext                 
0000eac4  ulTaskNotifyTake                    
00012a7c  uxListRemove                        
00002fdc  uxQueueMessagesWaiting              
00003060  uxQueueMessagesWaitingFromISR       
00003014  uxQueueSpacesAvailable              
00000f98  uxTaskGetNumberOfTasks              
00001c98  uxTaskGetStackHighWaterMark         
00000660  uxTaskPriorityGet                   
000006a4  uxTaskPriorityGetFromISR            
0000203c  uxTaskResetEventItemValue           
000128d0  vListInitialise                     
00012928  vListInitialiseItem                 
000129b8  vListInsert                         
00012944  vListInsertEnd                      
000046b0  vPortEndScheduler                   
00004954  vPortFree                           
00004a6c  vPortInitialiseBlocks               
000041c8  vPortInitialiseFPSCR                
000040c8  vPortPreemptiveTick                 
000041dc  vPortSWI                            
00003e58  vPortStartFirstTask                 
00004418  vPortStoreTaskMPUSettings           
00003fd4  vPortYeildWithinAPI                 
00003ee8  vPortYieldProcessor                 
00003090  vQueueDelete                        
000034b8  vQueueWaitForMessageRestricted      
00001994  vTaskAllocateMPURegions             
00000594  vTaskDelay                          
000003fc  vTaskDelayUntil                     
000002bc  vTaskDelete                         
00000d88  vTaskEndScheduler                   
00001848  vTaskMissedYield                    
0000f118  vTaskNotifyGiveFromISR              
000012d4  vTaskPlaceOnEventList               
00001484  vTaskPlaceOnEventListRestricted     
0000138c  vTaskPlaceOnUnorderedEventList      
00001d94  vTaskPriorityInherit                
000006ec  vTaskPrioritySet                    
00000b14  vTaskResume                         
00001700  vTaskSetTimeOutState                
00000ce0  vTaskStartScheduler                 
00000908  vTaskSuspend                        
00000da4  vTaskSuspendAll                     
000011ec  vTaskSwitchContext                  
0000cee8  vimChannelMap                       
0000d154  vimDisableInterrupt                 
0000cf8c  vimEnableInterrupt                  
0000d200  vimGetConfigValue                   
0000ce14  vimInit                             
00008e00  vimParityCheck                      
00012104  vimParityErrorHandler               
00004a54  xPortGetFreeHeapSize                
00004a60  xPortGetMinimumEverFreeHeapSize     
0000468c  xPortStartScheduler                 
000024b4  xQueueCreateCountingSemaphore       
000022bc  xQueueCreateMutex                   
000021b4  xQueueGenericCreate                 
00002ab0  xQueueGenericReceive                
0000208c  xQueueGenericReset                  
00002554  xQueueGenericSend                   
00002814  xQueueGenericSendFromISR            
0000299c  xQueueGiveFromISR                   
00002390  xQueueGiveMutexRecursive            
000033dc  xQueueIsQueueEmptyFromISR           
00003468  xQueueIsQueueFullFromISR            
00002ee8  xQueuePeekFromISR                   
00002db0  xQueueReceiveFromISR                
00002418  xQueueTakeMutexRecursive            
08003094  xTask1Handle                        
08003098  xTask2Handle                        
00001740  xTaskCheckForTimeOut                
00000020  xTaskGenericCreate                  
00001d1c  xTaskGetCurrentTaskHandle           
00001d38  xTaskGetSchedulerState              
00000f58  xTaskGetTickCount                   
00000f74  xTaskGetTickCountFromISR            
00000fb8  xTaskIncrementTick                  
0000ed98  xTaskNotify                         
0000ef44  xTaskNotifyFromISR                  
0000ec14  xTaskNotifyWait                     
00001ef4  xTaskPriorityDisinherit             
00001510  xTaskRemoveFromEventList            
000015fc  xTaskRemoveFromUnorderedEventList   
00000db8  xTaskResumeAll                      
00000bf8  xTaskResumeFromISR                  
000035b4  xTimerCreate                        
00003538  xTimerCreateTimerTask               
00003678  xTimerGenericCommand                
00003dbc  xTimerIsTimerActive                 


GLOBAL SYMBOLS: SORTED BY Symbol Address 

address   name                                
-------   ----                                
00000000  __TI_static_base__                  
00000000  resetEntry                          
00000020  xTaskGenericCreate                  
000002bc  vTaskDelete                         
000003fc  vTaskDelayUntil                     
00000594  vTaskDelay                          
00000660  uxTaskPriorityGet                   
000006a4  uxTaskPriorityGetFromISR            
000006ec  vTaskPrioritySet                    
00000908  vTaskSuspend                        
00000b14  vTaskResume                         
00000bf8  xTaskResumeFromISR                  
00000ce0  vTaskStartScheduler                 
00000d88  vTaskEndScheduler                   
00000da4  vTaskSuspendAll                     
00000db8  xTaskResumeAll                      
00000f58  xTaskGetTickCount                   
00000f74  xTaskGetTickCountFromISR            
00000f98  uxTaskGetNumberOfTasks              
00000fb8  xTaskIncrementTick                  
000011ec  vTaskSwitchContext                  
000012d4  vTaskPlaceOnEventList               
0000138c  vTaskPlaceOnUnorderedEventList      
00001484  vTaskPlaceOnEventListRestricted     
00001510  xTaskRemoveFromEventList            
000015fc  xTaskRemoveFromUnorderedEventList   
00001700  vTaskSetTimeOutState                
00001740  xTaskCheckForTimeOut                
00001848  vTaskMissedYield                    
00001994  vTaskAllocateMPURegions             
00001c98  uxTaskGetStackHighWaterMark         
00001d1c  xTaskGetCurrentTaskHandle           
00001d38  xTaskGetSchedulerState              
00001d94  vTaskPriorityInherit                
00001ef4  xTaskPriorityDisinherit             
0000203c  uxTaskResetEventItemValue           
0000208c  xQueueGenericReset                  
000021b4  xQueueGenericCreate                 
000022bc  xQueueCreateMutex                   
00002390  xQueueGiveMutexRecursive            
00002418  xQueueTakeMutexRecursive            
000024b4  xQueueCreateCountingSemaphore       
00002554  xQueueGenericSend                   
00002814  xQueueGenericSendFromISR            
0000299c  xQueueGiveFromISR                   
00002ab0  xQueueGenericReceive                
00002db0  xQueueReceiveFromISR                
00002ee8  xQueuePeekFromISR                   
00002fdc  uxQueueMessagesWaiting              
00003014  uxQueueSpacesAvailable              
00003060  uxQueueMessagesWaitingFromISR       
00003090  vQueueDelete                        
000033dc  xQueueIsQueueEmptyFromISR           
00003468  xQueueIsQueueFullFromISR            
000034b8  vQueueWaitForMessageRestricted      
00003538  xTimerCreateTimerTask               
000035b4  xTimerCreate                        
00003678  xTimerGenericCommand                
00003dbc  xTimerIsTimerActive                 
00003e18  pvTimerGetTimerID                   
00003e58  vPortStartFirstTask                 
00003ee8  vPortYieldProcessor                 
00003fd4  vPortYeildWithinAPI                 
000040c8  vPortPreemptiveTick                 
000041c8  vPortInitialiseFPSCR                
000041d4  ulPortCountLeadingZeros             
000041dc  vPortSWI                            
000042ac  prvMpuSetRegion                     
000042c4  prvMpuEnable                        
000042dc  prvMpuDisable                       
00004304  pxPortInitialiseStack               
00004418  vPortStoreTaskMPUSettings           
0000468c  xPortStartScheduler                 
000046b0  vPortEndScheduler                   
000046e4  pvPortMalloc                        
00004954  vPortFree                           
00004a54  xPortGetFreeHeapSize                
00004a60  xPortGetMinimumEverFreeHeapSize     
00004a6c  vPortInitialiseBlocks               
00004ab4  __TI_Handler_Table_Base             
00004ac0  __TI_Handler_Table_Limit            
00004ad0  __TI_CINIT_Base                     
00004af0  __TI_CINIT_Limit                    
00008020  selftestFailNotification            
00008030  ccmSelfCheck                        
00008174  memoryInit                          
000081b8  stcSelfCheck                        
00008234  cpuSelfTest                         
000082cc  pbistSelfCheck                      
000084ac  pbistRun                            
00008578  pbistStop                           
000085a8  pbistIsTestCompleted                
000085d4  pbistIsTestPassed                   
00008608  pbistPortTestStatus                 
00008660  efcCheck                            
000086e8  efcStuckZeroTest                    
00008794  efcSelfTest                         
000087bc  checkefcSelfTest                    
0000885c  fmcBus2Check                        
00008898  fmcECCcheck                         
00008938  checkB0RAMECC                       
00008b28  checkB1RAMECC                       
00008d18  checkFlashECC                       
00008df4  custom_dabort                       
00008df8  stcSelfCheckFail                    
00008dfc  cpuSelfTestFail                     
00008e00  vimParityCheck                      
00008eac  dmaParityCheck                      
00008f58  het1ParityCheck                     
00009004  htu1ParityCheck                     
000090c0  het2ParityCheck                     
000091bc  htu2ParityCheck                     
0000926c  adc1ParityCheck                     
00009358  adc2ParityCheck                     
00009410  can1ParityCheck                     
000094e8  can2ParityCheck                     
000095b0  can3ParityCheck                     
00009684  mibspi1ParityCheck                  
0000978c  mibspi3ParityCheck                  
000098b0  mibspi5ParityCheck                  
000099d0  checkRAMECC                         
00009c18  checkClockMonitor                   
00009cf4  checkFlashEEPROMECC                 
00009e8c  checkPLL1Slip                       
00009f8c  checkPLL2Slip                       
0000a050  checkRAMAddrParity                  
0000a15c  checkRAMUERRTest                    
0000a2c4  fmcBus1ParityCheck                  
0000a3ec  pbistFail                           
0000a470  pbistGetConfigValue                 
0000a5bc  stcGetConfigValue                   
0000a660  efcGetConfigValue                   
0000a6fc  ccmr4GetConfigValue                 
0000a76c  errata_PBIST_4                      
0000aad0  enableParity                        
0000ab58  disableParity                       
0000acfc  setupPLL                            
0000ad5c  trimLPO                             
0000ada4  setupFlash                          
0000ade4  periphInit                          
0000ae38  mapClocks                           
0000af60  systemInit                          
0000b02c  systemPowerDown                     
0000b05c  systemGetConfigValue                
0000b470  tcmflashGetConfigValue              
0000b61c  sramGetConfigValue                  
0000b824  canInit                             
0000b970  canTransmit                         
0000ba6c  canGetData                          
0000bbc4  canGetID                            
0000bc2c  canUpdateID                         
0000bca4  canSendRemoteFrame                  
0000bd44  canFillMessageObjectData            
0000be40  canIsTxMessagePending               
0000be9c  canIsRxMessageArrived               
0000bef8  canIsMessageBoxValid                
0000bf54  canGetLastError                     
0000bf78  canGetErrorLevel                    
0000bf9c  canEnableErrorNotification          
0000bfbc  canEnableStatusChangeNotification   
0000bfdc  canDisableStatusChangeNotification  
0000bffc  canDisableErrorNotification         
0000c01c  canEnableloopback                   
0000c054  canDisableloopback                  
0000c084  canIoSetDirection                   
0000c0d4  canIoSetPort                        
0000c124  canIoTxGetBit                       
0000c140  canIoRxGetBit                       
0000c15c  can1GetConfigValue                  
0000c328  adcInit                             
0000c484  adcStartConversion                  
0000c508  adcStopConversion                   
0000c530  adcResetFiFo                        
0000c558  adcGetData                          
0000c720  adcIsFifoFull                       
0000c750  adcIsConversionComplete             
0000c780  adcCalibration                      
0000c958  adcMidPointCalibration              
0000caf4  adcEnableNotification               
0000cb44  adcDisableNotification              
0000cb6c  adcSetEVTPin                        
0000cb8c  adcGetEVTPin                        
0000cba4  adc1GetConfigValue                  
0000ce14  vimInit                             
0000cee8  vimChannelMap                       
0000cf8c  vimEnableInterrupt                  
0000d154  vimDisableInterrupt                 
0000d200  vimGetConfigValue                   
0000d86c  hetInit                             
0000d92c  pwmStart                            
0000d960  pwmStop                             
0000d994  pwmSetDuty                          
0000dad0  pwmSetSignal                        
0000dc4c  pwmGetSignal                        
0000dd2c  pwmEnableNotification               
0000dd74  pwmDisableNotification              
0000dda4  edgeResetCounter                    
0000ddd0  edgeGetCounter                      
0000ddfc  edgeEnableNotification              
0000de38  edgeDisableNotification             
0000de78  capGetSignal                        
0000df50  hetResetTimestamp                   
0000df6c  hetGetTimestamp                     
0000df84  het1GetConfigValue                  
0000e15c  muxInit                             
0000e5f8  pinmuxGetConfigValue                
0000ea90  pvTaskIncrementMutexHeldCount       
0000eac4  ulTaskNotifyTake                    
0000ec14  xTaskNotifyWait                     
0000ed98  xTaskNotify                         
0000ef44  xTaskNotifyFromISR                  
0000f118  vTaskNotifyGiveFromISR              
0000f280  sciInit                             
0000f36c  sciSetFunctional                    
0000f38c  sciSetBaudrate                      
0000f428  sciIsTxReady                        
0000f444  sciSendByte                         
0000f474  sciSend                             
0000f5a8  sciIsRxReady                        
0000f5c4  sciIsIdleDetected                   
0000f5e0  sciRxError                          
0000f610  sciReceiveByte                      
0000f63c  sciReceive                          
0000f714  sciEnableLoopback                   
0000f748  sciDisableLoopback                  
0000f76c  sciEnableNotification               
0000f7d4  sciDisableNotification              
0000f83c  sciEnterResetState                  
0000f85c  sciExitResetState                   
0000f87c  scilinGetConfigValue                
0000fa38  main                                
0000fe88  fxInitHardware                      
0000ff20  canMessageNotification              
000100b8  MPU_xTaskGenericCreate              
0001012c  MPU_vTaskAllocateMPURegions         
00010160  MPU_vTaskDelete                     
0001018c  MPU_vTaskDelayUntil                 
000101c0  MPU_vTaskDelay                      
000101ec  MPU_uxTaskPriorityGet               
00010220  MPU_vTaskPrioritySet                
00010254  MPU_vTaskSuspend                    
00010280  MPU_vTaskResume                     
000102ac  MPU_vTaskSuspendAll                 
000102d0  MPU_xTaskResumeAll                  
000102fc  MPU_xTaskGetTickCount               
00010328  MPU_uxTaskGetNumberOfTasks          
00010354  MPU_uxTaskGetStackHighWaterMark     
00010388  MPU_xTaskGetSchedulerState          
000103b4  MPU_xQueueGenericCreate             
00010400  MPU_xQueueGenericSend               
00010454  MPU_uxQueueMessagesWaiting          
00010488  MPU_xQueueGenericReceive            
000104dc  MPU_xQueueCreateMutex               
00010510  MPU_xQueueCreateCountingSemaphore   
00010554  MPU_xQueueTakeMutexRecursive        
00010598  MPU_xQueueGiveMutexRecursive        
000105cc  MPU_vQueueDelete                    
000105f8  MPU_xQueueGenericReset              
0001063c  MPU_xQueuePeekFromISR               
00010680  MPU_pvPortMalloc                    
000106b4  MPU_vPortFree                       
000106e0  MPU_vPortInitialiseBlocks           
00010704  MPU_xPortGetFreeHeapSize            
00010730  fxStateMachine                      
00010a60  fxCheckAlarms                       
00010d88  esmInit                             
00010e90  esmError                            
00010eac  esmEnableError                      
00010ed8  esmDisableError                     
00010f04  esmTriggerErrorPinReset             
00010f14  esmActivateNormalOperation          
00010f24  esmEnableInterrupt                  
00010f50  esmDisableInterrupt                 
00010f7c  esmSetInterruptLevel                
00010ff8  esmClearStatus                      
0001103c  esmClearStatusBuffer                
00011058  esmSetCounterPreloadValue           
00011078  esmGetStatus                        
000110fc  esmGetStatusBuffer                  
00011134  esmEnterSelfTest                    
000111bc  esmSelfTestStatus                   
0001120c  esmGetConfigValue                   
00011360  fxInitInputs                        
000114b4  fxInitLinAnalogInputs               
00011550  fxSetScaling                        
000115a0  fxComputeAnalogInput                
00011608  fxReadAnalogInputs                  
00011890  fxReadDigitalInputs                 
00011934  gioInit                             
00011a04  gioSetDirection                     
00011a24  gioSetBit                           
00011a74  gioSetPort                          
00011a94  gioGetBit                           
00011abc  gioGetPort                          
00011ad4  gioToggleBit                        
00011b2c  gioEnableNotification               
00011b94  gioDisableNotification              
00011bfc  gioGetConfigValue                   
00011db8  _coreInitRegisters_                 
00011ec4  _coreInitStackPointer_              
00011f10  _getCPSRValue_                      
00011f18  _gotoCPUIdle_                       
00011f30  _coreEnableVfp_                     
00011f48  _coreEnableEventBusExport_          
00011f58  _coreDisableEventBusExport_         
00011f68  _coreEnableRamEcc_                  
00011f78  _coreDisableRamEcc_                 
00011f88  _coreEnableFlashEcc_                
00011f9c  _coreDisableFlashEcc_               
00011fac  _coreEnableIrqVicOffset_            
00011fbc  _coreGetDataFault_                  
00011fc4  _coreClearDataFault_                
00011fd0  _coreGetInstructionFault_           
00011fd8  _coreClearInstructionFault_         
00011fe4  _coreGetDataFaultAddress_           
00011fec  _coreClearDataFaultAddress_         
00011ff8  _coreGetInstructionFaultAddress_    
00012000  _coreClearInstructionFaultAddress_  
0001200c  _coreGetAuxiliaryDataFault_         
00012014  _coreClearAuxiliaryDataFault_       
00012020  _coreGetAuxiliaryInstructionFault_  
00012028  _coreClearAuxiliaryInstructionFault_
00012034  _disable_interrupt_                 
0001203c  _disable_FIQ_interrupt_             
00012044  _disable_IRQ_interrupt_             
0001204c  _enable_interrupt_                  
00012054  _esmCcmErrorsClear_                 
000120dc  _errata_CORTEXR4_57_                
000120ec  _errata_CORTEXR4_66_                
000120fc  __TI_PINIT_Base                     
00012100  __TI_PINIT_Limit                    
00012104  vimParityErrorHandler               
00012654  _c_int00                            
000128d0  vListInitialise                     
00012928  vListInitialiseItem                 
00012944  vListInsertEnd                      
000129b8  vListInsert                         
00012a7c  uxListRemove                        
00012cbc  can1HighLevelInterrupt              
00012da4  can1LowLevelInterrupt               
00012e58  descale                             
00012eb0  descaledF32ToU8                     
00012f0c  descaledF32ToU16                    
00012f84  esmGroup1Notification               
00012f94  esmGroup2Notification               
00012fa4  memoryPort0TestFailNotification     
00012fc0  memoryPort1TestFailNotification     
00012fdc  adcNotification                     
00012ff0  canErrorNotification                
00013004  canStatusChangeNotification         
0001302c  gioNotification                     
00013040  sciNotification                     
00013054  pwmNotification                     
0001306c  edgeNotification                    
00013080  hetNotification                     
00013094  dmaGroupANotification               
000130a8  esmHighInterrupt                    
000131bc  _dabort                             
000132a5  floor                               
000132a5  floorl                              
00013384  _pmuInit_                           
000133d0  _pmuEnableCountersGlobal_           
000133e0  _pmuDisableCountersGlobal_          
000133f0  _pmuResetCycleCounter_              
00013400  _pmuResetEventCounters_             
00013410  _pmuResetCounters_                  
00013420  _pmuStartCounters_                  
00013428  _pmuStopCounters_                   
00013430  _pmuSetCountEvent_                  
0001343c  _pmuGetCycleCount_                  
00013444  _pmuGetEventCount_                  
00013450  _pmuGetOverflow_                    
00013465  __aeabi_memcpy                      
00013465  __aeabi_memcpy4                     
00013465  __aeabi_memcpy8                     
00013465  memcpy                              
00013501  __aeabi_memclr                      
00013501  __aeabi_memclr4                     
00013501  __aeabi_memclr8                     
00013503  __aeabi_memset                      
00013503  __aeabi_memset4                     
00013503  __aeabi_memset8                     
00013509  memset                              
0001357b  __aeabi_idiv0                       
0001357d  __TI_auto_init                      
000135ed  __TI_decompress_lzss                
00013658  __aeabi_idiv                        
00013658  __aeabi_idivmod                     
000136ad  C$$EXIT                             
000136b1  abort                               
000136b9  exit                                
000136fc  __aeabi_uidiv                       
000136fc  __aeabi_uidivmod                    
0001374d  copy_in                             
00013799  _register_unlock                    
0001379f  _register_lock                      
000137a7  _nop                                
000137ad  __TI_decompress_none                
000137bb  __TI_zero_init                      
000137c7  _system_post_cinit                  
000137c8  phantomInterrupt                    
080008d0  pxCurrentTCB                        
08000938  ulCriticalNesting                   
0800093c  ulTaskHasFPUContext                 
08003000  adc_data                            
08003030  __TI_cleanup_ptr                    
08003034  __TI_dtors_ptr                      
08003038  __TI_enable_exit_profile_output     
0800303c  tx_done                             
08003040  rx_ptr                              
08003044  cnt                                 
08003048  _lock                               
0800304c  _unlock                             
08003050  rx_data                             
08003058  state                               
0800308c  VCUDataQueue                        
08003090  binary_sem                          
08003094  xTask1Handle                        
08003098  xTask2Handle                        
0800309c  adc_max_delay_iterations            
ffffffff  __TI_pprof_out_hndl                 
ffffffff  __TI_prof_data_size                 
ffffffff  __TI_prof_data_start                
ffffffff  __binit__                           
ffffffff  __c_args__                          
ffffffff  binit                               
UNDEFED   SHT$$INIT_ARRAY$$Base               
UNDEFED   SHT$$INIT_ARRAY$$Limit              

[428 symbols]
