******************************************************************************
                  TI ARM Linker PC v16.9.1                     
******************************************************************************
>> Linked Sun Jun 17 23:30:46 2018

OUTPUT FILE NAME:   <FreeRTOS_1.out>
ENTRY POINT SYMBOL: "_c_int00"  address: 000119a8


MEMORY CONFIGURATION

         name            origin    length      used     unused   attr    fill
----------------------  --------  ---------  --------  --------  ----  --------
  VECTORS               00000000   00000020  00000020  00000000     X
  KERNEL                00000020   00008000  00004ad0  00003530  R  X
  FLASH0                00008020   00137fe0  0000b334  0012ccac  R  X
  STACKS                08000000   00000800  00000000  00000800  RW  
  KRAM                  08000800   00000800  00000140  000006c0  RW  
  RAM                   08001000   0002f000  0000209b  0002cf65  RW  


SEGMENT ALLOCATION MAP

run origin  load origin   length   init length attrs members
----------  ----------- ---------- ----------- ----- -------
00000000    00000000    00004af0   00004af0    r-x
  00000000    00000000    00000020   00000020    r-x .intvecs
  00000020    00000020    00004a68   00004a68    r-x .kernelTEXT
  00004a88    00004a88    00000068   00000068    r-- .cinit
00008020    00008020    0000b334   0000b334    r-x
  00008020    00008020    0000ad20   0000ad20    r-x .text
  00012d40    00012d40    00000614   00000614    r-- .const
08000800    08000800    00000140   00000000    rw-
  08000800    08000800    00000140   00000000    rw- .kernelBSS
08001000    08001000    0000209c   00000000    rw-
  08001000    08001000    00002000   00000000    rw- .kernelHEAP
  08003000    08003000    0000005b   00000000    rw- .bss
  0800305c    0800305c    00000040   00000000    rw- .data


SECTION ALLOCATION MAP

 output                                  attributes/
section   page    origin      length       input sections
--------  ----  ----------  ----------   ----------------
.intvecs   0    00000000    00000020     
                  00000000    00000020     sys_intvecs.obj (.intvecs)

.kernelTEXT 
*          0    00000020    00004a68     
                  00000020    0000206c     os_tasks.obj (.kernelTEXT)
                  0000208c    000014ac     os_queue.obj (.kernelTEXT)
                  00003538    0000091c     os_timer.obj (.kernelTEXT)
                  00003e54    000004b0     os_portasm.obj (.kernelTEXT)
                  00004304    000003e0     os_port.obj (.kernelTEXT)
                  000046e4    000003a4     os_heap.obj (.kernelTEXT)

.cinit     0    00004a88    00000068     
                  00004a88    00000018     (.cinit..data.load) [load image, compression = lzss]
                  00004aa0    00000014     (.cinit..kernelBSS.load) [load image, compression = lzss]
                  00004ab4    0000000c     (__TI_handler_table)
                  00004ac0    00000008     (.cinit..bss.load) [load image, compression = zero_init]
                  00004ac8    00000008     (.cinit..kernelHEAP.load) [load image, compression = zero_init]
                  00004ad0    00000020     (__TI_cinit_table)

.text      0    00008020    0000ad20     
                  00008020    00002cdc     sys_selftest.obj (.text)
                  0000acfc    00000b28     system.obj (.text)
                  0000b824    00000b04     can.obj (.text)
                  0000c328    00000aec     adc.obj (.text)
                  0000ce14    00000a58     sys_vim.obj (.text)
                  0000d86c    000008f0     het.obj (.text)
                  0000e15c    000008ac     pinmux.obj (.text)
                  0000ea08    00000878     os_tasks.obj (.text)
                  0000f280    000007b8     sci.obj (.text)
                  0000fa38    00000678     os_mpu_wrappers.obj (.text)
                  000100b0    00000600     sys_main.obj (.text)
                  000106b0    000005d8     esm.obj (.text)
                  00010c88    00000484     gio.obj (.text)
                  0001110c    0000034c     sys_core.obj (.text)
                  00011458    000002cc     sys_vim.obj (.text:retain)
                  00011724    00000284     os_heap.obj (.text)
                  000119a8    0000027c     sys_startup.obj (.text:retain)
                  00011c24    00000238     os_list.obj (.text)
                  00011e5c    0000020c     inputOutput.obj (.text)
                  00012068    000001b4     os_port.obj (.text)
                  0001221c    0000019c     can.obj (.text:retain)
                  000123b8    00000140     utilities.obj (.text)
                  000124f8    00000124     notification.obj (.text)
                  0001261c    00000114     esm.obj (.text:retain)
                  00012730    000000e8     dabort.obj (.text)
                  00012818    000000e0     rtsv7R4_T_be_v3D16_eabi.lib : s_floor.obj (.text)
                  000128f8    000000e0     sys_pmu.obj (.text)
                  000129d8    0000009c     rtsv7R4_T_be_v3D16_eabi.lib : memcpy_t2.obj (.text)
                  00012a74    0000007a                                 : memset_t2.obj (.text)
                  00012aee    00000002                                 : i_div0.obj (.text)
                  00012af0    00000070                                 : autoinit.obj (.text)
                  00012b60    0000006c                                 : copy_decompress_lzss.obj (.text:decompress:lzss)
                  00012bcc    00000054                                 : i_div32.obj (.text)
                  00012c20    00000050                                 : exit.obj (.text)
                  00012c70    00000050                                 : u_div32.obj (.text)
                  00012cc0    0000004c                                 : cpy_tbl.obj (.text)
                  00012d0c    00000014                                 : _lock.obj (.text)
                  00012d20    0000000e                                 : copy_decompress_none.obj (.text:decompress:none)
                  00012d2e    0000000c                                 : copy_zero_init.obj (.text:decompress:ZI)
                  00012d3a    00000002                                 : startup.obj (.text)
                  00012d3c    00000004     sys_phantom.obj (.text:retain)

.const     0    00012d40    00000614     
                  00012d40    000003a0     het.obj (.const:het1PROGRAM)
                  000130e0    00000200     sys_vim.obj (.const:s_vim_init)
                  000132e0    00000020     can.obj (.const:s_canByteOrder)
                  00013300    00000020     het.obj (.const:s_het1pwmPolarity)
                  00013320    00000018     adc.obj (.const:s_adcFiFoSize)
                  00013338    00000018     adc.obj (.const:s_adcSelect)
                  00013350    00000004     os_heap.obj (.const)

.kernelBSS 
*          0    08000800    00000140     UNINITIALIZED
                  08000800    000000d0     os_tasks.obj (.kernelBSS:uninit)
                  080008d0    00000030     os_tasks.obj (.kernelBSS:init)
                  08000900    00000030     os_timer.obj (.kernelBSS:uninit)
                  08000930    00000008     os_timer.obj (.kernelBSS:init)
                  08000938    00000008     os_port.obj (.kernelBSS)

.kernelHEAP 
*          0    08001000    00002000     UNINITIALIZED
                  08001000    00002000     os_heap.obj (.kernelHEAP)

.bss       0    08003000    0000005b     UNINITIALIZED
                  08003000    00000028     sci.obj (.bss:g_sciTransfer_t)
                  08003028    00000018     (.common:inputThrottle)
                  08003040    00000008     os_heap.obj (.bss:xStart)
                  08003048    00000004     (.common:analogInputsQueue)
                  0800304c    00000004     (.common:binary_sem)
                  08003050    00000004     (.common:xTask1Handle)
                  08003054    00000004     (.common:xTask2Handle)
                  08003058    00000002     (.common:F32ToU16)
                  0800305a    00000001     (.common:adc_max_delay_iterations)

.data      0    0800305c    00000040     UNINITIALIZED
                  0800305c    00000010     os_heap.obj (.data)
                  0800306c    0000000c     rtsv7R4_T_be_v3D16_eabi.lib : exit.obj (.data:$O1$$)
                  08003078    0000000c     sys_main.obj (.data)
                  08003084    00000008     rtsv7R4_T_be_v3D16_eabi.lib : _lock.obj (.data:$O1$$)
                  0800308c    00000008     inputOutput.obj (.data:adc_data)
                  08003094    00000008     sys_main.obj (.data:rx_data)

MODULE SUMMARY

       Module                     code    ro data   rw data
       ------                     ----    -------   -------
    .\source\
       sys_selftest.obj           11484   0         0      
       os_tasks.obj               10468   0         256    
       os_heap.obj                1576    4         8216   
       os_queue.obj               5292    0         0      
       sys_vim.obj                3364    512       0      
       can.obj                    3232    32        0      
       het.obj                    2288    960       0      
       system.obj                 2856    0         0      
       adc.obj                    2796    48        0      
       os_timer.obj               2332    0         56     
       pinmux.obj                 2220    0         0      
       sci.obj                    1976    0         40     
       esm.obj                    1772    0         0      
       os_mpu_wrappers.obj        1656    0         0      
       sys_main.obj               1536    0         36     
       os_port.obj                1428    0         8      
       os_portasm.obj             1200    0         0      
       gio.obj                    1156    0         0      
       sys_core.obj               844     0         0      
       sys_startup.obj            636     0         0      
       os_list.obj                568     0         0      
       inputOutput.obj            524     0         33     
       utilities.obj              320     0         2      
       notification.obj           292     0         0      
       dabort.obj                 232     0         0      
       sys_pmu.obj                224     0         0      
       sys_intvecs.obj            32      0         0      
       sys_phantom.obj            4       0         0      
    +--+--------------------------+-------+---------+---------+
       Total:                     62308   1556      8647   
                                                           
    C:/ti/ccsv7/tools/compiler/ti-cgt-arm_16.9.1.LTS/lib/rtsv7R4_T_be_v3D16_eabi.lib
       s_floor.obj                224     0         0      
       memcpy_t2.obj              156     0         0      
       memset_t2.obj              122     0         0      
       autoinit.obj               112     0         0      
       copy_decompress_lzss.obj   108     0         0      
       exit.obj                   80      0         12     
       i_div32.obj                84      0         0      
       u_div32.obj                80      0         0      
       cpy_tbl.obj                76      0         0      
       _lock.obj                  20      0         8      
       copy_decompress_none.obj   14      0         0      
       copy_zero_init.obj         12      0         0      
       i_div0.obj                 2       0         0      
       startup.obj                2       0         0      
    +--+--------------------------+-------+---------+---------+
       Total:                     1092    0         20     
                                                           
       Linker Generated:          0       104       0      
    +--+--------------------------+-------+---------+---------+
       Grand Total:               63400   1660      8667   


LINKER GENERATED COPY TABLES

__TI_cinit_table @ 00004ad0 records: 4, size/record: 8, table size: 32
	.data: load addr=00004a88, load size=00000018 bytes, run addr=0800305c, run size=00000040 bytes, compression=lzss
	.kernelBSS: load addr=00004aa0, load size=00000014 bytes, run addr=08000800, run size=00000140 bytes, compression=lzss
	.bss: load addr=00004ac0, load size=00000008 bytes, run addr=08003000, run size=0000005b bytes, compression=zero_init
	.kernelHEAP: load addr=00004ac8, load size=00000008 bytes, run addr=08001000, run size=00002000 bytes, compression=zero_init


LINKER GENERATED HANDLER TABLE

__TI_handler_table @ 00004ab4 records: 3, size/record: 4, table size: 12
	index: 0, handler: __TI_decompress_lzss
	index: 1, handler: __TI_decompress_none
	index: 2, handler: __TI_zero_init


GLOBAL SYMBOLS: SORTED ALPHABETICALLY BY Name 

address   name                                
-------   ----                                
00012c21  C$$EXIT                             
08003058  F32ToU16                            
00010000  MPU_pvPortMalloc                    
0000fdd4  MPU_uxQueueMessagesWaiting          
0000fca8  MPU_uxTaskGetNumberOfTasks          
0000fcd4  MPU_uxTaskGetStackHighWaterMark     
0000fb6c  MPU_uxTaskPriorityGet               
00010034  MPU_vPortFree                       
00010060  MPU_vPortInitialiseBlocks           
0000ff4c  MPU_vQueueDelete                    
0000faac  MPU_vTaskAllocateMPURegions         
0000fb40  MPU_vTaskDelay                      
0000fb0c  MPU_vTaskDelayUntil                 
0000fae0  MPU_vTaskDelete                     
0000fba0  MPU_vTaskPrioritySet                
0000fc00  MPU_vTaskResume                     
0000fbd4  MPU_vTaskSuspend                    
0000fc2c  MPU_vTaskSuspendAll                 
00010084  MPU_xPortGetFreeHeapSize            
0000fe90  MPU_xQueueCreateCountingSemaphore   
0000fe5c  MPU_xQueueCreateMutex               
0000fd34  MPU_xQueueGenericCreate             
0000fe08  MPU_xQueueGenericReceive            
0000ff78  MPU_xQueueGenericReset              
0000fd80  MPU_xQueueGenericSend               
0000ff18  MPU_xQueueGiveMutexRecursive        
0000ffbc  MPU_xQueuePeekFromISR               
0000fed4  MPU_xQueueTakeMutexRecursive        
0000fa38  MPU_xTaskGenericCreate              
0000fd08  MPU_xTaskGetSchedulerState          
0000fc7c  MPU_xTaskGetTickCount               
0000fc50  MPU_xTaskResumeAll                  
UNDEFED   SHT$$INIT_ARRAY$$Base               
UNDEFED   SHT$$INIT_ARRAY$$Limit              
00004ad0  __TI_CINIT_Base                     
00004af0  __TI_CINIT_Limit                    
00004ab4  __TI_Handler_Table_Base             
00004ac0  __TI_Handler_Table_Limit            
00011450  __TI_PINIT_Base                     
00011454  __TI_PINIT_Limit                    
00012af1  __TI_auto_init                      
0800306c  __TI_cleanup_ptr                    
00012b61  __TI_decompress_lzss                
00012d21  __TI_decompress_none                
08003070  __TI_dtors_ptr                      
08003074  __TI_enable_exit_profile_output     
ffffffff  __TI_pprof_out_hndl                 
ffffffff  __TI_prof_data_size                 
ffffffff  __TI_prof_data_start                
00000000  __TI_static_base__                  
00012d2f  __TI_zero_init                      
00012bcc  __aeabi_idiv                        
00012aef  __aeabi_idiv0                       
00012bcc  __aeabi_idivmod                     
00012a75  __aeabi_memclr                      
00012a75  __aeabi_memclr4                     
00012a75  __aeabi_memclr8                     
000129d9  __aeabi_memcpy                      
000129d9  __aeabi_memcpy4                     
000129d9  __aeabi_memcpy8                     
00012a77  __aeabi_memset                      
00012a77  __aeabi_memset4                     
00012a77  __aeabi_memset8                     
00012c70  __aeabi_uidiv                       
00012c70  __aeabi_uidivmod                    
ffffffff  __binit__                           
ffffffff  __c_args__                          
000119a8  _c_int00                            
00011368  _coreClearAuxiliaryDataFault_       
0001137c  _coreClearAuxiliaryInstructionFault_
00011340  _coreClearDataFaultAddress_         
00011318  _coreClearDataFault_                
00011354  _coreClearInstructionFaultAddress_  
0001132c  _coreClearInstructionFault_         
000112ac  _coreDisableEventBusExport_         
000112f0  _coreDisableFlashEcc_               
000112cc  _coreDisableRamEcc_                 
0001129c  _coreEnableEventBusExport_          
000112dc  _coreEnableFlashEcc_                
00011300  _coreEnableIrqVicOffset_            
000112bc  _coreEnableRamEcc_                  
00011284  _coreEnableVfp_                     
00011360  _coreGetAuxiliaryDataFault_         
00011374  _coreGetAuxiliaryInstructionFault_  
00011338  _coreGetDataFaultAddress_           
00011310  _coreGetDataFault_                  
0001134c  _coreGetInstructionFaultAddress_    
00011324  _coreGetInstructionFault_           
0001110c  _coreInitRegisters_                 
00011218  _coreInitStackPointer_              
00012730  _dabort                             
00011390  _disable_FIQ_interrupt_             
00011398  _disable_IRQ_interrupt_             
00011388  _disable_interrupt_                 
000113a0  _enable_interrupt_                  
00011430  _errata_CORTEXR4_57_                
00011440  _errata_CORTEXR4_66_                
000113a8  _esmCcmErrorsClear_                 
00011264  _getCPSRValue_                      
0001126c  _gotoCPUIdle_                       
08003084  _lock                               
00012d1b  _nop                                
00012954  _pmuDisableCountersGlobal_          
00012944  _pmuEnableCountersGlobal_           
000129b0  _pmuGetCycleCount_                  
000129b8  _pmuGetEventCount_                  
000129c4  _pmuGetOverflow_                    
000128f8  _pmuInit_                           
00012984  _pmuResetCounters_                  
00012964  _pmuResetCycleCounter_              
00012974  _pmuResetEventCounters_             
000129a4  _pmuSetCountEvent_                  
00012994  _pmuStartCounters_                  
0001299c  _pmuStopCounters_                   
00012d13  _register_lock                      
00012d0d  _register_unlock                    
00012d3b  _system_post_cinit                  
08003088  _unlock                             
00012c25  abort                               
0000cba4  adc1GetConfigValue                  
0000926c  adc1ParityCheck                     
00009358  adc2ParityCheck                     
0000c780  adcCalibration                      
0000cb44  adcDisableNotification              
0000caf4  adcEnableNotification               
0000c558  adcGetData                          
0000cb8c  adcGetEVTPin                        
0000c328  adcInit                             
0000c750  adcIsConversionComplete             
0000c720  adcIsFifoFull                       
0000c958  adcMidPointCalibration              
00012550  adcNotification                     
0000c530  adcResetFiFo                        
0000cb6c  adcSetEVTPin                        
0000c484  adcStartConversion                  
0000c508  adcStopConversion                   
0800308c  adc_data                            
0800305a  adc_max_delay_iterations            
08003048  analogInputsQueue                   
0800304c  binary_sem                          
ffffffff  binit                               
0000c15c  can1GetConfigValue                  
0001221c  can1HighLevelInterrupt              
00012304  can1LowLevelInterrupt               
00009410  can1ParityCheck                     
000094e8  can2ParityCheck                     
000095b0  can3ParityCheck                     
0000bffc  canDisableErrorNotification         
0000bfdc  canDisableStatusChangeNotification  
0000c054  canDisableloopback                  
0000bf9c  canEnableErrorNotification          
0000bfbc  canEnableStatusChangeNotification   
0000c01c  canEnableloopback                   
00012564  canErrorNotification                
0000bd44  canFillMessageObjectData            
0000ba6c  canGetData                          
0000bf78  canGetErrorLevel                    
0000bbc4  canGetID                            
0000bf54  canGetLastError                     
0000b824  canInit                             
0000c140  canIoRxGetBit                       
0000c084  canIoSetDirection                   
0000c0d4  canIoSetPort                        
0000c124  canIoTxGetBit                       
0000bef8  canIsMessageBoxValid                
0000be9c  canIsRxMessageArrived               
0000be40  canIsTxMessagePending               
00010524  canMessageNotification              
0000bca4  canSendRemoteFrame                  
00012578  canStatusChangeNotification         
0000b970  canTransmit                         
0000bc2c  canUpdateID                         
0000de78  capGetSignal                        
00008030  ccmSelfCheck                        
0000a6fc  ccmr4GetConfigValue                 
00008938  checkB0RAMECC                       
00008b28  checkB1RAMECC                       
00009c18  checkClockMonitor                   
00008d18  checkFlashECC                       
00009cf4  checkFlashEEPROMECC                 
00009e8c  checkPLL1Slip                       
00009f8c  checkPLL2Slip                       
0000a050  checkRAMAddrParity                  
000099d0  checkRAMECC                         
0000a15c  checkRAMUERRTest                    
000087bc  checkefcSelfTest                    
08003080  cnt                                 
00011edc  computeAnalogInput                  
00012cc1  copy_in                             
00008234  cpuSelfTest                         
00008dfc  cpuSelfTestFail                     
00008df4  custom_dabort                       
000123b8  descale                             
0001246c  descaledF32ToU16                    
00012410  descaledF32ToU8                     
0000ab58  disableParity                       
00012608  dmaGroupANotification               
00008eac  dmaParityCheck                      
0000de38  edgeDisableNotification             
0000ddfc  edgeEnableNotification              
0000ddd0  edgeGetCounter                      
000125e0  edgeNotification                    
0000dda4  edgeResetCounter                    
00008660  efcCheck                            
0000a660  efcGetConfigValue                   
00008794  efcSelfTest                         
000086e8  efcStuckZeroTest                    
0000aad0  enableParity                        
0000a76c  errata_PBIST_4                      
0001083c  esmActivateNormalOperation          
00010920  esmClearStatus                      
00010964  esmClearStatusBuffer                
00010800  esmDisableError                     
00010878  esmDisableInterrupt                 
000107d4  esmEnableError                      
0001084c  esmEnableInterrupt                  
00010a5c  esmEnterSelfTest                    
000107b8  esmError                            
00010b34  esmGetConfigValue                   
000109a0  esmGetStatus                        
00010a24  esmGetStatusBuffer                  
000124f8  esmGroup1Notification               
00012508  esmGroup2Notification               
0001261c  esmHighInterrupt                    
000106b0  esmInit                             
00010ae4  esmSelfTestStatus                   
00010980  esmSetCounterPreloadValue           
000108a4  esmSetInterruptLevel                
0001082c  esmTriggerErrorPinReset             
00012c2d  exit                                
00012819  floor                               
00012819  floorl                              
0000a2c4  fmcBus1ParityCheck                  
0000885c  fmcBus2Check                        
00008898  fmcECCcheck                         
00011f40  fxReadAnalogInputs                  
00010ee8  gioDisableNotification              
00010e80  gioEnableNotification               
00010de8  gioGetBit                           
00010f50  gioGetConfigValue                   
00010e10  gioGetPort                          
00010c88  gioInit                             
000125a0  gioNotification                     
00010d78  gioSetBit                           
00010d58  gioSetDirection                     
00010dc8  gioSetPort                          
00010e28  gioToggleBit                        
0000df84  het1GetConfigValue                  
00008f58  het1ParityCheck                     
000090c0  het2ParityCheck                     
0000df6c  hetGetTimestamp                     
0000d86c  hetInit                             
000125f4  hetNotification                     
0000df50  hetResetTimestamp                   
00009004  htu1ParityCheck                     
000091bc  htu2ParityCheck                     
00011e5c  initLinAnalogInputs                 
08003028  inputThrottle                       
000100b0  main                                
0000ae38  mapClocks                           
000129d9  memcpy                              
00008174  memoryInit                          
00012518  memoryPort0TestFailNotification     
00012534  memoryPort1TestFailNotification     
00012a7d  memset                              
00009684  mibspi1ParityCheck                  
0000978c  mibspi3ParityCheck                  
000098b0  mibspi5ParityCheck                  
0000e15c  muxInit                             
0000a3ec  pbistFail                           
0000a470  pbistGetConfigValue                 
000085a8  pbistIsTestCompleted                
000085d4  pbistIsTestPassed                   
00008608  pbistPortTestStatus                 
000084ac  pbistRun                            
000082cc  pbistSelfCheck                      
00008578  pbistStop                           
0000ade4  periphInit                          
00012d3c  phantomInterrupt                    
0000e5f8  pinmuxGetConfigValue                
000042dc  prvMpuDisable                       
000042c4  prvMpuEnable                        
000042ac  prvMpuSetRegion                     
000046e4  pvPortMalloc                        
0000ea90  pvTaskIncrementMutexHeldCount       
00003e18  pvTimerGetTimerID                   
0000dd74  pwmDisableNotification              
0000dd2c  pwmEnableNotification               
0000dc4c  pwmGetSignal                        
000125c8  pwmNotification                     
0000d994  pwmSetDuty                          
0000dad0  pwmSetSignal                        
0000d92c  pwmStart                            
0000d960  pwmStop                             
080008d0  pxCurrentTCB                        
00004304  pxPortInitialiseStack               
00000000  resetEntry                          
08003094  rx_data                             
0800307c  rx_ptr                              
0000f748  sciDisableLoopback                  
0000f7d4  sciDisableNotification              
0000f714  sciEnableLoopback                   
0000f76c  sciEnableNotification               
0000f83c  sciEnterResetState                  
0000f85c  sciExitResetState                   
0000f280  sciInit                             
0000f5c4  sciIsIdleDetected                   
0000f5a8  sciIsRxReady                        
0000f428  sciIsTxReady                        
000125b4  sciNotification                     
0000f63c  sciReceive                          
0000f610  sciReceiveByte                      
0000f5e0  sciRxError                          
0000f474  sciSend                             
0000f444  sciSendByte                         
0000f38c  sciSetBaudrate                      
0000f36c  sciSetFunctional                    
0000f87c  scilinGetConfigValue                
00008020  selftestFailNotification            
00011e8c  setScaling                          
0000ada4  setupFlash                          
0000acfc  setupPLL                            
0000b61c  sramGetConfigValue                  
0000a5bc  stcGetConfigValue                   
000081b8  stcSelfCheck                        
00008df8  stcSelfCheckFail                    
0000b05c  systemGetConfigValue                
0000af60  systemInit                          
0000b02c  systemPowerDown                     
0000b470  tcmflashGetConfigValue              
0000ad5c  trimLPO                             
08003078  tx_done                             
08000938  ulCriticalNesting                   
000041d4  ulPortCountLeadingZeros             
0800093c  ulTaskHasFPUContext                 
0000eac4  ulTaskNotifyTake                    
00011dd0  uxListRemove                        
00002fdc  uxQueueMessagesWaiting              
00003060  uxQueueMessagesWaitingFromISR       
00003014  uxQueueSpacesAvailable              
00000f98  uxTaskGetNumberOfTasks              
00001c98  uxTaskGetStackHighWaterMark         
00000660  uxTaskPriorityGet                   
000006a4  uxTaskPriorityGetFromISR            
0000203c  uxTaskResetEventItemValue           
00011c24  vListInitialise                     
00011c7c  vListInitialiseItem                 
00011d0c  vListInsert                         
00011c98  vListInsertEnd                      
000046b0  vPortEndScheduler                   
00004954  vPortFree                           
00004a6c  vPortInitialiseBlocks               
000041c8  vPortInitialiseFPSCR                
000040c8  vPortPreemptiveTick                 
000041dc  vPortSWI                            
00003e58  vPortStartFirstTask                 
00004418  vPortStoreTaskMPUSettings           
00003fd4  vPortYeildWithinAPI                 
00003ee8  vPortYieldProcessor                 
00003090  vQueueDelete                        
000034b8  vQueueWaitForMessageRestricted      
00001994  vTaskAllocateMPURegions             
00000594  vTaskDelay                          
000003fc  vTaskDelayUntil                     
000002bc  vTaskDelete                         
00000d88  vTaskEndScheduler                   
00001848  vTaskMissedYield                    
0000f118  vTaskNotifyGiveFromISR              
000012d4  vTaskPlaceOnEventList               
00001484  vTaskPlaceOnEventListRestricted     
0000138c  vTaskPlaceOnUnorderedEventList      
00001d94  vTaskPriorityInherit                
000006ec  vTaskPrioritySet                    
00000b14  vTaskResume                         
00001700  vTaskSetTimeOutState                
00000ce0  vTaskStartScheduler                 
00000908  vTaskSuspend                        
00000da4  vTaskSuspendAll                     
000011ec  vTaskSwitchContext                  
0000cee8  vimChannelMap                       
0000d154  vimDisableInterrupt                 
0000cf8c  vimEnableInterrupt                  
0000d200  vimGetConfigValue                   
0000ce14  vimInit                             
00008e00  vimParityCheck                      
00011458  vimParityErrorHandler               
00004a54  xPortGetFreeHeapSize                
00004a60  xPortGetMinimumEverFreeHeapSize     
0000468c  xPortStartScheduler                 
000024b4  xQueueCreateCountingSemaphore       
000022bc  xQueueCreateMutex                   
000021b4  xQueueGenericCreate                 
00002ab0  xQueueGenericReceive                
0000208c  xQueueGenericReset                  
00002554  xQueueGenericSend                   
00002814  xQueueGenericSendFromISR            
0000299c  xQueueGiveFromISR                   
00002390  xQueueGiveMutexRecursive            
000033dc  xQueueIsQueueEmptyFromISR           
00003468  xQueueIsQueueFullFromISR            
00002ee8  xQueuePeekFromISR                   
00002db0  xQueueReceiveFromISR                
00002418  xQueueTakeMutexRecursive            
08003050  xTask1Handle                        
08003054  xTask2Handle                        
00001740  xTaskCheckForTimeOut                
00000020  xTaskGenericCreate                  
00001d1c  xTaskGetCurrentTaskHandle           
00001d38  xTaskGetSchedulerState              
00000f58  xTaskGetTickCount                   
00000f74  xTaskGetTickCountFromISR            
00000fb8  xTaskIncrementTick                  
0000ed98  xTaskNotify                         
0000ef44  xTaskNotifyFromISR                  
0000ec14  xTaskNotifyWait                     
00001ef4  xTaskPriorityDisinherit             
00001510  xTaskRemoveFromEventList            
000015fc  xTaskRemoveFromUnorderedEventList   
00000db8  xTaskResumeAll                      
00000bf8  xTaskResumeFromISR                  
000035b4  xTimerCreate                        
00003538  xTimerCreateTimerTask               
00003678  xTimerGenericCommand                
00003dbc  xTimerIsTimerActive                 


GLOBAL SYMBOLS: SORTED BY Symbol Address 

address   name                                
-------   ----                                
00000000  __TI_static_base__                  
00000000  resetEntry                          
00000020  xTaskGenericCreate                  
000002bc  vTaskDelete                         
000003fc  vTaskDelayUntil                     
00000594  vTaskDelay                          
00000660  uxTaskPriorityGet                   
000006a4  uxTaskPriorityGetFromISR            
000006ec  vTaskPrioritySet                    
00000908  vTaskSuspend                        
00000b14  vTaskResume                         
00000bf8  xTaskResumeFromISR                  
00000ce0  vTaskStartScheduler                 
00000d88  vTaskEndScheduler                   
00000da4  vTaskSuspendAll                     
00000db8  xTaskResumeAll                      
00000f58  xTaskGetTickCount                   
00000f74  xTaskGetTickCountFromISR            
00000f98  uxTaskGetNumberOfTasks              
00000fb8  xTaskIncrementTick                  
000011ec  vTaskSwitchContext                  
000012d4  vTaskPlaceOnEventList               
0000138c  vTaskPlaceOnUnorderedEventList      
00001484  vTaskPlaceOnEventListRestricted     
00001510  xTaskRemoveFromEventList            
000015fc  xTaskRemoveFromUnorderedEventList   
00001700  vTaskSetTimeOutState                
00001740  xTaskCheckForTimeOut                
00001848  vTaskMissedYield                    
00001994  vTaskAllocateMPURegions             
00001c98  uxTaskGetStackHighWaterMark         
00001d1c  xTaskGetCurrentTaskHandle           
00001d38  xTaskGetSchedulerState              
00001d94  vTaskPriorityInherit                
00001ef4  xTaskPriorityDisinherit             
0000203c  uxTaskResetEventItemValue           
0000208c  xQueueGenericReset                  
000021b4  xQueueGenericCreate                 
000022bc  xQueueCreateMutex                   
00002390  xQueueGiveMutexRecursive            
00002418  xQueueTakeMutexRecursive            
000024b4  xQueueCreateCountingSemaphore       
00002554  xQueueGenericSend                   
00002814  xQueueGenericSendFromISR            
0000299c  xQueueGiveFromISR                   
00002ab0  xQueueGenericReceive                
00002db0  xQueueReceiveFromISR                
00002ee8  xQueuePeekFromISR                   
00002fdc  uxQueueMessagesWaiting              
00003014  uxQueueSpacesAvailable              
00003060  uxQueueMessagesWaitingFromISR       
00003090  vQueueDelete                        
000033dc  xQueueIsQueueEmptyFromISR           
00003468  xQueueIsQueueFullFromISR            
000034b8  vQueueWaitForMessageRestricted      
00003538  xTimerCreateTimerTask               
000035b4  xTimerCreate                        
00003678  xTimerGenericCommand                
00003dbc  xTimerIsTimerActive                 
00003e18  pvTimerGetTimerID                   
00003e58  vPortStartFirstTask                 
00003ee8  vPortYieldProcessor                 
00003fd4  vPortYeildWithinAPI                 
000040c8  vPortPreemptiveTick                 
000041c8  vPortInitialiseFPSCR                
000041d4  ulPortCountLeadingZeros             
000041dc  vPortSWI                            
000042ac  prvMpuSetRegion                     
000042c4  prvMpuEnable                        
000042dc  prvMpuDisable                       
00004304  pxPortInitialiseStack               
00004418  vPortStoreTaskMPUSettings           
0000468c  xPortStartScheduler                 
000046b0  vPortEndScheduler                   
000046e4  pvPortMalloc                        
00004954  vPortFree                           
00004a54  xPortGetFreeHeapSize                
00004a60  xPortGetMinimumEverFreeHeapSize     
00004a6c  vPortInitialiseBlocks               
00004ab4  __TI_Handler_Table_Base             
00004ac0  __TI_Handler_Table_Limit            
00004ad0  __TI_CINIT_Base                     
00004af0  __TI_CINIT_Limit                    
00008020  selftestFailNotification            
00008030  ccmSelfCheck                        
00008174  memoryInit                          
000081b8  stcSelfCheck                        
00008234  cpuSelfTest                         
000082cc  pbistSelfCheck                      
000084ac  pbistRun                            
00008578  pbistStop                           
000085a8  pbistIsTestCompleted                
000085d4  pbistIsTestPassed                   
00008608  pbistPortTestStatus                 
00008660  efcCheck                            
000086e8  efcStuckZeroTest                    
00008794  efcSelfTest                         
000087bc  checkefcSelfTest                    
0000885c  fmcBus2Check                        
00008898  fmcECCcheck                         
00008938  checkB0RAMECC                       
00008b28  checkB1RAMECC                       
00008d18  checkFlashECC                       
00008df4  custom_dabort                       
00008df8  stcSelfCheckFail                    
00008dfc  cpuSelfTestFail                     
00008e00  vimParityCheck                      
00008eac  dmaParityCheck                      
00008f58  het1ParityCheck                     
00009004  htu1ParityCheck                     
000090c0  het2ParityCheck                     
000091bc  htu2ParityCheck                     
0000926c  adc1ParityCheck                     
00009358  adc2ParityCheck                     
00009410  can1ParityCheck                     
000094e8  can2ParityCheck                     
000095b0  can3ParityCheck                     
00009684  mibspi1ParityCheck                  
0000978c  mibspi3ParityCheck                  
000098b0  mibspi5ParityCheck                  
000099d0  checkRAMECC                         
00009c18  checkClockMonitor                   
00009cf4  checkFlashEEPROMECC                 
00009e8c  checkPLL1Slip                       
00009f8c  checkPLL2Slip                       
0000a050  checkRAMAddrParity                  
0000a15c  checkRAMUERRTest                    
0000a2c4  fmcBus1ParityCheck                  
0000a3ec  pbistFail                           
0000a470  pbistGetConfigValue                 
0000a5bc  stcGetConfigValue                   
0000a660  efcGetConfigValue                   
0000a6fc  ccmr4GetConfigValue                 
0000a76c  errata_PBIST_4                      
0000aad0  enableParity                        
0000ab58  disableParity                       
0000acfc  setupPLL                            
0000ad5c  trimLPO                             
0000ada4  setupFlash                          
0000ade4  periphInit                          
0000ae38  mapClocks                           
0000af60  systemInit                          
0000b02c  systemPowerDown                     
0000b05c  systemGetConfigValue                
0000b470  tcmflashGetConfigValue              
0000b61c  sramGetConfigValue                  
0000b824  canInit                             
0000b970  canTransmit                         
0000ba6c  canGetData                          
0000bbc4  canGetID                            
0000bc2c  canUpdateID                         
0000bca4  canSendRemoteFrame                  
0000bd44  canFillMessageObjectData            
0000be40  canIsTxMessagePending               
0000be9c  canIsRxMessageArrived               
0000bef8  canIsMessageBoxValid                
0000bf54  canGetLastError                     
0000bf78  canGetErrorLevel                    
0000bf9c  canEnableErrorNotification          
0000bfbc  canEnableStatusChangeNotification   
0000bfdc  canDisableStatusChangeNotification  
0000bffc  canDisableErrorNotification         
0000c01c  canEnableloopback                   
0000c054  canDisableloopback                  
0000c084  canIoSetDirection                   
0000c0d4  canIoSetPort                        
0000c124  canIoTxGetBit                       
0000c140  canIoRxGetBit                       
0000c15c  can1GetConfigValue                  
0000c328  adcInit                             
0000c484  adcStartConversion                  
0000c508  adcStopConversion                   
0000c530  adcResetFiFo                        
0000c558  adcGetData                          
0000c720  adcIsFifoFull                       
0000c750  adcIsConversionComplete             
0000c780  adcCalibration                      
0000c958  adcMidPointCalibration              
0000caf4  adcEnableNotification               
0000cb44  adcDisableNotification              
0000cb6c  adcSetEVTPin                        
0000cb8c  adcGetEVTPin                        
0000cba4  adc1GetConfigValue                  
0000ce14  vimInit                             
0000cee8  vimChannelMap                       
0000cf8c  vimEnableInterrupt                  
0000d154  vimDisableInterrupt                 
0000d200  vimGetConfigValue                   
0000d86c  hetInit                             
0000d92c  pwmStart                            
0000d960  pwmStop                             
0000d994  pwmSetDuty                          
0000dad0  pwmSetSignal                        
0000dc4c  pwmGetSignal                        
0000dd2c  pwmEnableNotification               
0000dd74  pwmDisableNotification              
0000dda4  edgeResetCounter                    
0000ddd0  edgeGetCounter                      
0000ddfc  edgeEnableNotification              
0000de38  edgeDisableNotification             
0000de78  capGetSignal                        
0000df50  hetResetTimestamp                   
0000df6c  hetGetTimestamp                     
0000df84  het1GetConfigValue                  
0000e15c  muxInit                             
0000e5f8  pinmuxGetConfigValue                
0000ea90  pvTaskIncrementMutexHeldCount       
0000eac4  ulTaskNotifyTake                    
0000ec14  xTaskNotifyWait                     
0000ed98  xTaskNotify                         
0000ef44  xTaskNotifyFromISR                  
0000f118  vTaskNotifyGiveFromISR              
0000f280  sciInit                             
0000f36c  sciSetFunctional                    
0000f38c  sciSetBaudrate                      
0000f428  sciIsTxReady                        
0000f444  sciSendByte                         
0000f474  sciSend                             
0000f5a8  sciIsRxReady                        
0000f5c4  sciIsIdleDetected                   
0000f5e0  sciRxError                          
0000f610  sciReceiveByte                      
0000f63c  sciReceive                          
0000f714  sciEnableLoopback                   
0000f748  sciDisableLoopback                  
0000f76c  sciEnableNotification               
0000f7d4  sciDisableNotification              
0000f83c  sciEnterResetState                  
0000f85c  sciExitResetState                   
0000f87c  scilinGetConfigValue                
0000fa38  MPU_xTaskGenericCreate              
0000faac  MPU_vTaskAllocateMPURegions         
0000fae0  MPU_vTaskDelete                     
0000fb0c  MPU_vTaskDelayUntil                 
0000fb40  MPU_vTaskDelay                      
0000fb6c  MPU_uxTaskPriorityGet               
0000fba0  MPU_vTaskPrioritySet                
0000fbd4  MPU_vTaskSuspend                    
0000fc00  MPU_vTaskResume                     
0000fc2c  MPU_vTaskSuspendAll                 
0000fc50  MPU_xTaskResumeAll                  
0000fc7c  MPU_xTaskGetTickCount               
0000fca8  MPU_uxTaskGetNumberOfTasks          
0000fcd4  MPU_uxTaskGetStackHighWaterMark     
0000fd08  MPU_xTaskGetSchedulerState          
0000fd34  MPU_xQueueGenericCreate             
0000fd80  MPU_xQueueGenericSend               
0000fdd4  MPU_uxQueueMessagesWaiting          
0000fe08  MPU_xQueueGenericReceive            
0000fe5c  MPU_xQueueCreateMutex               
0000fe90  MPU_xQueueCreateCountingSemaphore   
0000fed4  MPU_xQueueTakeMutexRecursive        
0000ff18  MPU_xQueueGiveMutexRecursive        
0000ff4c  MPU_vQueueDelete                    
0000ff78  MPU_xQueueGenericReset              
0000ffbc  MPU_xQueuePeekFromISR               
00010000  MPU_pvPortMalloc                    
00010034  MPU_vPortFree                       
00010060  MPU_vPortInitialiseBlocks           
00010084  MPU_xPortGetFreeHeapSize            
000100b0  main                                
00010524  canMessageNotification              
000106b0  esmInit                             
000107b8  esmError                            
000107d4  esmEnableError                      
00010800  esmDisableError                     
0001082c  esmTriggerErrorPinReset             
0001083c  esmActivateNormalOperation          
0001084c  esmEnableInterrupt                  
00010878  esmDisableInterrupt                 
000108a4  esmSetInterruptLevel                
00010920  esmClearStatus                      
00010964  esmClearStatusBuffer                
00010980  esmSetCounterPreloadValue           
000109a0  esmGetStatus                        
00010a24  esmGetStatusBuffer                  
00010a5c  esmEnterSelfTest                    
00010ae4  esmSelfTestStatus                   
00010b34  esmGetConfigValue                   
00010c88  gioInit                             
00010d58  gioSetDirection                     
00010d78  gioSetBit                           
00010dc8  gioSetPort                          
00010de8  gioGetBit                           
00010e10  gioGetPort                          
00010e28  gioToggleBit                        
00010e80  gioEnableNotification               
00010ee8  gioDisableNotification              
00010f50  gioGetConfigValue                   
0001110c  _coreInitRegisters_                 
00011218  _coreInitStackPointer_              
00011264  _getCPSRValue_                      
0001126c  _gotoCPUIdle_                       
00011284  _coreEnableVfp_                     
0001129c  _coreEnableEventBusExport_          
000112ac  _coreDisableEventBusExport_         
000112bc  _coreEnableRamEcc_                  
000112cc  _coreDisableRamEcc_                 
000112dc  _coreEnableFlashEcc_                
000112f0  _coreDisableFlashEcc_               
00011300  _coreEnableIrqVicOffset_            
00011310  _coreGetDataFault_                  
00011318  _coreClearDataFault_                
00011324  _coreGetInstructionFault_           
0001132c  _coreClearInstructionFault_         
00011338  _coreGetDataFaultAddress_           
00011340  _coreClearDataFaultAddress_         
0001134c  _coreGetInstructionFaultAddress_    
00011354  _coreClearInstructionFaultAddress_  
00011360  _coreGetAuxiliaryDataFault_         
00011368  _coreClearAuxiliaryDataFault_       
00011374  _coreGetAuxiliaryInstructionFault_  
0001137c  _coreClearAuxiliaryInstructionFault_
00011388  _disable_interrupt_                 
00011390  _disable_FIQ_interrupt_             
00011398  _disable_IRQ_interrupt_             
000113a0  _enable_interrupt_                  
000113a8  _esmCcmErrorsClear_                 
00011430  _errata_CORTEXR4_57_                
00011440  _errata_CORTEXR4_66_                
00011450  __TI_PINIT_Base                     
00011454  __TI_PINIT_Limit                    
00011458  vimParityErrorHandler               
000119a8  _c_int00                            
00011c24  vListInitialise                     
00011c7c  vListInitialiseItem                 
00011c98  vListInsertEnd                      
00011d0c  vListInsert                         
00011dd0  uxListRemove                        
00011e5c  initLinAnalogInputs                 
00011e8c  setScaling                          
00011edc  computeAnalogInput                  
00011f40  fxReadAnalogInputs                  
0001221c  can1HighLevelInterrupt              
00012304  can1LowLevelInterrupt               
000123b8  descale                             
00012410  descaledF32ToU8                     
0001246c  descaledF32ToU16                    
000124f8  esmGroup1Notification               
00012508  esmGroup2Notification               
00012518  memoryPort0TestFailNotification     
00012534  memoryPort1TestFailNotification     
00012550  adcNotification                     
00012564  canErrorNotification                
00012578  canStatusChangeNotification         
000125a0  gioNotification                     
000125b4  sciNotification                     
000125c8  pwmNotification                     
000125e0  edgeNotification                    
000125f4  hetNotification                     
00012608  dmaGroupANotification               
0001261c  esmHighInterrupt                    
00012730  _dabort                             
00012819  floor                               
00012819  floorl                              
000128f8  _pmuInit_                           
00012944  _pmuEnableCountersGlobal_           
00012954  _pmuDisableCountersGlobal_          
00012964  _pmuResetCycleCounter_              
00012974  _pmuResetEventCounters_             
00012984  _pmuResetCounters_                  
00012994  _pmuStartCounters_                  
0001299c  _pmuStopCounters_                   
000129a4  _pmuSetCountEvent_                  
000129b0  _pmuGetCycleCount_                  
000129b8  _pmuGetEventCount_                  
000129c4  _pmuGetOverflow_                    
000129d9  __aeabi_memcpy                      
000129d9  __aeabi_memcpy4                     
000129d9  __aeabi_memcpy8                     
000129d9  memcpy                              
00012a75  __aeabi_memclr                      
00012a75  __aeabi_memclr4                     
00012a75  __aeabi_memclr8                     
00012a77  __aeabi_memset                      
00012a77  __aeabi_memset4                     
00012a77  __aeabi_memset8                     
00012a7d  memset                              
00012aef  __aeabi_idiv0                       
00012af1  __TI_auto_init                      
00012b61  __TI_decompress_lzss                
00012bcc  __aeabi_idiv                        
00012bcc  __aeabi_idivmod                     
00012c21  C$$EXIT                             
00012c25  abort                               
00012c2d  exit                                
00012c70  __aeabi_uidiv                       
00012c70  __aeabi_uidivmod                    
00012cc1  copy_in                             
00012d0d  _register_unlock                    
00012d13  _register_lock                      
00012d1b  _nop                                
00012d21  __TI_decompress_none                
00012d2f  __TI_zero_init                      
00012d3b  _system_post_cinit                  
00012d3c  phantomInterrupt                    
080008d0  pxCurrentTCB                        
08000938  ulCriticalNesting                   
0800093c  ulTaskHasFPUContext                 
08003028  inputThrottle                       
08003048  analogInputsQueue                   
0800304c  binary_sem                          
08003050  xTask1Handle                        
08003054  xTask2Handle                        
08003058  F32ToU16                            
0800305a  adc_max_delay_iterations            
0800306c  __TI_cleanup_ptr                    
08003070  __TI_dtors_ptr                      
08003074  __TI_enable_exit_profile_output     
08003078  tx_done                             
0800307c  rx_ptr                              
08003080  cnt                                 
08003084  _lock                               
08003088  _unlock                             
0800308c  adc_data                            
08003094  rx_data                             
ffffffff  __TI_pprof_out_hndl                 
ffffffff  __TI_prof_data_size                 
ffffffff  __TI_prof_data_start                
ffffffff  __binit__                           
ffffffff  __c_args__                          
ffffffff  binit                               
UNDEFED   SHT$$INIT_ARRAY$$Base               
UNDEFED   SHT$$INIT_ARRAY$$Limit              

[424 symbols]
